Archive member included because of file (symbol)

t:/siliconlabs/simplicitystudio/v4/developer/toolchains/gnu_arm/4.9_2015q3/bin/../lib/gcc/arm-none-eabi/4.9.3/armv7-m\libgcc.a(_arm_addsubdf3.o)
                              ./Drivers/BMP280.o (__aeabi_dsub)
t:/siliconlabs/simplicitystudio/v4/developer/toolchains/gnu_arm/4.9_2015q3/bin/../lib/gcc/arm-none-eabi/4.9.3/armv7-m\libgcc.a(_arm_muldivdf3.o)
                              ./Drivers/BMP280.o (__aeabi_dmul)
t:/siliconlabs/simplicitystudio/v4/developer/toolchains/gnu_arm/4.9_2015q3/bin/../lib/gcc/arm-none-eabi/4.9.3/armv7-m\libgcc.a(_arm_cmpdf2.o)
                              ./Drivers/BMP280.o (__aeabi_dcmpeq)
t:/siliconlabs/simplicitystudio/v4/developer/toolchains/gnu_arm/4.9_2015q3/bin/../lib/gcc/arm-none-eabi/4.9.3/armv7-m\libgcc.a(_arm_unorddf2.o)
                              ./Drivers/BMP280.o (__aeabi_dcmpun)
t:/siliconlabs/simplicitystudio/v4/developer/toolchains/gnu_arm/4.9_2015q3/bin/../lib/gcc/arm-none-eabi/4.9.3/armv7-m\libgcc.a(_arm_fixdfsi.o)
                              ./Drivers/BMP280.o (__aeabi_d2iz)
t:/siliconlabs/simplicitystudio/v4/developer/toolchains/gnu_arm/4.9_2015q3/bin/../lib/gcc/arm-none-eabi/4.9.3/armv7-m\libgcc.a(_aeabi_ldivmod.o)
                              ./Drivers/BMP280.o (__aeabi_ldivmod)
t:/siliconlabs/simplicitystudio/v4/developer/toolchains/gnu_arm/4.9_2015q3/bin/../lib/gcc/arm-none-eabi/4.9.3/armv7-m\libgcc.a(_aeabi_uldivmod.o)
                              ./emlib/em_usart.o (__aeabi_uldivmod)
t:/siliconlabs/simplicitystudio/v4/developer/toolchains/gnu_arm/4.9_2015q3/bin/../lib/gcc/arm-none-eabi/4.9.3/armv7-m\libgcc.a(bpabi.o)
                              t:/siliconlabs/simplicitystudio/v4/developer/toolchains/gnu_arm/4.9_2015q3/bin/../lib/gcc/arm-none-eabi/4.9.3/armv7-m\libgcc.a(_aeabi_ldivmod.o) (__gnu_ldivmod_helper)
t:/siliconlabs/simplicitystudio/v4/developer/toolchains/gnu_arm/4.9_2015q3/bin/../lib/gcc/arm-none-eabi/4.9.3/armv7-m\libgcc.a(unwind-arm.o)
                              ./Drivers/BMP280.o (__aeabi_unwind_cpp_pr0)
t:/siliconlabs/simplicitystudio/v4/developer/toolchains/gnu_arm/4.9_2015q3/bin/../lib/gcc/arm-none-eabi/4.9.3/armv7-m\libgcc.a(libunwind.o)
                              t:/siliconlabs/simplicitystudio/v4/developer/toolchains/gnu_arm/4.9_2015q3/bin/../lib/gcc/arm-none-eabi/4.9.3/armv7-m\libgcc.a(unwind-arm.o) (restore_core_regs)
t:/siliconlabs/simplicitystudio/v4/developer/toolchains/gnu_arm/4.9_2015q3/bin/../lib/gcc/arm-none-eabi/4.9.3/armv7-m\libgcc.a(pr-support.o)
                              t:/siliconlabs/simplicitystudio/v4/developer/toolchains/gnu_arm/4.9_2015q3/bin/../lib/gcc/arm-none-eabi/4.9.3/armv7-m\libgcc.a(unwind-arm.o) (__gnu_unwind_execute)
t:/siliconlabs/simplicitystudio/v4/developer/toolchains/gnu_arm/4.9_2015q3/bin/../lib/gcc/arm-none-eabi/4.9.3/armv7-m\libgcc.a(_dvmd_tls.o)
                              t:/siliconlabs/simplicitystudio/v4/developer/toolchains/gnu_arm/4.9_2015q3/bin/../lib/gcc/arm-none-eabi/4.9.3/armv7-m\libgcc.a(_aeabi_ldivmod.o) (__aeabi_ldiv0)
t:/siliconlabs/simplicitystudio/v4/developer/toolchains/gnu_arm/4.9_2015q3/bin/../lib/gcc/arm-none-eabi/4.9.3/armv7-m\libgcc.a(_divdi3.o)
                              t:/siliconlabs/simplicitystudio/v4/developer/toolchains/gnu_arm/4.9_2015q3/bin/../lib/gcc/arm-none-eabi/4.9.3/armv7-m\libgcc.a(bpabi.o) (__divdi3)
t:/siliconlabs/simplicitystudio/v4/developer/toolchains/gnu_arm/4.9_2015q3/bin/../lib/gcc/arm-none-eabi/4.9.3/armv7-m\libgcc.a(_udivdi3.o)
                              t:/siliconlabs/simplicitystudio/v4/developer/toolchains/gnu_arm/4.9_2015q3/bin/../lib/gcc/arm-none-eabi/4.9.3/armv7-m\libgcc.a(bpabi.o) (__udivdi3)
t:/siliconlabs/simplicitystudio/v4/developer/toolchains/gnu_arm/4.9_2015q3/bin/../lib/gcc/arm-none-eabi/4.9.3/../../../../arm-none-eabi/lib/armv7-m\libstdc++_nano.a(atexit_arm.o)
                              ./RF24/utilities.o (__aeabi_atexit)
t:/siliconlabs/simplicitystudio/v4/developer/toolchains/gnu_arm/4.9_2015q3/bin/../lib/gcc/arm-none-eabi/4.9.3/../../../../arm-none-eabi/lib/armv7-m\libstdc++_nano.a(del_op.o)
                              ./RF24/HardwareSPI.o (operator delete(void*))
t:/siliconlabs/simplicitystudio/v4/developer/toolchains/gnu_arm/4.9_2015q3/bin/../lib/gcc/arm-none-eabi/4.9.3/../../../../arm-none-eabi/lib/armv7-m\libstdc++_nano.a(class_type_info.o)
                              ./RF24/HardwareSPI.o (vtable for __cxxabiv1::__class_type_info)
t:/siliconlabs/simplicitystudio/v4/developer/toolchains/gnu_arm/4.9_2015q3/bin/../lib/gcc/arm-none-eabi/4.9.3/../../../../arm-none-eabi/lib/armv7-m\libstdc++_nano.a(si_class_type_info.o)
                              t:/siliconlabs/simplicitystudio/v4/developer/toolchains/gnu_arm/4.9_2015q3/bin/../lib/gcc/arm-none-eabi/4.9.3/../../../../arm-none-eabi/lib/armv7-m\libstdc++_nano.a(class_type_info.o) (vtable for __cxxabiv1::__si_class_type_info)
[...]
Memory Configuration

Name             Origin             Length             Attributes
FLASH            0x00000800         0x00007800         xr
RAM              0x20000000         0x00001000         xrw
*default*        0x00000000         0xffffffff

Linker script and memory map

LOAD t:/siliconlabs/simplicitystudio/v4/developer/toolchains/gnu_arm/4.9_2015q3/bin/../lib/gcc/arm-none-eabi/4.9.3/armv7-m/crti.o
LOAD t:/siliconlabs/simplicitystudio/v4/developer/toolchains/gnu_arm/4.9_2015q3/bin/../lib/gcc/arm-none-eabi/4.9.3/armv7-m/crtbegin.o
LOAD t:/siliconlabs/simplicitystudio/v4/developer/toolchains/gnu_arm/4.9_2015q3/bin/../lib/gcc/arm-none-eabi/4.9.3/../../../../arm-none-eabi/lib/armv7-m/crt0.o
LOAD ./emlib/em_gpio.o
LOAD ./emlib/em_system.o
LOAD ./CMSIS/EFM32TG/startup_efm32tg.o
LOAD ./CMSIS/EFM32TG/system_efm32tg.o
LOAD ./emlib/em_cmu.o
LOAD ./emlib/em_core.o
LOAD ./emlib/em_dbg.o
LOAD ./emlib/em_dma.o
LOAD ./emlib/em_emu.o
LOAD ./emlib/em_i2c.o
LOAD ./emlib/em_int.o
LOAD ./emlib/em_leuart.o
LOAD ./emlib/em_rmu.o
LOAD ./emlib/em_rtc.o
LOAD ./emlib/em_timer.o
LOAD ./emlib/em_usart.o
LOAD ./Drivers/BMP280.o
LOAD ./Drivers/i2cspm.o
LOAD ./Drivers/rtcdriver.o
LOAD ./Drivers/si7013.o
LOAD ./Drivers/sleep.o
LOAD ./RF24/HardwareSPI.o
LOAD ./RF24/RF24.o
LOAD ./RF24/ustimer.o
LOAD ./RF24/utilities.o
LOAD ./src/minimalist_main.o
START GROUP
LOAD t:/siliconlabs/simplicitystudio/v4/developer/toolchains/gnu_arm/4.9_2015q3/bin/../lib/gcc/arm-none-eabi/4.9.3/armv7-m\libgcc.a
LOAD t:/siliconlabs/simplicitystudio/v4/developer/toolchains/gnu_arm/4.9_2015q3/bin/../lib/gcc/arm-none-eabi/4.9.3/../../../../arm-none-eabi/lib/armv7-m\libnosys.a
END GROUP
LOAD t:/siliconlabs/simplicitystudio/v4/developer/toolchains/gnu_arm/4.9_2015q3/bin/../lib/gcc/arm-none-eabi/4.9.3/../../../../arm-none-eabi/lib/armv7-m\libstdc++_nano.a
LOAD t:/siliconlabs/simplicitystudio/v4/developer/toolchains/gnu_arm/4.9_2015q3/bin/../lib/gcc/arm-none-eabi/4.9.3/../../../../arm-none-eabi/lib/armv7-m\libm.a
LOAD t:/siliconlabs/simplicitystudio/v4/developer/toolchains/gnu_arm/4.9_2015q3/bin/../lib/gcc/arm-none-eabi/4.9.3/../../../../arm-none-eabi/lib/armv7-m\libc_nano.a
START GROUP
LOAD t:/siliconlabs/simplicitystudio/v4/developer/toolchains/gnu_arm/4.9_2015q3/bin/../lib/gcc/arm-none-eabi/4.9.3/armv7-m\libgcc.a
LOAD t:/siliconlabs/simplicitystudio/v4/developer/toolchains/gnu_arm/4.9_2015q3/bin/../lib/gcc/arm-none-eabi/4.9.3/../../../../arm-none-eabi/lib/armv7-m\libg_nano.a
LOAD t:/siliconlabs/simplicitystudio/v4/developer/toolchains/gnu_arm/4.9_2015q3/bin/../lib/gcc/arm-none-eabi/4.9.3/../../../../arm-none-eabi/lib/armv7-m\libc_nano.a
END GROUP
START GROUP
LOAD t:/siliconlabs/simplicitystudio/v4/developer/toolchains/gnu_arm/4.9_2015q3/bin/../lib/gcc/arm-none-eabi/4.9.3/armv7-m\libgcc.a
LOAD t:/siliconlabs/simplicitystudio/v4/developer/toolchains/gnu_arm/4.9_2015q3/bin/../lib/gcc/arm-none-eabi/4.9.3/../../../../arm-none-eabi/lib/armv7-m\libc_nano.a
LOAD t:/siliconlabs/simplicitystudio/v4/developer/toolchains/gnu_arm/4.9_2015q3/bin/../lib/gcc/arm-none-eabi/4.9.3/../../../../arm-none-eabi/lib/armv7-m\libnosys.a
END GROUP
START GROUP
LOAD t:/siliconlabs/simplicitystudio/v4/developer/toolchains/gnu_arm/4.9_2015q3/bin/../lib/gcc/arm-none-eabi/4.9.3/armv7-m\libgcc.a
LOAD t:/siliconlabs/simplicitystudio/v4/developer/toolchains/gnu_arm/4.9_2015q3/bin/../lib/gcc/arm-none-eabi/4.9.3/../../../../arm-none-eabi/lib/armv7-m\libc_nano.a
LOAD t:/siliconlabs/simplicitystudio/v4/developer/toolchains/gnu_arm/4.9_2015q3/bin/../lib/gcc/arm-none-eabi/4.9.3/../../../../arm-none-eabi/lib/armv7-m\libnosys.a
END GROUP
LOAD t:/siliconlabs/simplicitystudio/v4/developer/toolchains/gnu_arm/4.9_2015q3/bin/../lib/gcc/arm-none-eabi/4.9.3/armv7-m/crtend.o
LOAD t:/siliconlabs/simplicitystudio/v4/developer/toolchains/gnu_arm/4.9_2015q3/bin/../lib/gcc/arm-none-eabi/4.9.3/armv7-m/crtn.o

.text           0x00000800     0x6220
 *(.vectors)
 .vectors       0x00000800       0x9c ./CMSIS/EFM32TG/startup_efm32tg.o
                0x00000800                __Vectors
                0x0000089c                __Vectors_End = .
                0x0000009c                __Vectors_Size = (__Vectors_End - __Vectors)
                0x0000089c                __end__ = .
 *(.text*)
 .text          0x0000089c       0x5c t:/siliconlabs/simplicitystudio/v4/developer/toolchains/gnu_arm/4.9_2015q3/bin/../lib/gcc/arm-none-eabi/4.9.3/armv7-m/crtbegin.o
 .text          0x000008f8       0x74 t:/siliconlabs/simplicitystudio/v4/developer/toolchains/gnu_arm/4.9_2015q3/bin/../lib/gcc/arm-none-eabi/4.9.3/../../../../arm-none-eabi/lib/armv7-m/crt0.o
                0x000008f8                _start
                0x000008f8                _mainCRTStartup
 .text.GPIO_PinOutClear
                0x0000096c       0x58 ./emlib/em_gpio.o
 .text.GPIO_PinOutSet
                0x000009c4       0x58 ./emlib/em_gpio.o
 .text.GPIO_PinModeSet
                0x00000a1c      0x10c ./emlib/em_gpio.o
                0x00000a1c                GPIO_PinModeSet
 .text          0x00000b28       0x30 ./CMSIS/EFM32TG/startup_efm32tg.o
                0x00000b28                Reset_Handler
                0x00000b54                USART0_TX_IRQHandler
                0x00000b54                I2C0_IRQHandler
                0x00000b54                HardFault_Handler
                0x00000b54                USART1_RX_IRQHandler
                0x00000b54                PendSV_Handler
                0x00000b54                NMI_Handler
                0x00000b54                USART1_TX_IRQHandler
                0x00000b54                MSC_IRQHandler
                0x00000b54                ADC0_IRQHandler
                0x00000b54                UsageFault_Handler
                0x00000b54                LEUART0_IRQHandler
                0x00000b54                GPIO_EVEN_IRQHandler
                0x00000b54                DebugMon_Handler
                0x00000b54                LCD_IRQHandler
                0x00000b54                LETIMER0_IRQHandler
                0x00000b54                TIMER1_IRQHandler
                0x00000b54                Default_Handler
                0x00000b54                PCNT0_IRQHandler
                0x00000b54                ACMP0_IRQHandler
                0x00000b54                USART0_RX_IRQHandler
                0x00000b54                MemManage_Handler
                0x00000b54                SVC_Handler
                0x00000b54                DAC0_IRQHandler
                0x00000b54                CMU_IRQHandler
                0x00000b54                LESENSE_IRQHandler
                0x00000b54                GPIO_ODD_IRQHandler
                0x00000b54                AES_IRQHandler
                0x00000b54                VCMP_IRQHandler
                0x00000b54                BusFault_Handler
 .text.GetProdRev
                0x00000b58       0x1c ./CMSIS/EFM32TG/system_efm32tg.o
 .text.SystemCoreClockGet
                0x00000b74       0x34 ./CMSIS/EFM32TG/system_efm32tg.o
                0x00000b74                SystemCoreClockGet
 .text.SystemMaxCoreClockGet
                0x00000ba8       0x14 ./CMSIS/EFM32TG/system_efm32tg.o
                0x00000ba8                SystemMaxCoreClockGet
 .text.SystemHFClockGet
                0x00000bbc       0xf0 ./CMSIS/EFM32TG/system_efm32tg.o
                0x00000bbc                SystemHFClockGet
 .text.SystemInit
                0x00000cac        0xc ./CMSIS/EFM32TG/system_efm32tg.o
                0x00000cac                SystemInit
 .text.SystemLFRCOClockGet
                0x00000cb8       0x14 ./CMSIS/EFM32TG/system_efm32tg.o
                0x00000cb8                SystemLFRCOClockGet
 .text.SystemULFRCOClockGet
                0x00000ccc       0x14 ./CMSIS/EFM32TG/system_efm32tg.o
                0x00000ccc                SystemULFRCOClockGet
 .text.SystemLFXOClockGet
                0x00000ce0       0x18 ./CMSIS/EFM32TG/system_efm32tg.o
                0x00000ce0                SystemLFXOClockGet
 .text.BUS_RegBitWrite
                0x00000cf8       0x2c ./emlib/em_cmu.o
 .text.BUS_RegBitRead
                0x00000d24       0x2c ./emlib/em_cmu.o
 .text.CMU_DivToLog2
                0x00000d50       0x34 ./emlib/em_cmu.o
 .text.SYSTEM_GetProdRev
                0x00000d84       0x1c ./emlib/em_cmu.o
 .text.auxClkGet
                0x00000da0       0xb0 ./emlib/em_cmu.o
 .text.dbgClkGet
                0x00000e50       0x40 ./emlib/em_cmu.o
 .text.flashWaitStateControl
                0x00000e90       0x9c ./emlib/em_cmu.o
 .text.flashWaitStateMax
                0x00000f2c       0x14 ./emlib/em_cmu.o
 .text.lfClkGet
                0x00000f40       0xe0 ./emlib/em_cmu.o
 .text.syncReg  0x00001020       0x34 ./emlib/em_cmu.o
 .text.CMU_ClockDivSet
                0x00001054      0x15c ./emlib/em_cmu.o
                0x00001054                CMU_ClockDivSet
 .text.CMU_ClockEnable
                0x000011b0       0xbc ./emlib/em_cmu.o
                0x000011b0                CMU_ClockEnable
 .text.CMU_ClockFreqGet
                0x0000126c      0x13c ./emlib/em_cmu.o
                0x0000126c                CMU_ClockFreqGet
 .text.CMU_ClockSelectGet
                0x000013a8      0x124 ./emlib/em_cmu.o
                0x000013a8                CMU_ClockSelectGet
 .text.CMU_ClockSelectSet
                0x000014cc      0x1c0 ./emlib/em_cmu.o
                0x000014cc                CMU_ClockSelectSet
 .text.CMU_OscillatorEnable
                0x0000168c       0xc0 ./emlib/em_cmu.o
                0x0000168c                CMU_OscillatorEnable
 .text.CORE_EnterAtomic
                0x0000174c       0x20 ./emlib/em_core.o
                0x0000174c                CORE_EnterAtomic
 .text.CORE_ExitAtomic
                0x0000176c       0x1c ./emlib/em_core.o
                0x0000176c                CORE_ExitAtomic
 .text.DMA_IRQHandler
                0x00001788       0xd8 ./emlib/em_dma.o
                0x00001788                DMA_IRQHandler
 .text.SystemCoreClockUpdate
                0x00001860        0xc ./emlib/em_emu.o
 .text.EMU_Unlock
                0x0000186c       0x18 ./emlib/em_emu.o
 .text.CMU_Lock
                0x00001884       0x18 ./emlib/em_emu.o
 .text.CMU_Unlock
                0x0000189c       0x1c ./emlib/em_emu.o
 .text.emuRestore
                0x000018b8       0xf0 ./emlib/em_emu.o
 .text.getErrataFixEmuE107En
                0x000019a8       0x58 ./emlib/em_emu.o
 .text.EMU_EnterEM2
                0x00001a00       0x84 ./emlib/em_emu.o
                0x00001a00                EMU_EnterEM2
 .text.EMU_EnterEM3
                0x00001a84       0xa4 ./emlib/em_emu.o
                0x00001a84                EMU_EnterEM3
 .text.EMU_EnterEM4
                0x00001b28       0x50 ./emlib/em_emu.o
                0x00001b28                EMU_EnterEM4
 .text.EMU_UpdateOscConfig
                0x00001b78       0x1c ./emlib/em_emu.o
                0x00001b78                EMU_UpdateOscConfig
 .text.BUS_RegBitWrite
                0x00001b94       0x2c ./emlib/em_i2c.o
 .text.BUS_RegMaskedWrite
                0x00001bc0       0x28 ./emlib/em_i2c.o
 .text.I2C_BusFreqSet
                0x00001be8       0xfc ./emlib/em_i2c.o
                0x00001be8                I2C_BusFreqSet
 .text.I2C_Init
                0x00001ce4       0x5c ./emlib/em_i2c.o
                0x00001ce4                I2C_Init
 .text.I2C_Transfer
                0x00001d40      0x420 ./emlib/em_i2c.o
                0x00001d40                I2C_Transfer
 .text.I2C_TransferInit
                0x00002160       0xc0 ./emlib/em_i2c.o
                0x00002160                I2C_TransferInit
 .text.BUS_RegBitWrite
                0x00002220       0x2c ./emlib/em_rmu.o
 .text.EMU_Lock
                0x0000224c       0x18 ./emlib/em_rmu.o
 .text.EMU_Unlock
                0x00002264       0x18 ./emlib/em_rmu.o
 .text.RMU_ResetCauseClear
                0x0000227c       0x50 ./emlib/em_rmu.o
                0x0000227c                RMU_ResetCauseClear
 .text.RMU_ResetCauseGet
                0x000022cc       0x6c ./emlib/em_rmu.o
                0x000022cc                RMU_ResetCauseGet
 .text.BUS_RegBitWrite
                0x00002338       0x2c ./emlib/em_rtc.o
 .text.RTC_CompareGet
                0x00002364       0x3c ./emlib/em_rtc.o
                0x00002364                RTC_CompareGet
 .text.RTC_CompareSet
                0x000023a0       0x4c ./emlib/em_rtc.o
                0x000023a0                RTC_CompareSet
 .text.RTC_Enable
                0x000023ec       0x20 ./emlib/em_rtc.o
                0x000023ec                RTC_Enable
 .text.RTC_Init
                0x0000240c       0x50 ./emlib/em_rtc.o
                0x0000240c                RTC_Init
 .text.RTC_CounterReset
                0x0000245c       0x14 ./emlib/em_rtc.o
                0x0000245c                RTC_CounterReset
 .text.TIMER_Init
                0x00002470       0xf4 ./emlib/em_timer.o
                0x00002470                TIMER_Init
 .text.TIMER_InitCC
                0x00002564       0xb4 ./emlib/em_timer.o
                0x00002564                TIMER_InitCC
 .text.BUS_RegMaskedWrite
                0x00002618       0x28 ./emlib/em_usart.o
 .text.USART_BaudrateSyncSet
                0x00002640       0x74 ./emlib/em_usart.o
                0x00002640                USART_BaudrateSyncSet
 .text.USART_InitSync
                0x000026b4       0xa8 ./emlib/em_usart.o
                0x000026b4                USART_InitSync
 .text.USART_Reset
                0x0000275c       0x70 ./emlib/em_usart.o
                0x0000275c                USART_Reset
 .text.USART_SpiTransfer
                0x000027cc       0x40 ./emlib/em_usart.o
                0x000027cc                USART_SpiTransfer
 .text._Z35bmp280_compensate_temperature_int32l
                0x0000280c       0x38 ./Drivers/BMP280.o
                0x0000280c                bmp280_compensate_temperature_int32(long)
 .text._Z32bmp280_compensate_pressure_int32l
                0x00002844       0xa8 ./Drivers/BMP280.o
                0x00002844                bmp280_compensate_pressure_int32(long)
 .text._Z39bmp280_read_uncomp_pressure_temperaturePlS_
                0x000028ec       0x60 ./Drivers/BMP280.o
                0x000028ec                bmp280_read_uncomp_pressure_temperature(long*, long*)
 .text._Z32bmp280_read_pressure_temperaturePmPl
                0x0000294c       0x3c ./Drivers/BMP280.o
                0x0000294c                bmp280_read_pressure_temperature(unsigned long*, long*)
 .text._Z22bmp280_get_calib_paramv
                0x00002988       0xdc ./Drivers/BMP280.o
                0x00002988                bmp280_get_calib_param()
 .text._Z11bmp280_initP8bmp280_t
                0x00002a64       0x58 ./Drivers/BMP280.o
                0x00002a64                bmp280_init(bmp280_t*)
 .text._Z31bmp280_set_oversamp_temperatureh
                0x00002abc       0x54 ./Drivers/BMP280.o
                0x00002abc                bmp280_set_oversamp_temperature(unsigned char)
 .text._Z21bmp280_set_power_modeh
                0x00002b10       0x40 ./Drivers/BMP280.o
                0x00002b10                bmp280_set_power_mode(unsigned char)
 .text._Z17bmp280_set_filterh
                0x00002b50       0x54 ./Drivers/BMP280.o
                0x00002b50                bmp280_set_filter(unsigned char)
 .text._Z20bmp280_set_work_modeh
                0x00002ba4       0xa8 ./Drivers/BMP280.o
                0x00002ba4                bmp280_set_work_mode(unsigned char)
 .text.GPIO_PinOutClear
                0x00002c4c       0x58 ./Drivers/i2cspm.o
 .text.GPIO_PinOutSet
                0x00002ca4       0x58 ./Drivers/i2cspm.o
 .text.I2CSPM_Init
                0x00002cfc       0xcc ./Drivers/i2cspm.o
                0x00002cfc                I2CSPM_Init
 .text.I2CSPM_Transfer
                0x00002dc8       0x48 ./Drivers/i2cspm.o
                0x00002dc8                I2CSPM_Transfer
 .text.NVIC_EnableIRQ
                0x00002e10       0x30 ./Drivers/rtcdriver.o
 .text.NVIC_ClearPendingIRQ
                0x00002e40       0x34 ./Drivers/rtcdriver.o
 .text.RTC_CounterGet
                0x00002e74       0x18 ./Drivers/rtcdriver.o
 .text.RTC_IntClear
                0x00002e8c       0x1c ./Drivers/rtcdriver.o
 .text.RTC_IntDisable
                0x00002ea8       0x24 ./Drivers/rtcdriver.o
 .text.RTC_IntEnable
                0x00002ecc       0x24 ./Drivers/rtcdriver.o
 .text.RTC_IntGetEnabled
                0x00002ef0       0x24 ./Drivers/rtcdriver.o
 .text.RTCDRV_AllocateTimer
                0x00002f14       0x8c ./Drivers/rtcdriver.o
                0x00002f14                RTCDRV_AllocateTimer
 .text.RTCDRV_Init
                0x00002fa0       0xa0 ./Drivers/rtcdriver.o
                0x00002fa0                RTCDRV_Init
 .text.RTCDRV_StartTimer
                0x00003040      0x350 ./Drivers/rtcdriver.o
                0x00003040                RTCDRV_StartTimer
 .text.RTC_IRQHandler
                0x00003390       0xb4 ./Drivers/rtcdriver.o
                0x00003390                RTC_IRQHandler
 .text.checkAllTimers
                0x00003444      0x2a8 ./Drivers/rtcdriver.o
 .text.executeTimerCallbacks
                0x000036ec       0x64 ./Drivers/rtcdriver.o
 .text.rescheduleRtc
                0x00003750      0x10c ./Drivers/rtcdriver.o
 .text.Si7013_Measure
                0x0000385c       0x78 ./Drivers/si7013.o
 .text.Si7013_MeasureRHAndTemp
                0x000038d4       0x84 ./Drivers/si7013.o
                0x000038d4                Si7013_MeasureRHAndTemp
 .text.Si7013_Detect
                0x00003958       0x68 ./Drivers/si7013.o
                0x00003958                Si7013_Detect
 .text.BUS_RegBitWrite
                0x000039c0       0x2c ./Drivers/sleep.o
 .text.EMU_EnterEM1
                0x000039ec       0x20 ./Drivers/sleep.o
 .text.EMU_EM2Block
                0x00003a0c       0x14 ./Drivers/sleep.o
 .text.SLEEP_Init
                0x00003a20       0x58 ./Drivers/sleep.o
                0x00003a20                SLEEP_Init
 .text.SLEEP_Sleep
                0x00003a78       0x40 ./Drivers/sleep.o
                0x00003a78                SLEEP_Sleep
 .text.SLEEP_SleepBlockBegin
                0x00003ab8       0x48 ./Drivers/sleep.o
                0x00003ab8                SLEEP_SleepBlockBegin
 .text.SLEEP_LowestEnergyModeGet
                0x00003b00       0x40 ./Drivers/sleep.o
                0x00003b00                SLEEP_LowestEnergyModeGet
 .text.enterEMx
                0x00003b40       0x88 ./Drivers/sleep.o
 .text._ZN11HardwareSPID2Ev
                0x00003bc8        0x2 ./RF24/HardwareSPI.o
                0x00003bc8                HardwareSPI::~HardwareSPI()
                0x00003bc8                HardwareSPI::~HardwareSPI()
 .text._ZN11HardwareSPID0Ev
                0x00003bca        0xc ./RF24/HardwareSPI.o
                0x00003bca                HardwareSPI::~HardwareSPI()
 *fill*         0x00003bd6        0x2 
 .text._ZN11HardwareSPIC2Ev
                0x00003bd8       0x9c ./RF24/HardwareSPI.o
                0x00003bd8                HardwareSPI::HardwareSPI()
                0x00003bd8                HardwareSPI::HardwareSPI()
 .text._ZN11HardwareSPI8transferEh
                0x00003c74        0xc ./RF24/HardwareSPI.o
                0x00003c74                HardwareSPI::transfer(unsigned char)
 .text._ZN4RF243csnEb.part.0
                0x00003c80       0x18 ./RF24/RF24.o
 .text._ZN4RF2416beginTransactionEv
                0x00003c98       0x18 ./RF24/RF24.o
                0x00003c98                RF24::beginTransaction()
 .text._ZN4RF2413read_registerEhPhh
                0x00003cb0       0x3c ./RF24/RF24.o
                0x00003cb0                RF24::read_register(unsigned char, unsigned char*, unsigned char)
 .text._ZN4RF2413read_registerEh
                0x00003cec       0x30 ./RF24/RF24.o
                0x00003cec                RF24::read_register(unsigned char)
 .text._ZN4RF2414write_registerEhPKhh
                0x00003d1c       0x40 ./RF24/RF24.o
                0x00003d1c                RF24::write_register(unsigned char, unsigned char const*, unsigned char)
 .text._ZN4RF2414write_registerEhh
                0x00003d5c       0x34 ./RF24/RF24.o
                0x00003d5c                RF24::write_register(unsigned char, unsigned char)
 .text._ZN4RF2413write_payloadEPKvhh
                0x00003d90       0x64 ./RF24/RF24.o
                0x00003d90                RF24::write_payload(void const*, unsigned char, unsigned char)
 .text._ZN4RF248spiTransEh
                0x00003df4       0x24 ./RF24/RF24.o
                0x00003df4                RF24::spiTrans(unsigned char)
 .text._ZN4RF248flush_rxEv
                0x00003e18        0x6 ./RF24/RF24.o
                0x00003e18                RF24::flush_rx()
 .text._ZN4RF248flush_txEv
                0x00003e1e        0x6 ./RF24/RF24.o
                0x00003e1e                RF24::flush_tx()
 .text._ZN4RF2410get_statusEv
                0x00003e24        0x6 ./RF24/RF24.o
                0x00003e24                RF24::get_status()
 *fill*         0x00003e2a        0x2 
 .text._ZN4RF2412print_statusEh
                0x00003e2c       0x2c ./RF24/RF24.o
                0x00003e2c                RF24::print_status(unsigned char)
 .text._ZN4RF2419print_byte_registerEPKchh
                0x00003e58       0x44 ./RF24/RF24.o
                0x00003e58                RF24::print_byte_register(char const*, unsigned char, unsigned char)
 .text._ZN4RF2422print_address_registerEPKchh
                0x00003e9c       0x7c ./RF24/RF24.o
                0x00003e9c                RF24::print_address_register(char const*, unsigned char, unsigned char)
 .text._ZN4RF24C2E17GPIO_Port_TypeDeftS0_t
                0x00003f18       0x1c ./RF24/RF24.o
                0x00003f18                RF24::RF24(GPIO_Port_TypeDef, unsigned short, GPIO_Port_TypeDef, unsigned short)
                0x00003f18                RF24::RF24(GPIO_Port_TypeDef, unsigned short, GPIO_Port_TypeDef, unsigned short)
 .text._ZN4RF2410setChannelEh
                0x00003f34        0xe ./RF24/RF24.o
                0x00003f34                RF24::setChannel(unsigned char)
 *fill*         0x00003f42        0x2 
 .text._ZN4RF2413stopListeningEv
                0x00003f44       0x6c ./RF24/RF24.o
                0x00003f44                RF24::stopListening()
 .text._ZN4RF249powerDownEv
                0x00003fb0       0x30 ./RF24/RF24.o
                0x00003fb0                RF24::powerDown()
 .text._ZN4RF247powerUpEv
                0x00003fe0       0x2c ./RF24/RF24.o
                0x00003fe0                RF24::powerUp()
 .text._ZN4RF2413powerUpNoWaitEv
                0x0000400c       0x28 ./RF24/RF24.o
                0x0000400c                RF24::powerUpNoWait()
 .text._ZN4RF2414isPowerUpReadyEv
                0x00004034       0x16 ./RF24/RF24.o
                0x00004034                RF24::isPowerUpReady()
 .text._ZN4RF2414startFastWriteEPKvhbb
                0x0000404a       0x2e ./RF24/RF24.o
                0x0000404a                RF24::startFastWrite(void const*, unsigned char, bool, bool)
 .text._ZN4RF245writeEPKvhb
                0x00004078       0x4c ./RF24/RF24.o
                0x00004078                RF24::write(void const*, unsigned char, bool)
 .text._ZN4RF245writeEPKvh
                0x000040c4        0x6 ./RF24/RF24.o
                0x000040c4                RF24::write(void const*, unsigned char)
 .text._ZN4RF2415openWritingPipeEy
                0x000040ca       0x2e ./RF24/RF24.o
                0x000040ca                RF24::openWritingPipe(unsigned long long)
 .text._ZN4RF2415openReadingPipeEhy
                0x000040f8       0x70 ./RF24/RF24.o
                0x000040f8                RF24::openReadingPipe(unsigned char, unsigned long long)
 .text._ZN4RF2415setAddressWidthEh
                0x00004168       0x2a ./RF24/RF24.o
                0x00004168                RF24::setAddressWidth(unsigned char)
 *fill*         0x00004192        0x2 
 .text._ZN4RF2416closeReadingPipeEh
                0x00004194       0x2c ./RF24/RF24.o
                0x00004194                RF24::closeReadingPipe(unsigned char)
 .text._ZN4RF2414startListeningEv
                0x000041c0       0x74 ./RF24/RF24.o
                0x000041c0                RF24::startListening()
 .text._ZN4RF2410setAutoAckEb
                0x00004234        0xc ./RF24/RF24.o
                0x00004234                RF24::setAutoAck(bool)
 .text._ZN4RF2410setPALevelEh
                0x00004240       0x2e ./RF24/RF24.o
                0x00004240                RF24::setPALevel(unsigned char)
 .text._ZN4RF2410getPALevelEv
                0x0000426e        0xe ./RF24/RF24.o
                0x0000426e                RF24::getPALevel()
 .text._ZN4RF2411setDataRateE15rf24_datarate_e
                0x0000427c       0x46 ./RF24/RF24.o
                0x0000427c                RF24::setDataRate(rf24_datarate_e)
 .text._ZN4RF2411getDataRateEv
                0x000042c2       0x1e ./RF24/RF24.o
                0x000042c2                RF24::getDataRate()
 .text._ZN4RF2412setCRCLengthE16rf24_crclength_e
                0x000042e0       0x2a ./RF24/RF24.o
                0x000042e0                RF24::setCRCLength(rf24_crclength_e)
 .text._ZN4RF2412getCRCLengthEv
                0x0000430a       0x26 ./RF24/RF24.o
                0x0000430a                RF24::getCRCLength()
 .text._ZN4RF2412printDetailsEv
                0x00004330      0x120 ./RF24/RF24.o
                0x00004330                RF24::printDetails()
 .text._ZN4RF2410setRetriesEhh
                0x00004450       0x10 ./RF24/RF24.o
                0x00004450                RF24::setRetries(unsigned char, unsigned char)
 .text.NVIC_EnableIRQ
                0x00004460       0x30 ./RF24/ustimer.o
 .text.NVIC_ClearPendingIRQ
                0x00004490       0x34 ./RF24/ustimer.o
 .text.TIMER_CounterGet
                0x000044c4       0x18 ./RF24/ustimer.o
 .text.TIMER_IntClear
                0x000044dc       0x1c ./RF24/ustimer.o
 .text.TIMER_IntDisable
                0x000044f8       0x24 ./RF24/ustimer.o
 .text.TIMER_IntGet
                0x0000451c       0x18 ./RF24/ustimer.o
 .text.TIMER_TopSet
                0x00004534       0x1c ./RF24/ustimer.o
 .text.USTIMER_Init
                0x00004550      0x170 ./RF24/ustimer.o
                0x00004550                USTIMER_Init
 .text.USTIMER_DelayIntSafe
                0x000046c0       0xa4 ./RF24/ustimer.o
                0x000046c0                USTIMER_DelayIntSafe
 .text.TIMER0_IRQHandler
                0x00004764       0x34 ./RF24/ustimer.o
                0x00004764                TIMER0_IRQHandler
 .text.DelayTicksPolled
                0x00004798       0x40 ./RF24/ustimer.o
 .text._Z11prepareRF24v
                0x000047d8       0x84 ./RF24/utilities.o
                0x000047d8                prepareRF24()
 .text._Z12prepare_uartv
                0x0000485c        0x2 ./RF24/utilities.o
                0x0000485c                prepare_uart()
 *fill*         0x0000485e        0x2 
 .text._Z13prepareClocksv
                0x00004860       0x80 ./RF24/utilities.o
                0x00004860                prepareClocks()
 .text._Z11prepareGPIOv
                0x000048e0       0xa0 ./RF24/utilities.o
                0x000048e0                prepareGPIO()
 .text._Z17delayMicrosecondsm
                0x00004980        0x4 ./RF24/utilities.o
                0x00004980                delayMicroseconds(unsigned long)
 .text._Z6millisv
                0x00004984        0xc ./RF24/utilities.o
                0x00004984                millis()
 .text.SysTick_Handler
                0x00004990       0x10 ./RF24/utilities.o
                0x00004990                SysTick_Handler
 .text._Z5delaym
                0x000049a0       0x14 ./RF24/utilities.o
                0x000049a0                delay(unsigned long)
 .text._Z5printPKcz
                0x000049b4        0x6 ./RF24/utilities.o
                0x000049b4                print(char const*, ...)
 .text._Z7printlnPKcz
                0x000049ba        0x6 ./RF24/utilities.o
                0x000049ba                println(char const*, ...)
 .text._Z13prepare_sleepv
                0x000049c0        0xc ./RF24/utilities.o
                0x000049c0                prepare_sleep()
 .text._Z14prepare_wakeupv
                0x000049cc        0xc ./RF24/utilities.o
                0x000049cc                prepare_wakeup()
 .text._Z15transmit_packetPvh
                0x000049d8       0x30 ./RF24/utilities.o
                0x000049d8                transmit_packet(void*, unsigned char)
 .text.startup._GLOBAL__sub_I__SPI
                0x00004a08       0x38 ./RF24/utilities.o
 .text._Z15BMP280_I2C_readhhPhh
                0x00004a40       0x38 ./src/minimalist_main.o
                0x00004a40                BMP280_I2C_read(unsigned char, unsigned char, unsigned char*, unsigned char)
 .text._Z16BMP280_I2C_writehhPhh
                0x00004a78       0x38 ./src/minimalist_main.o
                0x00004a78                BMP280_I2C_write(unsigned char, unsigned char, unsigned char*, unsigned char)
 .text._Z12read_sensorsv
                0x00004ab0       0x68 ./src/minimalist_main.o
                0x00004ab0                read_sensors()
 .text.startup.main
                0x00004b18      0x158 ./src/minimalist_main.o
                0x00004b18                main
 .text          0x00004c70       0x30 t:/siliconlabs/simplicitystudio/v4/developer/toolchains/gnu_arm/4.9_2015q3/bin/../lib/gcc/arm-none-eabi/4.9.3/armv7-m\libgcc.a(_aeabi_uldivmod.o)
                0x00004c70                __aeabi_uldivmod
 .text          0x00004ca0       0x60 t:/siliconlabs/simplicitystudio/v4/developer/toolchains/gnu_arm/4.9_2015q3/bin/../lib/gcc/arm-none-eabi/4.9.3/armv7-m\libgcc.a(bpabi.o)
                0x00004ca0                __gnu_ldivmod_helper
                0x00004cd0                __gnu_uldivmod_helper
 .text          0x00004d00      0xa54 t:/siliconlabs/simplicitystudio/v4/developer/toolchains/gnu_arm/4.9_2015q3/bin/../lib/gcc/arm-none-eabi/4.9.3/armv7-m\libgcc.a(unwind-arm.o)
                0x00004fe0                _Unwind_GetCFA
                0x00004fe4                __gnu_Unwind_RaiseException
                0x00005044                __gnu_Unwind_ForcedUnwind
                0x00005058                __gnu_Unwind_Resume
                0x0000509c                __gnu_Unwind_Resume_or_Rethrow
                0x000050b0                _Unwind_Complete
                0x000050b4                _Unwind_DeleteException
                0x000050c0                _Unwind_VRS_Get
                0x00005110                _Unwind_VRS_Set
                0x00005160                __gnu_Unwind_Backtrace
                0x000054a4                __aeabi_unwind_cpp_pr0
                0x000054a8                __aeabi_unwind_cpp_pr1
                0x000054ac                __aeabi_unwind_cpp_pr2
                0x000054b0                _Unwind_VRS_Pop
 .text          0x00005754      0x1ac t:/siliconlabs/simplicitystudio/v4/developer/toolchains/gnu_arm/4.9_2015q3/bin/../lib/gcc/arm-none-eabi/4.9.3/armv7-m\libgcc.a(libunwind.o)
                0x00005754                __restore_core_regs
                0x00005754                restore_core_regs
                0x0000576c                __gnu_Unwind_Restore_VFP
                0x00005774                __gnu_Unwind_Save_VFP
                0x0000577c                __gnu_Unwind_Restore_VFP_D
                0x00005784                __gnu_Unwind_Save_VFP_D
                0x0000578c                __gnu_Unwind_Restore_VFP_D_16_to_31
                0x00005794                __gnu_Unwind_Save_VFP_D_16_to_31
                0x0000579c                __gnu_Unwind_Restore_WMMXD
                0x000057e0                __gnu_Unwind_Save_WMMXD
                0x00005824                __gnu_Unwind_Restore_WMMXC
                0x00005838                __gnu_Unwind_Save_WMMXC
                0x0000584c                ___Unwind_RaiseException
                0x0000584c                _Unwind_RaiseException
                0x00005870                _Unwind_Resume
                0x00005870                ___Unwind_Resume
                0x00005894                _Unwind_Resume_or_Rethrow
                0x00005894                ___Unwind_Resume_or_Rethrow
                0x000058b8                _Unwind_ForcedUnwind
                0x000058b8                ___Unwind_ForcedUnwind
                0x000058dc                ___Unwind_Backtrace
                0x000058dc                _Unwind_Backtrace
 .text          0x00005900      0x37c t:/siliconlabs/simplicitystudio/v4/developer/toolchains/gnu_arm/4.9_2015q3/bin/../lib/gcc/arm-none-eabi/4.9.3/armv7-m\libgcc.a(pr-support.o)
                0x00005958                __gnu_unwind_execute
                0x00005c24                __gnu_unwind_frame
                0x00005c4c                _Unwind_GetRegionStart
                0x00005c58                _Unwind_GetLanguageSpecificData
                0x00005c6c                _Unwind_GetDataRelBase
                0x00005c74                _Unwind_GetTextRelBase
 .text          0x00005c7c        0x4 t:/siliconlabs/simplicitystudio/v4/developer/toolchains/gnu_arm/4.9_2015q3/bin/../lib/gcc/arm-none-eabi/4.9.3/armv7-m\libgcc.a(_dvmd_tls.o)
                0x00005c7c                __aeabi_idiv0
                0x00005c7c                __aeabi_ldiv0
 .text          0x00005c80      0x2ac t:/siliconlabs/simplicitystudio/v4/developer/toolchains/gnu_arm/4.9_2015q3/bin/../lib/gcc/arm-none-eabi/4.9.3/armv7-m\libgcc.a(_divdi3.o)
                0x00005c80                __divdi3
 .text          0x00005f2c      0x270 t:/siliconlabs/simplicitystudio/v4/developer/toolchains/gnu_arm/4.9_2015q3/bin/../lib/gcc/arm-none-eabi/4.9.3/armv7-m\libgcc.a(_udivdi3.o)
                0x00005f2c                __udivdi3
 .text.__aeabi_atexit
                0x0000619c        0xa t:/siliconlabs/simplicitystudio/v4/developer/toolchains/gnu_arm/4.9_2015q3/bin/../lib/gcc/arm-none-eabi/4.9.3/../../../../arm-none-eabi/lib/armv7-m\libstdc++_nano.a(atexit_arm.o)
                0x0000619c                __aeabi_atexit
 .text._ZdlPv   0x000061a6        0x4 t:/siliconlabs/simplicitystudio/v4/developer/toolchains/gnu_arm/4.9_2015q3/bin/../lib/gcc/arm-none-eabi/4.9.3/../../../../arm-none-eabi/lib/armv7-m\libstdc++_nano.a(del_op.o)
                0x000061a6                operator delete(void*)
 .text._ZNK10__cxxabiv117__class_type_info11__do_upcastEPKS0_PPv
                0x000061aa       0x34 t:/siliconlabs/simplicitystudio/v4/developer/toolchains/gnu_arm/4.9_2015q3/bin/../lib/gcc/arm-none-eabi/4.9.3/../../../../arm-none-eabi/lib/armv7-m\libstdc++_nano.a(class_type_info.o)
                0x000061aa                __cxxabiv1::__class_type_info::__do_upcast(__cxxabiv1::__class_type_info const*, void**) const
 .text._ZNK10__cxxabiv117__class_type_info20__do_find_public_srcEiPKvPKS0_S2_
                0x000061de        0xc t:/siliconlabs/simplicitystudio/v4/developer/toolchains/gnu_arm/4.9_2015q3/bin/../lib/gcc/arm-none-eabi/4.9.3/../../../../arm-none-eabi/lib/armv7-m\libstdc++_nano.a(class_type_info.o)
                0x000061de                __cxxabiv1::__class_type_info::__do_find_public_src(int, void const*, __cxxabiv1::__class_type_info const*, void const*) const
 *fill*         0x000061ea        0x2 
 .text._ZN10__cxxabiv117__class_type_infoD2Ev
                0x000061ec       0x14 t:/siliconlabs/simplicitystudio/v4/developer/toolchains/gnu_arm/4.9_2015q3/bin/../lib/gcc/arm-none-eabi/4.9.3/../../../../arm-none-eabi/lib/armv7-m\libstdc++_nano.a(class_type_info.o)
                0x000061ec                __cxxabiv1::__class_type_info::~__class_type_info()
                0x000061ec                __cxxabiv1::__class_type_info::~__class_type_info()
 .text._ZN10__cxxabiv117__class_type_infoD0Ev
                0x00006200       0x12 t:/siliconlabs/simplicitystudio/v4/developer/toolchains/gnu_arm/4.9_2015q3/bin/../lib/gcc/arm-none-eabi/4.9.3/../../../../arm-none-eabi/lib/armv7-m\libstdc++_nano.a(class_type_info.o)
                0x00006200                __cxxabiv1::__class_type_info::~__class_type_info()
 .text._ZNK10__cxxabiv117__class_type_info11__do_upcastEPKS0_PKvRNS0_15__upcast_resultE
                0x00006212       0x18 t:/siliconlabs/simplicitystudio/v4/developer/toolchains/gnu_arm/4.9_2015q3/bin/../lib/gcc/arm-none-eabi/4.9.3/../../../../arm-none-eabi/lib/armv7-m\libstdc++_nano.a(class_type_info.o)
                0x00006212                __cxxabiv1::__class_type_info::__do_upcast(__cxxabiv1::__class_type_info const*, void const*, __cxxabiv1::__class_type_info::__upcast_result&) const
 .text._ZNK10__cxxabiv117__class_type_info10__do_catchEPKSt9type_infoPPvj
                0x0000622a       0x2a t:/siliconlabs/simplicitystudio/v4/developer/toolchains/gnu_arm/4.9_2015q3/bin/../lib/gcc/arm-none-eabi/4.9.3/../../../../arm-none-eabi/lib/armv7-m\libstdc++_nano.a(class_type_info.o)
                0x0000622a                __cxxabiv1::__class_type_info::__do_catch(std::type_info const*, void**, unsigned int) const
 .text._ZNK10__cxxabiv117__class_type_info12__do_dyncastEiNS0_10__sub_kindEPKS0_PKvS3_S5_RNS0_16__dyncast_resultE
                0x00006254       0x38 t:/siliconlabs/simplicitystudio/v4/developer/toolchains/gnu_arm/4.9_2015q3/bin/../lib/gcc/arm-none-eabi/4.9.3/../../../../arm-none-eabi/lib/armv7-m\libstdc++_nano.a(class_type_info.o)
                0x00006254                __cxxabiv1::__class_type_info::__do_dyncast(int, __cxxabiv1::__class_type_info::__sub_kind, __cxxabiv1::__class_type_info const*, void const*, __cxxabiv1::__class_type_info const*, void const*, __cxxabiv1::__class_type_info::__dyncast_result&) const
 .text._ZN10__cxxabiv120__si_class_type_infoD2Ev
                0x0000628c       0x14 t:/siliconlabs/simplicitystudio/v4/developer/toolchains/gnu_arm/4.9_2015q3/bin/../lib/gcc/arm-none-eabi/4.9.3/../../../../arm-none-eabi/lib/armv7-m\libstdc++_nano.a(si_class_type_info.o)
                0x0000628c                __cxxabiv1::__si_class_type_info::~__si_class_type_info()
                0x0000628c                __cxxabiv1::__si_class_type_info::~__si_class_type_info()
 .text._ZN10__cxxabiv120__si_class_type_infoD0Ev
                0x000062a0       0x12 t:/siliconlabs/simplicitystudio/v4/developer/toolchains/gnu_arm/4.9_2015q3/bin/../lib/gcc/arm-none-eabi/4.9.3/../../../../arm-none-eabi/lib/armv7-m\libstdc++_nano.a(si_class_type_info.o)
                0x000062a0                __cxxabiv1::__si_class_type_info::~__si_class_type_info()
 .text._ZNK10__cxxabiv120__si_class_type_info20__do_find_public_srcEiPKvPKNS_17__class_type_infoES2_
                0x000062b2       0x38 t:/siliconlabs/simplicitystudio/v4/developer/toolchains/gnu_arm/4.9_2015q3/bin/../lib/gcc/arm-none-eabi/4.9.3/../../../../arm-none-eabi/lib/armv7-m\libstdc++_nano.a(si_class_type_info.o)
                0x000062b2                __cxxabiv1::__si_class_type_info::__do_find_public_src(int, void const*, __cxxabiv1::__class_type_info const*, void const*) const
 .text._ZNK10__cxxabiv120__si_class_type_info12__do_dyncastEiNS_17__class_type_info10__sub_kindEPKS1_PKvS4_S6_RNS1_16__dyncast_resultE
                0x000062ea       0x7c t:/siliconlabs/simplicitystudio/v4/developer/toolchains/gnu_arm/4.9_2015q3/bin/../lib/gcc/arm-none-eabi/4.9.3/../../../../arm-none-eabi/lib/armv7-m\libstdc++_nano.a(si_class_type_info.o)
                0x000062ea                __cxxabiv1::__si_class_type_info::__do_dyncast(int, __cxxabiv1::__class_type_info::__sub_kind, __cxxabiv1::__class_type_info const*, void const*, __cxxabiv1::__class_type_info const*, void const*, __cxxabiv1::__class_type_info::__dyncast_result&) const
 .text._ZNK10__cxxabiv120__si_class_type_info11__do_upcastEPKNS_17__class_type_infoEPKvRNS1_15__upcast_resultE
                0x00006366       0x2a t:/siliconlabs/simplicitystudio/v4/developer/toolchains/gnu_arm/4.9_2015q3/bin/../lib/gcc/arm-none-eabi/4.9.3/../../../../arm-none-eabi/lib/armv7-m\libstdc++_nano.a(si_class_type_info.o)
                0x00006366                __cxxabiv1::__si_class_type_info::__do_upcast(__cxxabiv1::__class_type_info const*, void const*, __cxxabiv1::__class_type_info::__upcast_result&) const
 .text._ZNSt9type_infoD2Ev
                0x00006390        0x2 t:/siliconlabs/simplicitystudio/v4/developer/toolchains/gnu_arm/4.9_2015q3/bin/../lib/gcc/arm-none-eabi/4.9.3/../../../../arm-none-eabi/lib/armv7-m\libstdc++_nano.a(tinfo.o)
                0x00006390                std::type_info::~type_info()
                0x00006390                std::type_info::~type_info()
 .text._ZNKSt9type_info14__is_pointer_pEv
                0x00006392        0x4 t:/siliconlabs/simplicitystudio/v4/developer/toolchains/gnu_arm/4.9_2015q3/bin/../lib/gcc/arm-none-eabi/4.9.3/../../../../arm-none-eabi/lib/armv7-m\libstdc++_nano.a(tinfo.o)
                0x00006392                std::type_info::__is_pointer_p() const
 .text._ZNKSt9type_info15__is_function_pEv
                0x00006396        0x4 t:/siliconlabs/simplicitystudio/v4/developer/toolchains/gnu_arm/4.9_2015q3/bin/../lib/gcc/arm-none-eabi/4.9.3/../../../../arm-none-eabi/lib/armv7-m\libstdc++_nano.a(tinfo.o)
                0x00006396                std::type_info::__is_function_p() const
 .text._ZNKSt9type_infoeqERKS_
                0x0000639a       0x2c t:/siliconlabs/simplicitystudio/v4/developer/toolchains/gnu_arm/4.9_2015q3/bin/../lib/gcc/arm-none-eabi/4.9.3/../../../../arm-none-eabi/lib/armv7-m\libstdc++_nano.a(tinfo.o)
                0x0000639a                std::type_info::operator==(std::type_info const&) const
 .text.abort    0x000063c6        0xe t:/siliconlabs/simplicitystudio/v4/developer/toolchains/gnu_arm/4.9_2015q3/bin/../lib/gcc/arm-none-eabi/4.9.3/../../../../arm-none-eabi/lib/armv7-m\libc_nano.a(lib_a-abort.o)
                0x000063c6                abort
 .text.__cxa_atexit
                0x000063d4       0x1c t:/siliconlabs/simplicitystudio/v4/developer/toolchains/gnu_arm/4.9_2015q3/bin/../lib/gcc/arm-none-eabi/4.9.3/../../../../arm-none-eabi/lib/armv7-m\libc_nano.a(lib_a-cxa_atexit.o)
                0x000063d4                __cxa_atexit
 .text.exit     0x000063f0       0x28 t:/siliconlabs/simplicitystudio/v4/developer/toolchains/gnu_arm/4.9_2015q3/bin/../lib/gcc/arm-none-eabi/4.9.3/../../../../arm-none-eabi/lib/armv7-m\libc_nano.a(lib_a-exit.o)
                0x000063f0                exit
 .text.__libc_init_array
                0x00006418       0x4c t:/siliconlabs/simplicitystudio/v4/developer/toolchains/gnu_arm/4.9_2015q3/bin/../lib/gcc/arm-none-eabi/4.9.3/../../../../arm-none-eabi/lib/armv7-m\libc_nano.a(lib_a-init.o)
                0x00006418                __libc_init_array
 .text.free     0x00006464       0x10 t:/siliconlabs/simplicitystudio/v4/developer/toolchains/gnu_arm/4.9_2015q3/bin/../lib/gcc/arm-none-eabi/4.9.3/../../../../arm-none-eabi/lib/armv7-m\libc_nano.a(lib_a-malloc.o)
                0x00006464                free
 .text.memcpy   0x00006474       0x16 t:/siliconlabs/simplicitystudio/v4/developer/toolchains/gnu_arm/4.9_2015q3/bin/../lib/gcc/arm-none-eabi/4.9.3/../../../../arm-none-eabi/lib/armv7-m\libc_nano.a(lib_a-memcpy.o)
                0x00006474                memcpy
 .text.memset   0x0000648a       0x10 t:/siliconlabs/simplicitystudio/v4/developer/toolchains/gnu_arm/4.9_2015q3/bin/../lib/gcc/arm-none-eabi/4.9.3/../../../../arm-none-eabi/lib/armv7-m\libc_nano.a(lib_a-memset.o)
                0x0000648a                memset
 *fill*         0x0000649a        0x2 
 .text._free_r  0x0000649c       0x88 t:/siliconlabs/simplicitystudio/v4/developer/toolchains/gnu_arm/4.9_2015q3/bin/../lib/gcc/arm-none-eabi/4.9.3/../../../../arm-none-eabi/lib/armv7-m\libc_nano.a(lib_a-nano-freer.o)
                0x0000649c                _free_r
 .text._raise_r
                0x00006524       0x50 t:/siliconlabs/simplicitystudio/v4/developer/toolchains/gnu_arm/4.9_2015q3/bin/../lib/gcc/arm-none-eabi/4.9.3/../../../../arm-none-eabi/lib/armv7-m\libc_nano.a(lib_a-signal.o)
                0x00006524                _raise_r
 .text.raise    0x00006574       0x10 t:/siliconlabs/simplicitystudio/v4/developer/toolchains/gnu_arm/4.9_2015q3/bin/../lib/gcc/arm-none-eabi/4.9.3/../../../../arm-none-eabi/lib/armv7-m\libc_nano.a(lib_a-signal.o)
                0x00006574                raise
 .text._kill_r  0x00006584       0x24 t:/siliconlabs/simplicitystudio/v4/developer/toolchains/gnu_arm/4.9_2015q3/bin/../lib/gcc/arm-none-eabi/4.9.3/../../../../arm-none-eabi/lib/armv7-m\libc_nano.a(lib_a-signalr.o)
                0x00006584                _kill_r
 .text._getpid_r
                0x000065a8        0x4 t:/siliconlabs/simplicitystudio/v4/developer/toolchains/gnu_arm/4.9_2015q3/bin/../lib/gcc/arm-none-eabi/4.9.3/../../../../arm-none-eabi/lib/armv7-m\libc_nano.a(lib_a-signalr.o)
                0x000065a8                _getpid_r
 .text          0x000065ac       0x14 t:/siliconlabs/simplicitystudio/v4/developer/toolchains/gnu_arm/4.9_2015q3/bin/../lib/gcc/arm-none-eabi/4.9.3/../../../../arm-none-eabi/lib/armv7-m\libc_nano.a(lib_a-strcmp.o)
                0x000065ac                strcmp
 .text._getpid  0x000065c0       0x10 t:/siliconlabs/simplicitystudio/v4/developer/toolchains/gnu_arm/4.9_2015q3/bin/../lib/gcc/arm-none-eabi/4.9.3/../../../../arm-none-eabi/lib/armv7-m\libnosys.a(getpid.o)
                0x000065c0                _getpid
 .text._kill    0x000065d0       0x10 t:/siliconlabs/simplicitystudio/v4/developer/toolchains/gnu_arm/4.9_2015q3/bin/../lib/gcc/arm-none-eabi/4.9.3/../../../../arm-none-eabi/lib/armv7-m\libnosys.a(kill.o)
                0x000065d0                _kill
 .text._exit    0x000065e0        0x4 t:/siliconlabs/simplicitystudio/v4/developer/toolchains/gnu_arm/4.9_2015q3/bin/../lib/gcc/arm-none-eabi/4.9.3/../../../../arm-none-eabi/lib/armv7-m\libnosys.a(_exit.o)
                0x000065e0                _exit
 *(.init)
 .init          0x000065e4        0x4 t:/siliconlabs/simplicitystudio/v4/developer/toolchains/gnu_arm/4.9_2015q3/bin/../lib/gcc/arm-none-eabi/4.9.3/armv7-m/crti.o
                0x000065e4                _init
 .init          0x000065e8        0x8 t:/siliconlabs/simplicitystudio/v4/developer/toolchains/gnu_arm/4.9_2015q3/bin/../lib/gcc/arm-none-eabi/4.9.3/armv7-m/crtn.o
 *(.fini)
 .fini          0x000065f0        0x4 t:/siliconlabs/simplicitystudio/v4/developer/toolchains/gnu_arm/4.9_2015q3/bin/../lib/gcc/arm-none-eabi/4.9.3/armv7-m/crti.o
                0x000065f0                _fini
 .fini          0x000065f4        0x8 t:/siliconlabs/simplicitystudio/v4/developer/toolchains/gnu_arm/4.9_2015q3/bin/../lib/gcc/arm-none-eabi/4.9.3/armv7-m/crtn.o
 *crtbegin.o(.ctors)
 *crtbegin?.o(.ctors)
 *(EXCLUDE_FILE(*crtend.o *crtend?.o) .ctors)
 *(SORT(.ctors.*))
 *(.ctors)
 *crtbegin.o(.dtors)
 *crtbegin?.o(.dtors)
 *(EXCLUDE_FILE(*crtend.o *crtend?.o) .dtors)
 *(SORT(.dtors.*))
 *(.dtors)
 *(.rodata*)
 .rodata.i2cNSum
                0x000065fc        0x4 ./emlib/em_i2c.o
 .rodata.resetCauseMasks
                0x00006600       0x58 ./emlib/em_rmu.o
 .rodata.initRTC
                0x00006658        0x3 ./Drivers/rtcdriver.o
 *fill*         0x0000665b        0x1 
 .rodata        0x0000665c       0x18 ./RF24/HardwareSPI.o
 *fill*         0x00006674        0x4 
 .rodata._ZTV11HardwareSPI
                0x00006678       0x10 ./RF24/HardwareSPI.o
                0x00006678                vtable for HardwareSPI
 .rodata._ZTS11HardwareSPI
                0x00006688        0xe ./RF24/HardwareSPI.o
                0x00006688                typeinfo name for HardwareSPI
 *fill*         0x00006696        0x2 
 .rodata._ZTI11HardwareSPI
                0x00006698        0x8 ./RF24/HardwareSPI.o
                0x00006698                typeinfo for HardwareSPI
 .rodata._ZL22rf24_crclength_e_str_0
                0x000066a0        0x9 ./RF24/RF24.o
 *fill*         0x000066a9        0x3 
 .rodata._ZL22rf24_crclength_e_str_P
                0x000066ac        0xc ./RF24/RF24.o
 .rodata._ZL19rf24_pa_dbm_e_str_0
                0x000066b8        0x7 ./RF24/RF24.o
 .rodata._ZL18child_payload_size
                0x000066bf        0x6 ./RF24/RF24.o
 .rodata._ZL19rf24_pa_dbm_e_str_2
                0x000066c5        0x8 ./RF24/RF24.o
 .rodata._ZL19rf24_pa_dbm_e_str_3
                0x000066cd        0x7 ./RF24/RF24.o
 .rodata._ZL19rf24_pa_dbm_e_str_1
                0x000066d4        0x7 ./RF24/RF24.o
 .rodata._ZL21rf24_datarate_e_str_0
                0x000066db        0x6 ./RF24/RF24.o
 *fill*         0x000066e1        0x3 
 .rodata._ZL19rf24_pa_dbm_e_str_P
                0x000066e4       0x10 ./RF24/RF24.o
 .rodata._ZL21rf24_datarate_e_str_1
                0x000066f4        0x6 ./RF24/RF24.o
 .rodata._ZL21rf24_datarate_e_str_2
                0x000066fa        0x8 ./RF24/RF24.o
 *fill*         0x00006702        0x2 
 .rodata._ZL21rf24_datarate_e_str_P
                0x00006704        0xc ./RF24/RF24.o
 .rodata._ZL10child_pipe
                0x00006710        0x6 ./RF24/RF24.o
 .rodata.str1.1
                0x00006716      0x12c ./RF24/RF24.o
                                0x134 (size before relaxing)
 .rodata._ZL18rf24_model_e_str_1
                0x00006842        0xa ./RF24/RF24.o
 .rodata._ZL22rf24_crclength_e_str_1
                0x0000684c        0x7 ./RF24/RF24.o
 .rodata._ZL22rf24_crclength_e_str_2
                0x00006853        0x8 ./RF24/RF24.o
 .rodata._ZL18rf24_model_e_str_0
                0x0000685b        0x9 ./RF24/RF24.o
 .rodata._ZL18rf24_model_e_str_P
                0x00006864        0x8 ./RF24/RF24.o
 .rodata._ZL17child_pipe_enable
                0x0000686c        0x6 ./RF24/RF24.o
 *fill*         0x00006872        0x2 
 .rodata        0x00006874       0x18 ./src/minimalist_main.o
 .rodata.str1.1
                0x0000688c       0x8a ./src/minimalist_main.o
 *fill*         0x00006916        0x2 
 .rodata._ZTVN10__cxxabiv117__class_type_infoE
                0x00006918       0x2c t:/siliconlabs/simplicitystudio/v4/developer/toolchains/gnu_arm/4.9_2015q3/bin/../lib/gcc/arm-none-eabi/4.9.3/../../../../arm-none-eabi/lib/armv7-m\libstdc++_nano.a(class_type_info.o)
                0x00006918                vtable for __cxxabiv1::__class_type_info
 .rodata._ZTIN10__cxxabiv117__class_type_infoE
                0x00006944        0xc t:/siliconlabs/simplicitystudio/v4/developer/toolchains/gnu_arm/4.9_2015q3/bin/../lib/gcc/arm-none-eabi/4.9.3/../../../../arm-none-eabi/lib/armv7-m\libstdc++_nano.a(class_type_info.o)
                0x00006944                typeinfo for __cxxabiv1::__class_type_info
 .rodata._ZTSN10__cxxabiv117__class_type_infoE
                0x00006950       0x22 t:/siliconlabs/simplicitystudio/v4/developer/toolchains/gnu_arm/4.9_2015q3/bin/../lib/gcc/arm-none-eabi/4.9.3/../../../../arm-none-eabi/lib/armv7-m\libstdc++_nano.a(class_type_info.o)
                0x00006950                typeinfo name for __cxxabiv1::__class_type_info
 *fill*         0x00006972        0x6 
 .rodata._ZTVN10__cxxabiv120__si_class_type_infoE
                0x00006978       0x2c t:/siliconlabs/simplicitystudio/v4/developer/toolchains/gnu_arm/4.9_2015q3/bin/../lib/gcc/arm-none-eabi/4.9.3/../../../../arm-none-eabi/lib/armv7-m\libstdc++_nano.a(si_class_type_info.o)
                0x00006978                vtable for __cxxabiv1::__si_class_type_info
 .rodata._ZTIN10__cxxabiv120__si_class_type_infoE
                0x000069a4        0xc t:/siliconlabs/simplicitystudio/v4/developer/toolchains/gnu_arm/4.9_2015q3/bin/../lib/gcc/arm-none-eabi/4.9.3/../../../../arm-none-eabi/lib/armv7-m\libstdc++_nano.a(si_class_type_info.o)
                0x000069a4                typeinfo for __cxxabiv1::__si_class_type_info
 .rodata._ZTSN10__cxxabiv120__si_class_type_infoE
                0x000069b0       0x25 t:/siliconlabs/simplicitystudio/v4/developer/toolchains/gnu_arm/4.9_2015q3/bin/../lib/gcc/arm-none-eabi/4.9.3/../../../../arm-none-eabi/lib/armv7-m\libstdc++_nano.a(si_class_type_info.o)
                0x000069b0                typeinfo name for __cxxabiv1::__si_class_type_info
 *fill*         0x000069d5        0x3 
 .rodata._ZTISt9type_info
                0x000069d8        0x8 t:/siliconlabs/simplicitystudio/v4/developer/toolchains/gnu_arm/4.9_2015q3/bin/../lib/gcc/arm-none-eabi/4.9.3/../../../../arm-none-eabi/lib/armv7-m\libstdc++_nano.a(tinfo.o)
                0x000069d8                typeinfo for std::type_info
 .rodata._ZTSSt9type_info
                0x000069e0        0xd t:/siliconlabs/simplicitystudio/v4/developer/toolchains/gnu_arm/4.9_2015q3/bin/../lib/gcc/arm-none-eabi/4.9.3/../../../../arm-none-eabi/lib/armv7-m\libstdc++_nano.a(tinfo.o)
                0x000069e0                typeinfo name for std::type_info
 .rodata.str1.1
                0x000069ed        0x2 t:/siliconlabs/simplicitystudio/v4/developer/toolchains/gnu_arm/4.9_2015q3/bin/../lib/gcc/arm-none-eabi/4.9.3/../../../../arm-none-eabi/lib/armv7-m\libc_nano.a(lib_a-impure.o)
 *fill*         0x000069ef        0x1 
 .rodata._global_impure_ptr
                0x000069f0        0x4 t:/siliconlabs/simplicitystudio/v4/developer/toolchains/gnu_arm/4.9_2015q3/bin/../lib/gcc/arm-none-eabi/4.9.3/../../../../arm-none-eabi/lib/armv7-m\libc_nano.a(lib_a-impure.o)
                0x000069f0                _global_impure_ptr
 *(.eh_frame*)
 .eh_frame      0x000069f4        0x0 t:/siliconlabs/simplicitystudio/v4/developer/toolchains/gnu_arm/4.9_2015q3/bin/../lib/gcc/arm-none-eabi/4.9.3/armv7-m/crtbegin.o
 .eh_frame      0x000069f4       0x28 t:/siliconlabs/simplicitystudio/v4/developer/toolchains/gnu_arm/4.9_2015q3/bin/../lib/gcc/arm-none-eabi/4.9.3/../../../../arm-none-eabi/lib/armv7-m\libc_nano.a(lib_a-strcmp.o)
 .eh_frame      0x00006a1c        0x4 t:/siliconlabs/simplicitystudio/v4/developer/toolchains/gnu_arm/4.9_2015q3/bin/../lib/gcc/arm-none-eabi/4.9.3/armv7-m/crtend.o

.glue_7         0x00006a20        0x0
 .glue_7        0x00000000        0x0 linker stubs

.glue_7t        0x00006a20        0x0
 .glue_7t       0x00000000        0x0 linker stubs

.vfp11_veneer   0x00006a20        0x0
 .vfp11_veneer  0x00000000        0x0 linker stubs

.v4_bx          0x00006a20        0x0
 .v4_bx         0x00000000        0x0 linker stubs

.iplt           0x00006a20        0x0
 .iplt          0x00000000        0x0 t:/siliconlabs/simplicitystudio/v4/developer/toolchains/gnu_arm/4.9_2015q3/bin/../lib/gcc/arm-none-eabi/4.9.3/armv7-m/crtbegin.o

.ARM.extab      0x00006a20       0x48
 *(.ARM.extab* .gnu.linkonce.armextab.*)
 .ARM.extab.text._ZN4RF2416beginTransactionEv
                0x00006a20        0x0 ./RF24/RF24.o
 .ARM.extab.text._ZN4RF2422print_address_registerEPKchh
                0x00006a20        0xc ./RF24/RF24.o
 .ARM.extab.text._ZN4RF2410getPALevelEv
                0x00006a2c        0xc ./RF24/RF24.o
 .ARM.extab.text._ZN4RF2411getDataRateEv
                0x00006a38        0xc ./RF24/RF24.o
 .ARM.extab.text._Z13prepareClocksv
                0x00006a44        0xc ./RF24/utilities.o
 .ARM.extab     0x00006a50       0x18 t:/siliconlabs/simplicitystudio/v4/developer/toolchains/gnu_arm/4.9_2015q3/bin/../lib/gcc/arm-none-eabi/4.9.3/armv7-m\libgcc.a(pr-support.o)
                0x00006a68                __exidx_start = .

.ARM.exidx      0x00006a68      0x210
 *(.ARM.exidx* .gnu.linkonce.armexidx.*)
 .ARM.exidx     0x00006a68        0x8 t:/siliconlabs/simplicitystudio/v4/developer/toolchains/gnu_arm/4.9_2015q3/bin/../lib/gcc/arm-none-eabi/4.9.3/../../../../arm-none-eabi/lib/armv7-m/crt0.o
 .ARM.exidx.text._Z35bmp280_compensate_temperature_int32l
                0x00006a70        0x0 ./Drivers/BMP280.o
                                  0x8 (size before relaxing)
 .ARM.exidx.text._Z32bmp280_compensate_pressure_int32l
                0x00006a70        0x0 ./Drivers/BMP280.o
                                  0x8 (size before relaxing)
 .ARM.exidx.text._Z39bmp280_read_uncomp_pressure_temperaturePlS_
                0x00006a70        0x8 ./Drivers/BMP280.o
 .ARM.exidx.text._Z32bmp280_read_pressure_temperaturePmPl
                0x00006a78        0x0 ./Drivers/BMP280.o
                                  0x8 (size before relaxing)
 .ARM.exidx.text._Z22bmp280_get_calib_paramv
                0x00006a78        0x8 ./Drivers/BMP280.o
 .ARM.exidx.text._Z11bmp280_initP8bmp280_t
                0x00006a80        0x8 ./Drivers/BMP280.o
 .ARM.exidx.text._Z31bmp280_set_oversamp_temperatureh
                0x00006a88        0x0 ./Drivers/BMP280.o
                                  0x8 (size before relaxing)
 .ARM.exidx.text._Z21bmp280_set_power_modeh
                0x00006a88        0x8 ./Drivers/BMP280.o
 .ARM.exidx.text._Z17bmp280_set_filterh
                0x00006a90        0x8 ./Drivers/BMP280.o
 .ARM.exidx.text._Z20bmp280_set_work_modeh
                0x00006a98        0x8 ./Drivers/BMP280.o
 .ARM.exidx.text._ZN11HardwareSPID2Ev
                0x00006aa0        0x0 ./RF24/HardwareSPI.o
                                  0x8 (size before relaxing)
 .ARM.exidx.text._ZN11HardwareSPID0Ev
                0x00006aa0        0x0 ./RF24/HardwareSPI.o
                                  0x8 (size before relaxing)
 .ARM.exidx.text._ZN11HardwareSPIC2Ev
                0x00006aa0        0x8 ./RF24/HardwareSPI.o
 .ARM.exidx.text._ZN11HardwareSPI8transferEh
                0x00006aa8        0x8 ./RF24/HardwareSPI.o
 .ARM.exidx.text._ZN4RF243csnEb.part.0
                0x00006ab0        0x0 ./RF24/RF24.o
                                  0x8 (size before relaxing)
 .ARM.exidx.text._ZN4RF2416beginTransactionEv
                0x00006ab0        0x0 ./RF24/RF24.o
                                  0x8 (size before relaxing)
 .ARM.exidx.text._ZN4RF2413read_registerEhPhh
                0x00006ab0        0x8 ./RF24/RF24.o
 .ARM.exidx.text._ZN4RF2413read_registerEh
                0x00006ab8        0x8 ./RF24/RF24.o
 .ARM.exidx.text._ZN4RF2414write_registerEhPKhh
                0x00006ac0        0x8 ./RF24/RF24.o
 .ARM.exidx.text._ZN4RF2414write_registerEhh
                0x00006ac8        0x0 ./RF24/RF24.o
                                  0x8 (size before relaxing)
 .ARM.exidx.text._ZN4RF2413write_payloadEPKvhh
                0x00006ac8        0x8 ./RF24/RF24.o
 .ARM.exidx.text._ZN4RF248spiTransEh
                0x00006ad0        0x8 ./RF24/RF24.o
 .ARM.exidx.text._ZN4RF248flush_rxEv
                0x00006ad8        0x8 ./RF24/RF24.o
 .ARM.exidx.text._ZN4RF248flush_txEv
                0x00006ae0        0x0 ./RF24/RF24.o
                                  0x8 (size before relaxing)
 .ARM.exidx.text._ZN4RF2410get_statusEv
                0x00006ae0        0x0 ./RF24/RF24.o
                                  0x8 (size before relaxing)
 .ARM.exidx.text._ZN4RF2412print_statusEh
                0x00006ae0        0x8 ./RF24/RF24.o
 .ARM.exidx.text._ZN4RF2419print_byte_registerEPKchh
                0x00006ae8        0x8 ./RF24/RF24.o
 .ARM.exidx.text._ZN4RF2422print_address_registerEPKchh
                0x00006af0        0x8 ./RF24/RF24.o
 .ARM.exidx.text._ZN4RF24C2E17GPIO_Port_TypeDeftS0_t
                0x00006af8        0x8 ./RF24/RF24.o
 .ARM.exidx.text._ZN4RF2410setChannelEh
                0x00006b00        0x0 ./RF24/RF24.o
                                  0x8 (size before relaxing)
 .ARM.exidx.text._ZN4RF2413stopListeningEv
                0x00006b00        0x8 ./RF24/RF24.o
 .ARM.exidx.text._ZN4RF249powerDownEv
                0x00006b08        0x0 ./RF24/RF24.o
                                  0x8 (size before relaxing)
 .ARM.exidx.text._ZN4RF247powerUpEv
                0x00006b08        0x0 ./RF24/RF24.o
                                  0x8 (size before relaxing)
 .ARM.exidx.text._ZN4RF2413powerUpNoWaitEv
                0x00006b08        0x0 ./RF24/RF24.o
                                  0x8 (size before relaxing)
 .ARM.exidx.text._ZN4RF2414isPowerUpReadyEv
                0x00006b08        0x0 ./RF24/RF24.o
                                  0x8 (size before relaxing)
 .ARM.exidx.text._ZN4RF2414startFastWriteEPKvhbb
                0x00006b08        0x0 ./RF24/RF24.o
                                  0x8 (size before relaxing)
 .ARM.exidx.text._ZN4RF245writeEPKvhb
                0x00006b08        0x8 ./RF24/RF24.o
 .ARM.exidx.text._ZN4RF245writeEPKvh
                0x00006b10        0x8 ./RF24/RF24.o
 .ARM.exidx.text._ZN4RF2415openWritingPipeEy
                0x00006b18        0x8 ./RF24/RF24.o
 .ARM.exidx.text._ZN4RF2415openReadingPipeEhy
                0x00006b20        0x0 ./RF24/RF24.o
                                  0x8 (size before relaxing)
 .ARM.exidx.text._ZN4RF2415setAddressWidthEh
                0x00006b20        0x8 ./RF24/RF24.o
 .ARM.exidx.text._ZN4RF2416closeReadingPipeEh
                0x00006b28        0x0 ./RF24/RF24.o
                                  0x8 (size before relaxing)
 .ARM.exidx.text._ZN4RF2414startListeningEv
                0x00006b28        0x8 ./RF24/RF24.o
 .ARM.exidx.text._ZN4RF2410setAutoAckEb
                0x00006b30        0x8 ./RF24/RF24.o
 .ARM.exidx.text._ZN4RF2410setPALevelEh
                0x00006b38        0x8 ./RF24/RF24.o
 .ARM.exidx.text._ZN4RF2410getPALevelEv
                0x00006b40        0x8 ./RF24/RF24.o
 .ARM.exidx.text._ZN4RF2411setDataRateE15rf24_datarate_e
                0x00006b48        0x8 ./RF24/RF24.o
 .ARM.exidx.text._ZN4RF2411getDataRateEv
                0x00006b50        0x8 ./RF24/RF24.o
 .ARM.exidx.text._ZN4RF2412setCRCLengthE16rf24_crclength_e
                0x00006b58        0x8 ./RF24/RF24.o
 .ARM.exidx.text._ZN4RF2412getCRCLengthEv
                0x00006b60        0x0 ./RF24/RF24.o
                                  0x8 (size before relaxing)
 .ARM.exidx.text._ZN4RF2412printDetailsEv
                0x00006b60        0x8 ./RF24/RF24.o
 .ARM.exidx.text._ZN4RF2410setRetriesEhh
                0x00006b68        0x8 ./RF24/RF24.o
 .ARM.exidx.text._Z11prepareRF24v
                0x00006b70        0x8 ./RF24/utilities.o
 .ARM.exidx.text._Z12prepare_uartv
                0x00006b78        0x8 ./RF24/utilities.o
 .ARM.exidx.text._Z13prepareClocksv
                0x00006b80        0x8 ./RF24/utilities.o
 .ARM.exidx.text._Z11prepareGPIOv
                0x00006b88        0x8 ./RF24/utilities.o
 .ARM.exidx.text._Z17delayMicrosecondsm
                0x00006b90        0x8 ./RF24/utilities.o
 .ARM.exidx.text._Z6millisv
                0x00006b98        0x0 ./RF24/utilities.o
                                  0x8 (size before relaxing)
 .ARM.exidx.text.SysTick_Handler
                0x00006b98        0x0 ./RF24/utilities.o
                                  0x8 (size before relaxing)
 .ARM.exidx.text._Z5delaym
                0x00006b98        0x0 ./RF24/utilities.o
                                  0x8 (size before relaxing)
 .ARM.exidx.text._Z5printPKcz
                0x00006b98        0x0 ./RF24/utilities.o
                                  0x8 (size before relaxing)
 .ARM.exidx.text._Z7printlnPKcz
                0x00006b98        0x0 ./RF24/utilities.o
                                  0x8 (size before relaxing)
 .ARM.exidx.text._Z13prepare_sleepv
                0x00006b98        0x0 ./RF24/utilities.o
                                  0x8 (size before relaxing)
 .ARM.exidx.text._Z14prepare_wakeupv
                0x00006b98        0x0 ./RF24/utilities.o
                                  0x8 (size before relaxing)
 .ARM.exidx.text._Z15transmit_packetPvh
                0x00006b98        0x8 ./RF24/utilities.o
 .ARM.exidx.text.startup._GLOBAL__sub_I__SPI
                0x00006ba0        0x8 ./RF24/utilities.o
 .ARM.exidx.text._Z15BMP280_I2C_readhhPhh
                0x00006ba8        0x8 ./src/minimalist_main.o
 .ARM.exidx.text._Z16BMP280_I2C_writehhPhh
                0x00006bb0        0x0 ./src/minimalist_main.o
                                  0x8 (size before relaxing)
 .ARM.exidx.text._Z12read_sensorsv
                0x00006bb0        0x8 ./src/minimalist_main.o
 .ARM.exidx.text.startup.main
                0x00006bb8       0x10 ./src/minimalist_main.o
                                  0x8 (size before relaxing)
 .ARM.exidx     0x00006bc8       0x78 t:/siliconlabs/simplicitystudio/v4/developer/toolchains/gnu_arm/4.9_2015q3/bin/../lib/gcc/arm-none-eabi/4.9.3/armv7-m\libgcc.a(unwind-arm.o)
                                 0xd8 (size before relaxing)
 .ARM.exidx     0x00006c40       0x38 t:/siliconlabs/simplicitystudio/v4/developer/toolchains/gnu_arm/4.9_2015q3/bin/../lib/gcc/arm-none-eabi/4.9.3/armv7-m\libgcc.a(pr-support.o)
                                 0x48 (size before relaxing)
 .ARM.exidx     0x00006c78        0x0 t:/siliconlabs/simplicitystudio/v4/developer/toolchains/gnu_arm/4.9_2015q3/bin/../lib/gcc/arm-none-eabi/4.9.3/armv7-m\libgcc.a(_divdi3.o)
                                  0x8 (size before relaxing)
 .ARM.exidx     0x00006c78        0x0 t:/siliconlabs/simplicitystudio/v4/developer/toolchains/gnu_arm/4.9_2015q3/bin/../lib/gcc/arm-none-eabi/4.9.3/armv7-m\libgcc.a(_udivdi3.o)
                                  0x8 (size before relaxing)
                0x00006c78                __exidx_end = .
                0x00006c78                __etext = .

.rel.dyn        0x00006c78        0x0
 .rel.iplt      0x00000000        0x0 t:/siliconlabs/simplicitystudio/v4/developer/toolchains/gnu_arm/4.9_2015q3/bin/../lib/gcc/arm-none-eabi/4.9.3/armv7-m/crtbegin.o

.data           0x20000000       0x80 load address 0x00006c78
                0x20000000                __data_start__ = .
 *(vtable)
 *(.data*)
 .data          0x20000000        0x4 t:/siliconlabs/simplicitystudio/v4/developer/toolchains/gnu_arm/4.9_2015q3/bin/../lib/gcc/arm-none-eabi/4.9.3/armv7-m/crtbegin.o
                0x20000000                __dso_handle
 .data.SystemHFXOClock
                0x20000004        0x4 ./CMSIS/EFM32TG/system_efm32tg.o
 .data.SystemLFXOClock
                0x20000008        0x4 ./CMSIS/EFM32TG/system_efm32tg.o
 .data.impure_data
                0x2000000c       0x60 t:/siliconlabs/simplicitystudio/v4/developer/toolchains/gnu_arm/4.9_2015q3/bin/../lib/gcc/arm-none-eabi/4.9.3/../../../../arm-none-eabi/lib/armv7-m\libc_nano.a(lib_a-impure.o)
 .data._impure_ptr
                0x2000006c        0x4 t:/siliconlabs/simplicitystudio/v4/developer/toolchains/gnu_arm/4.9_2015q3/bin/../lib/gcc/arm-none-eabi/4.9.3/../../../../arm-none-eabi/lib/armv7-m\libc_nano.a(lib_a-impure.o)
                0x2000006c                _impure_ptr
                0x20000070                . = ALIGN (0x4)
 *(.ram)
                0x20000070                . = ALIGN (0x4)
                0x20000070                PROVIDE (__preinit_array_start, .)
 *(.preinit_array)
                0x20000070                PROVIDE (__preinit_array_end, .)
                0x20000070                . = ALIGN (0x4)
                0x20000070                PROVIDE (__init_array_start, .)
 *(SORT(.init_array.*))
 *(.init_array)
 .init_array    0x20000070        0x4 t:/siliconlabs/simplicitystudio/v4/developer/toolchains/gnu_arm/4.9_2015q3/bin/../lib/gcc/arm-none-eabi/4.9.3/armv7-m/crtbegin.o
 .init_array    0x20000074        0x4 ./RF24/utilities.o
                0x20000078                PROVIDE (__init_array_end, .)
                0x20000078                . = ALIGN (0x4)
                0x20000078                PROVIDE (__fini_array_start, .)
 *(SORT(.fini_array.*))
 *(.fini_array)
 .fini_array    0x20000078        0x4 t:/siliconlabs/simplicitystudio/v4/developer/toolchains/gnu_arm/4.9_2015q3/bin/../lib/gcc/arm-none-eabi/4.9.3/armv7-m/crtbegin.o
                0x2000007c                PROVIDE (__fini_array_end, .)
 *(.jcr*)
 .jcr           0x2000007c        0x0 t:/siliconlabs/simplicitystudio/v4/developer/toolchains/gnu_arm/4.9_2015q3/bin/../lib/gcc/arm-none-eabi/4.9.3/armv7-m/crtbegin.o
 .jcr           0x2000007c        0x4 t:/siliconlabs/simplicitystudio/v4/developer/toolchains/gnu_arm/4.9_2015q3/bin/../lib/gcc/arm-none-eabi/4.9.3/armv7-m/crtend.o
                0x20000080                . = ALIGN (0x4)
                0x20000080                __data_end__ = .

.igot.plt       0x20000080        0x0 load address 0x00006cf8
 .igot.plt      0x00000000        0x0 t:/siliconlabs/simplicitystudio/v4/developer/toolchains/gnu_arm/4.9_2015q3/bin/../lib/gcc/arm-none-eabi/4.9.3/armv7-m/crtbegin.o

.bss            0x20000080      0x154 load address 0x00006cf8
                0x20000080                . = ALIGN (0x4)
                0x20000080                __bss_start__ = .
 *(.bss*)
 .bss           0x20000080       0x1c t:/siliconlabs/simplicitystudio/v4/developer/toolchains/gnu_arm/4.9_2015q3/bin/../lib/gcc/arm-none-eabi/4.9.3/armv7-m/crtbegin.o
 .bss.cmuStatus
                0x2000009c        0x4 ./emlib/em_emu.o
 .bss.i2cTransfer
                0x200000a0        0xc ./emlib/em_i2c.o
 .bss._ZL8p_bmp280
                0x200000ac        0x4 ./Drivers/BMP280.o
 .bss.timer     0x200000b0       0xa0 ./Drivers/rtcdriver.o
 .bss.lastStart
                0x20000150        0x4 ./Drivers/rtcdriver.o
 .bss.startTimerNestingLevel
                0x20000154        0x4 ./Drivers/rtcdriver.o
 .bss.inTimerIRQ
                0x20000158        0x1 ./Drivers/rtcdriver.o
 .bss.rtcRunning
                0x20000159        0x1 ./Drivers/rtcdriver.o
 .bss.rtcdrvIsInitialized
                0x2000015a        0x1 ./Drivers/rtcdriver.o
 *fill*         0x2000015b        0x1 
 .bss.sleepCallback
                0x2000015c        0x4 ./Drivers/sleep.o
 .bss.wakeUpCallback
                0x20000160        0x4 ./Drivers/sleep.o
 .bss.sleepBlockCnt
                0x20000164        0x2 ./Drivers/sleep.o
 *fill*         0x20000166        0x2 
 .bss.freq      0x20000168        0x4 ./RF24/ustimer.o
 .bss.minTicks  0x2000016c        0x4 ./RF24/ustimer.o
 .bss.timeElapsed
                0x20000170        0x1 ./RF24/ustimer.o
 *fill*         0x20000171        0x3 
 .bss.radio     0x20000174       0x20 ./RF24/utilities.o
                0x20000174                radio
 .bss._SPI      0x20000194        0x4 ./RF24/utilities.o
                0x20000194                _SPI
 .bss.msTicks   0x20000198        0x4 ./RF24/utilities.o
                0x20000198                msTicks
 .bss.data      0x2000019c       0x20 ./src/minimalist_main.o
                0x2000019c                data
 .bss.i2c       0x200001bc        0x4 ./src/minimalist_main.o
                0x200001bc                i2c
 .bss.bmp_available
                0x200001c0        0x1 ./src/minimalist_main.o
                0x200001c0                bmp_available
 .bss.si_available
                0x200001c1        0x1 ./src/minimalist_main.o
                0x200001c1                si_available
 *fill*         0x200001c2        0x2 
 .bss.rtc_id    0x200001c4        0x4 ./src/minimalist_main.o
                0x200001c4                rtc_id
 .bss.__malloc_free_list
                0x200001c8        0x4 t:/siliconlabs/simplicitystudio/v4/developer/toolchains/gnu_arm/4.9_2015q3/bin/../lib/gcc/arm-none-eabi/4.9.3/../../../../arm-none-eabi/lib/armv7-m\libc_nano.a(lib_a-nano-mallocr.o)
                0x200001c8                __malloc_free_list
 *(COMMON)
 COMMON         0x200001cc        0x4 ./CMSIS/EFM32TG/system_efm32tg.o
                0x200001cc                SystemCoreClock
 COMMON         0x200001d0        0x4 t:/siliconlabs/simplicitystudio/v4/developer/toolchains/gnu_arm/4.9_2015q3/bin/../lib/gcc/arm-none-eabi/4.9.3/../../../../arm-none-eabi/lib/armv7-m\libc_nano.a(lib_a-reent.o)
                0x200001d0                errno
                0x200001d4                . = ALIGN (0x4)
                0x200001d4                __bss_end__ = .

.heap           0x200001d8        0x0
                0x200001d8                __HeapBase = .
                0x200001d8                __end__ = .
                0x200001d8                end = __end__
                0x200001d8                _end = __end__
 *(.heap*)
 .heap          0x200001d8        0x0 ./CMSIS/EFM32TG/startup_efm32tg.o
                0x200001d8                __HeapLimit = .

.stack_dummy    0x200001d8      0x400
 *(.stack*)
 .stack         0x200001d8      0x400 ./CMSIS/EFM32TG/startup_efm32tg.o
                0x20001000                __StackTop = (ORIGIN (RAM) + 0x1000)
                0x20000c00                __StackLimit = (__StackTop - SIZEOF (.stack_dummy))
                0x20001000                PROVIDE (__stack, __StackTop)
                0x00000001                ASSERT ((__StackLimit >= __HeapLimit), region RAM overflowed with stack)
                0x00000001                ASSERT ((0x7800 >= (__etext + SIZEOF (.data))), FLASH memory overflowed !)
OUTPUT(ProjectTempSensorCpp.axf elf32-littlearm)

.ARM.attributes
                0x00000000       0x29
 .ARM.attributes
                0x00000000       0x1d t:/siliconlabs/simplicitystudio/v4/developer/toolchains/gnu_arm/4.9_2015q3/bin/../lib/gcc/arm-none-eabi/4.9.3/armv7-m/crti.o
 .ARM.attributes
                0x0000001d       0x2d t:/siliconlabs/simplicitystudio/v4/developer/toolchains/gnu_arm/4.9_2015q3/bin/../lib/gcc/arm-none-eabi/4.9.3/armv7-m/crtbegin.o
 .ARM.attributes
                0x0000004a       0x1b t:/siliconlabs/simplicitystudio/v4/developer/toolchains/gnu_arm/4.9_2015q3/bin/../lib/gcc/arm-none-eabi/4.9.3/../../../../arm-none-eabi/lib/armv7-m/crt0.o
 .ARM.attributes
                0x00000065       0x33 ./emlib/em_gpio.o
 .ARM.attributes
                0x00000098       0x1b ./CMSIS/EFM32TG/startup_efm32tg.o
 .ARM.attributes
                0x000000b3       0x33 ./CMSIS/EFM32TG/system_efm32tg.o
 .ARM.attributes
                0x000000e6       0x33 ./emlib/em_cmu.o
 .ARM.attributes
                0x00000119       0x33 ./emlib/em_core.o
 .ARM.attributes
                0x0000014c       0x33 ./emlib/em_dma.o
 .ARM.attributes
                0x0000017f       0x33 ./emlib/em_emu.o
 .ARM.attributes
                0x000001b2       0x33 ./emlib/em_i2c.o
 .ARM.attributes
                0x000001e5       0x33 ./emlib/em_rmu.o
 .ARM.attributes
                0x00000218       0x33 ./emlib/em_rtc.o
 .ARM.attributes
                0x0000024b       0x33 ./emlib/em_timer.o
 .ARM.attributes
                0x0000027e       0x33 ./emlib/em_usart.o
 .ARM.attributes
                0x000002b1       0x33 ./Drivers/BMP280.o
 .ARM.attributes
                0x000002e4       0x33 ./Drivers/i2cspm.o
 .ARM.attributes
                0x00000317       0x33 ./Drivers/rtcdriver.o
 .ARM.attributes
                0x0000034a       0x33 ./Drivers/si7013.o
 .ARM.attributes
                0x0000037d       0x33 ./Drivers/sleep.o
 .ARM.attributes
                0x000003b0       0x33 ./RF24/HardwareSPI.o
 .ARM.attributes
                0x000003e3       0x33 ./RF24/RF24.o
 .ARM.attributes
                0x00000416       0x33 ./RF24/ustimer.o
 .ARM.attributes
                0x00000449       0x33 ./RF24/utilities.o
 .ARM.attributes
                0x0000047c       0x33 ./src/minimalist_main.o
 .ARM.attributes
                0x000004af       0x1d t:/siliconlabs/simplicitystudio/v4/developer/toolchains/gnu_arm/4.9_2015q3/bin/../lib/gcc/arm-none-eabi/4.9.3/armv7-m\libgcc.a(_aeabi_uldivmod.o)
 .ARM.attributes
                0x000004cc       0x2d t:/siliconlabs/simplicitystudio/v4/developer/toolchains/gnu_arm/4.9_2015q3/bin/../lib/gcc/arm-none-eabi/4.9.3/armv7-m\libgcc.a(bpabi.o)
 .ARM.attributes
                0x000004f9       0x1d t:/siliconlabs/simplicitystudio/v4/developer/toolchains/gnu_arm/4.9_2015q3/bin/../lib/gcc/arm-none-eabi/4.9.3/armv7-m\libgcc.a(_dvmd_tls.o)
 .ARM.attributes
                0x00000516       0x2d t:/siliconlabs/simplicitystudio/v4/developer/toolchains/gnu_arm/4.9_2015q3/bin/../lib/gcc/arm-none-eabi/4.9.3/armv7-m\libgcc.a(_divdi3.o)
 .ARM.attributes
                0x00000543       0x2d t:/siliconlabs/simplicitystudio/v4/developer/toolchains/gnu_arm/4.9_2015q3/bin/../lib/gcc/arm-none-eabi/4.9.3/armv7-m\libgcc.a(_udivdi3.o)
 .ARM.attributes
                0x00000570       0x2d t:/siliconlabs/simplicitystudio/v4/developer/toolchains/gnu_arm/4.9_2015q3/bin/../lib/gcc/arm-none-eabi/4.9.3/../../../../arm-none-eabi/lib/armv7-m\libstdc++_nano.a(atexit_arm.o)
 .ARM.attributes
                0x0000059d       0x2d t:/siliconlabs/simplicitystudio/v4/developer/toolchains/gnu_arm/4.9_2015q3/bin/../lib/gcc/arm-none-eabi/4.9.3/../../../../arm-none-eabi/lib/armv7-m\libstdc++_nano.a(del_op.o)
 .ARM.attributes
                0x000005ca       0x2d t:/siliconlabs/simplicitystudio/v4/developer/toolchains/gnu_arm/4.9_2015q3/bin/../lib/gcc/arm-none-eabi/4.9.3/../../../../arm-none-eabi/lib/armv7-m\libstdc++_nano.a(class_type_info.o)
 .ARM.attributes
                0x000005f7       0x2d t:/siliconlabs/simplicitystudio/v4/developer/toolchains/gnu_arm/4.9_2015q3/bin/../lib/gcc/arm-none-eabi/4.9.3/../../../../arm-none-eabi/lib/armv7-m\libstdc++_nano.a(si_class_type_info.o)
 .ARM.attributes
                0x00000624       0x2d t:/siliconlabs/simplicitystudio/v4/developer/toolchains/gnu_arm/4.9_2015q3/bin/../lib/gcc/arm-none-eabi/4.9.3/../../../../arm-none-eabi/lib/armv7-m\libstdc++_nano.a(tinfo.o)
 .ARM.attributes
                0x00000651       0x2d t:/siliconlabs/simplicitystudio/v4/developer/toolchains/gnu_arm/4.9_2015q3/bin/../lib/gcc/arm-none-eabi/4.9.3/../../../../arm-none-eabi/lib/armv7-m\libc_nano.a(lib_a-cxa_atexit.o)
 .ARM.attributes
                0x0000067e       0x2d t:/siliconlabs/simplicitystudio/v4/developer/toolchains/gnu_arm/4.9_2015q3/bin/../lib/gcc/arm-none-eabi/4.9.3/../../../../arm-none-eabi/lib/armv7-m\libc_nano.a(lib_a-exit.o)
 .ARM.attributes
                0x000006ab       0x2d t:/siliconlabs/simplicitystudio/v4/developer/toolchains/gnu_arm/4.9_2015q3/bin/../lib/gcc/arm-none-eabi/4.9.3/../../../../arm-none-eabi/lib/armv7-m\libc_nano.a(lib_a-impure.o)
 .ARM.attributes
                0x000006d8       0x2d t:/siliconlabs/simplicitystudio/v4/developer/toolchains/gnu_arm/4.9_2015q3/bin/../lib/gcc/arm-none-eabi/4.9.3/../../../../arm-none-eabi/lib/armv7-m\libc_nano.a(lib_a-init.o)
 .ARM.attributes
                0x00000705       0x2d t:/siliconlabs/simplicitystudio/v4/developer/toolchains/gnu_arm/4.9_2015q3/bin/../lib/gcc/arm-none-eabi/4.9.3/../../../../arm-none-eabi/lib/armv7-m\libc_nano.a(lib_a-malloc.o)
 .ARM.attributes
                0x00000732       0x2d t:/siliconlabs/simplicitystudio/v4/developer/toolchains/gnu_arm/4.9_2015q3/bin/../lib/gcc/arm-none-eabi/4.9.3/../../../../arm-none-eabi/lib/armv7-m\libc_nano.a(lib_a-memcpy.o)
 .ARM.attributes
                0x0000075f       0x2d t:/siliconlabs/simplicitystudio/v4/developer/toolchains/gnu_arm/4.9_2015q3/bin/../lib/gcc/arm-none-eabi/4.9.3/../../../../arm-none-eabi/lib/armv7-m\libc_nano.a(lib_a-memset.o)
 .ARM.attributes
                0x0000078c       0x2d t:/siliconlabs/simplicitystudio/v4/developer/toolchains/gnu_arm/4.9_2015q3/bin/../lib/gcc/arm-none-eabi/4.9.3/../../../../arm-none-eabi/lib/armv7-m\libc_nano.a(lib_a-nano-freer.o)
 .ARM.attributes
                0x000007b9       0x2d t:/siliconlabs/simplicitystudio/v4/developer/toolchains/gnu_arm/4.9_2015q3/bin/../lib/gcc/arm-none-eabi/4.9.3/../../../../arm-none-eabi/lib/armv7-m\libc_nano.a(lib_a-nano-mallocr.o)
 .ARM.attributes
                0x000007e6       0x1b t:/siliconlabs/simplicitystudio/v4/developer/toolchains/gnu_arm/4.9_2015q3/bin/../lib/gcc/arm-none-eabi/4.9.3/../../../../arm-none-eabi/lib/armv7-m\libc_nano.a(lib_a-strcmp.o)
 .ARM.attributes
                0x00000801       0x2d t:/siliconlabs/simplicitystudio/v4/developer/toolchains/gnu_arm/4.9_2015q3/bin/../lib/gcc/arm-none-eabi/4.9.3/../../../../arm-none-eabi/lib/armv7-m\libnosys.a(_exit.o)
 .ARM.attributes
                0x0000082e       0x2d t:/siliconlabs/simplicitystudio/v4/developer/toolchains/gnu_arm/4.9_2015q3/bin/../lib/gcc/arm-none-eabi/4.9.3/armv7-m/crtend.o
 .ARM.attributes
                0x0000085b       0x1d t:/siliconlabs/simplicitystudio/v4/developer/toolchains/gnu_arm/4.9_2015q3/bin/../lib/gcc/arm-none-eabi/4.9.3/armv7-m/crtn.o

.comment        0x00000000       0x70
 .comment       0x00000000       0x70 ./emlib/em_gpio.o
                                 0x71 (size before relaxing)
 .comment       0x00000000       0x71 ./CMSIS/EFM32TG/system_efm32tg.o
 .comment       0x00000000       0x71 ./emlib/em_cmu.o
 .comment       0x00000000       0x71 ./emlib/em_core.o
 .comment       0x00000000       0x71 ./emlib/em_dma.o
 .comment       0x00000000       0x71 ./emlib/em_emu.o
 .comment       0x00000000       0x71 ./emlib/em_i2c.o
 .comment       0x00000000       0x71 ./emlib/em_rmu.o
 .comment       0x00000000       0x71 ./emlib/em_rtc.o
 .comment       0x00000000       0x71 ./emlib/em_timer.o
 .comment       0x00000000       0x71 ./emlib/em_usart.o
 .comment       0x00000000       0x71 ./Drivers/BMP280.o
 .comment       0x00000000       0x71 ./Drivers/i2cspm.o
 .comment       0x00000000       0x71 ./Drivers/rtcdriver.o
 .comment       0x00000000       0x71 ./Drivers/si7013.o
 .comment       0x00000000       0x71 ./Drivers/sleep.o
 .comment       0x00000000       0x71 ./RF24/HardwareSPI.o
 .comment       0x00000000       0x71 ./RF24/RF24.o
 .comment       0x00000000       0x71 ./RF24/ustimer.o
 .comment       0x00000000       0x71 ./RF24/utilities.o
 .comment       0x00000000       0x71 ./src/minimalist_main.o

.debug_info     0x00000000    0x129c1
 .debug_info    0x00000000      0x662 ./emlib/em_gpio.o
 .debug_info    0x00000662      0x104 ./CMSIS/EFM32TG/startup_efm32tg.o
 .debug_info    0x00000766      0x5a5 ./CMSIS/EFM32TG/system_efm32tg.o
 .debug_info    0x00000d0b     0x1106 ./emlib/em_cmu.o
 .debug_info    0x00001e11      0xc8e ./emlib/em_core.o
 .debug_info    0x00002a9f     0x105d ./emlib/em_dma.o
 .debug_info    0x00003afc      0x987 ./emlib/em_emu.o
 .debug_info    0x00004483      0x7db ./emlib/em_i2c.o
 .debug_info    0x00004c5e      0x3ea ./emlib/em_rmu.o
 .debug_info    0x00005048      0x347 ./emlib/em_rtc.o
 .debug_info    0x0000538f      0x627 ./emlib/em_timer.o
 .debug_info    0x000059b6      0xe64 ./emlib/em_usart.o
 .debug_info    0x0000681a     0x10ee ./Drivers/BMP280.o
 .debug_info    0x00007908      0x81e ./Drivers/i2cspm.o
 .debug_info    0x00008126      0xc48 ./Drivers/rtcdriver.o
 .debug_info    0x00008d6e      0x77f ./Drivers/si7013.o
 .debug_info    0x000094ed      0x5a2 ./Drivers/sleep.o
 .debug_info    0x00009a8f      0x9fd ./RF24/HardwareSPI.o
 .debug_info    0x0000a48c     0x4602 ./RF24/RF24.o
 .debug_info    0x0000ea8e      0xe98 ./RF24/ustimer.o
 .debug_info    0x0000f926     0x22d5 ./RF24/utilities.o
 .debug_info    0x00011bfb      0xdc6 ./src/minimalist_main.o

.debug_abbrev   0x00000000     0x339e
 .debug_abbrev  0x00000000      0x1d2 ./emlib/em_gpio.o
 .debug_abbrev  0x000001d2       0x14 ./CMSIS/EFM32TG/startup_efm32tg.o
 .debug_abbrev  0x000001e6      0x1a6 ./CMSIS/EFM32TG/system_efm32tg.o
 .debug_abbrev  0x0000038c      0x2da ./emlib/em_cmu.o
 .debug_abbrev  0x00000666      0x23c ./emlib/em_core.o
 .debug_abbrev  0x000008a2      0x23e ./emlib/em_dma.o
 .debug_abbrev  0x00000ae0      0x1e4 ./emlib/em_emu.o
 .debug_abbrev  0x00000cc4      0x24f ./emlib/em_i2c.o
 .debug_abbrev  0x00000f13      0x1d7 ./emlib/em_rmu.o
 .debug_abbrev  0x000010ea      0x19b ./emlib/em_rtc.o
 .debug_abbrev  0x00001285      0x136 ./emlib/em_timer.o
 .debug_abbrev  0x000013bb      0x1e2 ./emlib/em_usart.o
 .debug_abbrev  0x0000159d      0x20e ./Drivers/BMP280.o
 .debug_abbrev  0x000017ab      0x1b1 ./Drivers/i2cspm.o
 .debug_abbrev  0x0000195c      0x2a1 ./Drivers/rtcdriver.o
 .debug_abbrev  0x00001bfd      0x1d3 ./Drivers/si7013.o
 .debug_abbrev  0x00001dd0      0x23b ./Drivers/sleep.o
 .debug_abbrev  0x0000200b      0x2f8 ./RF24/HardwareSPI.o
 .debug_abbrev  0x00002303      0x552 ./RF24/RF24.o
 .debug_abbrev  0x00002855      0x23e ./RF24/ustimer.o
 .debug_abbrev  0x00002a93      0x626 ./RF24/utilities.o
 .debug_abbrev  0x000030b9      0x2e5 ./src/minimalist_main.o

.debug_loc      0x00000000     0x9ce2
 .debug_loc     0x00000000      0x3d0 ./emlib/em_gpio.o
 .debug_loc     0x000003d0      0x31c ./CMSIS/EFM32TG/system_efm32tg.o
 .debug_loc     0x000006ec      0xbcc ./emlib/em_cmu.o
 .debug_loc     0x000012b8      0x88c ./emlib/em_core.o
 .debug_loc     0x00001b44      0x674 ./emlib/em_dma.o
 .debug_loc     0x000021b8      0x390 ./emlib/em_emu.o
 .debug_loc     0x00002548      0x300 ./emlib/em_i2c.o
 .debug_loc     0x00002848      0x23c ./emlib/em_rmu.o
 .debug_loc     0x00002a84      0x28c ./emlib/em_rtc.o
 .debug_loc     0x00002d10      0x114 ./emlib/em_timer.o
 .debug_loc     0x00002e24      0x72e ./emlib/em_usart.o
 .debug_loc     0x00003552     0x1bbf ./Drivers/BMP280.o
 .debug_loc     0x00005111      0x158 ./Drivers/i2cspm.o
 .debug_loc     0x00005269      0x6f0 ./Drivers/rtcdriver.o
 .debug_loc     0x00005959      0x322 ./Drivers/si7013.o
 .debug_loc     0x00005c7b      0x310 ./Drivers/sleep.o
 .debug_loc     0x00005f8b      0x1ad ./RF24/HardwareSPI.o
 .debug_loc     0x00006138     0x2f73 ./RF24/RF24.o
 .debug_loc     0x000090ab      0x644 ./RF24/ustimer.o
 .debug_loc     0x000096ef      0x3b8 ./RF24/utilities.o
 .debug_loc     0x00009aa7      0x23b ./src/minimalist_main.o

.debug_aranges  0x00000000      0xd88
 .debug_aranges
                0x00000000       0x70 ./emlib/em_gpio.o
 .debug_aranges
                0x00000070       0x20 ./CMSIS/EFM32TG/startup_efm32tg.o
 .debug_aranges
                0x00000090       0x70 ./CMSIS/EFM32TG/system_efm32tg.o
 .debug_aranges
                0x00000100      0x140 ./emlib/em_cmu.o
 .debug_aranges
                0x00000240       0xe8 ./emlib/em_core.o
 .debug_aranges
                0x00000328       0xb0 ./emlib/em_dma.o
 .debug_aranges
                0x000003d8       0x78 ./emlib/em_emu.o
 .debug_aranges
                0x00000450       0x60 ./emlib/em_i2c.o
 .debug_aranges
                0x000004b0       0x50 ./emlib/em_rmu.o
 .debug_aranges
                0x00000500       0x58 ./emlib/em_rtc.o
 .debug_aranges
                0x00000558       0x30 ./emlib/em_timer.o
 .debug_aranges
                0x00000588       0xc0 ./emlib/em_usart.o
 .debug_aranges
                0x00000648      0x100 ./Drivers/BMP280.o
 .debug_aranges
                0x00000748       0x38 ./Drivers/i2cspm.o
 .debug_aranges
                0x00000780       0xc8 ./Drivers/rtcdriver.o
 .debug_aranges
                0x00000848       0x68 ./Drivers/si7013.o
 .debug_aranges
                0x000008b0       0x70 ./Drivers/sleep.o
 .debug_aranges
                0x00000920       0x40 ./RF24/HardwareSPI.o
 .debug_aranges
                0x00000960      0x270 ./RF24/RF24.o
 .debug_aranges
                0x00000bd0       0xb0 ./RF24/ustimer.o
 .debug_aranges
                0x00000c80       0xd0 ./RF24/utilities.o
 .debug_aranges
                0x00000d50       0x38 ./src/minimalist_main.o

.debug_ranges   0x00000000     0x1148
 .debug_ranges  0x00000000       0x60 ./emlib/em_gpio.o
 .debug_ranges  0x00000060       0x60 ./CMSIS/EFM32TG/system_efm32tg.o
 .debug_ranges  0x000000c0      0x130 ./emlib/em_cmu.o
 .debug_ranges  0x000001f0       0xd8 ./emlib/em_core.o
 .debug_ranges  0x000002c8       0xa0 ./emlib/em_dma.o
 .debug_ranges  0x00000368       0x68 ./emlib/em_emu.o
 .debug_ranges  0x000003d0       0x50 ./emlib/em_i2c.o
 .debug_ranges  0x00000420       0x40 ./emlib/em_rmu.o
 .debug_ranges  0x00000460       0x48 ./emlib/em_rtc.o
 .debug_ranges  0x000004a8       0x20 ./emlib/em_timer.o
 .debug_ranges  0x000004c8       0xb0 ./emlib/em_usart.o
 .debug_ranges  0x00000578      0x320 ./Drivers/BMP280.o
 .debug_ranges  0x00000898       0x28 ./Drivers/i2cspm.o
 .debug_ranges  0x000008c0       0xb8 ./Drivers/rtcdriver.o
 .debug_ranges  0x00000978       0x58 ./Drivers/si7013.o
 .debug_ranges  0x000009d0       0x60 ./Drivers/sleep.o
 .debug_ranges  0x00000a30       0x58 ./RF24/HardwareSPI.o
 .debug_ranges  0x00000a88      0x4d8 ./RF24/RF24.o
 .debug_ranges  0x00000f60       0xa0 ./RF24/ustimer.o
 .debug_ranges  0x00001000      0x120 ./RF24/utilities.o
 .debug_ranges  0x00001120       0x28 ./src/minimalist_main.o

.debug_macro    0x00000000    0x18dd3
 .debug_macro   0x00000000      0x1f3 ./emlib/em_gpio.o
 .debug_macro   0x000001f3      0x87a ./emlib/em_gpio.o
 .debug_macro   0x00000a6d      0x281 ./emlib/em_gpio.o
 .debug_macro   0x00000cee       0x22 ./emlib/em_gpio.o
 .debug_macro   0x00000d10       0x44 ./emlib/em_gpio.o
 .debug_macro   0x00000d54       0xe3 ./emlib/em_gpio.o
 .debug_macro   0x00000e37       0x22 ./emlib/em_gpio.o
 .debug_macro   0x00000e59      0x1df ./emlib/em_gpio.o
 .debug_macro   0x00001038       0x34 ./emlib/em_gpio.o
 .debug_macro   0x0000106c       0x34 ./emlib/em_gpio.o
 .debug_macro   0x000010a0      0xb80 ./emlib/em_gpio.o
 .debug_macro   0x00001c20      0x771 ./emlib/em_gpio.o
 .debug_macro   0x00002391       0xfa ./emlib/em_gpio.o
 .debug_macro   0x0000248b      0x1af ./emlib/em_gpio.o
 .debug_macro   0x0000263a     0x2faf ./emlib/em_gpio.o
 .debug_macro   0x000055e9      0x37d ./emlib/em_gpio.o
 .debug_macro   0x00005966      0x6d4 ./emlib/em_gpio.o
 .debug_macro   0x0000603a     0x1bba ./emlib/em_gpio.o
 .debug_macro   0x00007bf4      0xf46 ./emlib/em_gpio.o
 .debug_macro   0x00008b3a     0x1c60 ./emlib/em_gpio.o
 .debug_macro   0x0000a79a      0x33a ./emlib/em_gpio.o
 .debug_macro   0x0000aad4      0xfa4 ./emlib/em_gpio.o
 .debug_macro   0x0000ba78      0x851 ./emlib/em_gpio.o
 .debug_macro   0x0000c2c9      0x820 ./emlib/em_gpio.o
 .debug_macro   0x0000cae9     0x1066 ./emlib/em_gpio.o
 .debug_macro   0x0000db4f      0x1c5 ./emlib/em_gpio.o
 .debug_macro   0x0000dd14      0x27c ./emlib/em_gpio.o
 .debug_macro   0x0000df90       0x40 ./emlib/em_gpio.o
 .debug_macro   0x0000dfd0      0x2d5 ./emlib/em_gpio.o
 .debug_macro   0x0000e2a5       0xbe ./emlib/em_gpio.o
 .debug_macro   0x0000e363      0x24d ./emlib/em_gpio.o
 .debug_macro   0x0000e5b0     0x38dd ./emlib/em_gpio.o
 .debug_macro   0x00011e8d      0x17e ./emlib/em_gpio.o
 .debug_macro   0x0001200b      0x17e ./emlib/em_gpio.o
 .debug_macro   0x00012189       0x22 ./emlib/em_gpio.o
 .debug_macro   0x000121ab       0x10 ./emlib/em_gpio.o
 .debug_macro   0x000121bb       0x7d ./emlib/em_gpio.o
 .debug_macro   0x00012238      0x1d4 ./CMSIS/EFM32TG/system_efm32tg.o
 .debug_macro   0x0001240c       0x3a ./CMSIS/EFM32TG/system_efm32tg.o
 .debug_macro   0x00012446      0x25c ./emlib/em_cmu.o
 .debug_macro   0x000126a2      0x22b ./emlib/em_cmu.o
 .debug_macro   0x000128cd       0x58 ./emlib/em_cmu.o
 .debug_macro   0x00012925       0x25 ./emlib/em_cmu.o
 .debug_macro   0x0001294a       0xee ./emlib/em_cmu.o
 .debug_macro   0x00012a38       0x11 ./emlib/em_cmu.o
 .debug_macro   0x00012a49       0x49 ./emlib/em_cmu.o
 .debug_macro   0x00012a92      0x208 ./emlib/em_core.o
 .debug_macro   0x00012c9a       0x43 ./emlib/em_core.o
 .debug_macro   0x00012cdd       0xba ./emlib/em_core.o
 .debug_macro   0x00012d97      0x2da ./emlib/em_dma.o
 .debug_macro   0x00013071       0x35 ./emlib/em_dma.o
 .debug_macro   0x000130a6       0x9c ./emlib/em_dma.o
 .debug_macro   0x00013142       0x16 ./emlib/em_dma.o
 .debug_macro   0x00013158       0x97 ./emlib/em_dma.o
 .debug_macro   0x000131ef      0x29d ./emlib/em_dma.o
 .debug_macro   0x0001348c       0xef ./emlib/em_dma.o
 .debug_macro   0x0001357b       0x10 ./emlib/em_dma.o
 .debug_macro   0x0001358b       0x52 ./emlib/em_dma.o
 .debug_macro   0x000135dd       0x16 ./emlib/em_dma.o
 .debug_macro   0x000135f3       0x43 ./emlib/em_dma.o
 .debug_macro   0x00013636      0x180 ./emlib/em_dma.o
 .debug_macro   0x000137b6       0x10 ./emlib/em_dma.o
 .debug_macro   0x000137c6       0x22 ./emlib/em_dma.o
 .debug_macro   0x000137e8       0xbe ./emlib/em_dma.o
 .debug_macro   0x000138a6       0x16 ./emlib/em_dma.o
 .debug_macro   0x000138bc      0x166 ./emlib/em_dma.o
 .debug_macro   0x00013a22      0x27e ./emlib/em_emu.o
 .debug_macro   0x00013ca0      0x24c ./emlib/em_i2c.o
 .debug_macro   0x00013eec       0x3f ./emlib/em_i2c.o
 .debug_macro   0x00013f2b      0x25c ./emlib/em_rmu.o
 .debug_macro   0x00014187      0x1ee ./emlib/em_rtc.o
 .debug_macro   0x00014375      0x1e1 ./emlib/em_timer.o
 .debug_macro   0x00014556       0x1e ./emlib/em_timer.o
 .debug_macro   0x00014574      0x21d ./emlib/em_usart.o
 .debug_macro   0x00014791       0x27 ./emlib/em_usart.o
 .debug_macro   0x000147b8       0x1a ./Drivers/BMP280.o
 .debug_macro   0x000147d2      0x89e ./Drivers/BMP280.o
 .debug_macro   0x00015070      0x607 ./Drivers/BMP280.o
 .debug_macro   0x00015677      0x21d ./Drivers/i2cspm.o
 .debug_macro   0x00015894       0x45 ./Drivers/i2cspm.o
 .debug_macro   0x000158d9       0x16 ./Drivers/i2cspm.o
 .debug_macro   0x000158ef      0x399 ./Drivers/rtcdriver.o
 .debug_macro   0x00015c88       0x4a ./Drivers/rtcdriver.o
 .debug_macro   0x00015cd2       0x10 ./Drivers/rtcdriver.o
 .debug_macro   0x00015ce2       0x35 ./Drivers/rtcdriver.o
 .debug_macro   0x00015d17       0x64 ./Drivers/rtcdriver.o
 .debug_macro   0x00015d7b       0x10 ./Drivers/rtcdriver.o
 .debug_macro   0x00015d8b       0x10 ./Drivers/rtcdriver.o
 .debug_macro   0x00015d9b       0x28 ./Drivers/rtcdriver.o
 .debug_macro   0x00015dc3      0x25b ./Drivers/si7013.o
 .debug_macro   0x0001601e       0x22 ./Drivers/si7013.o
 .debug_macro   0x00016040      0x2e0 ./Drivers/sleep.o
 .debug_macro   0x00016320       0x1c ./Drivers/sleep.o
 .debug_macro   0x0001633c       0x16 ./Drivers/sleep.o
 .debug_macro   0x00016352      0x10e ./Drivers/sleep.o
 .debug_macro   0x00016460       0x7f ./Drivers/sleep.o
 .debug_macro   0x000164df       0x22 ./Drivers/sleep.o
 .debug_macro   0x00016501      0x209 ./RF24/HardwareSPI.o
 .debug_macro   0x0001670a      0xb80 ./RF24/HardwareSPI.o
 .debug_macro   0x0001728a       0x28 ./RF24/HardwareSPI.o
 .debug_macro   0x000172b2      0x231 ./RF24/HardwareSPI.o
 .debug_macro   0x000174e3      0x330 ./RF24/RF24.o
 .debug_macro   0x00017813      0x226 ./RF24/RF24.o
 .debug_macro   0x00017a39      0x166 ./RF24/RF24.o
 .debug_macro   0x00017b9f       0x2e ./RF24/RF24.o
 .debug_macro   0x00017bcd       0x9c ./RF24/RF24.o
 .debug_macro   0x00017c69       0x35 ./RF24/RF24.o
 .debug_macro   0x00017c9e      0x2b2 ./RF24/RF24.o
 .debug_macro   0x00017f50       0x43 ./RF24/RF24.o
 .debug_macro   0x00017f93      0x197 ./RF24/RF24.o
 .debug_macro   0x0001812a       0x16 ./RF24/RF24.o
 .debug_macro   0x00018140       0x70 ./RF24/RF24.o
 .debug_macro   0x000181b0      0x267 ./RF24/ustimer.o