Archive member included because of file (symbol)

t:/siliconlabs/simplicitystudio/v4/developer/toolchains/gnu_arm/4.9_2015q3/bin/../lib/gcc/arm-none-eabi/4.9.3/armv7-m\libgcc.a(_arm_addsubdf3.o)
                              ./Drivers/BMP280.o (__aeabi_dsub)
t:/siliconlabs/simplicitystudio/v4/developer/toolchains/gnu_arm/4.9_2015q3/bin/../lib/gcc/arm-none-eabi/4.9.3/armv7-m\libgcc.a(_arm_muldivdf3.o)
                              ./Drivers/BMP280.o (__aeabi_dmul)
t:/siliconlabs/simplicitystudio/v4/developer/toolchains/gnu_arm/4.9_2015q3/bin/../lib/gcc/arm-none-eabi/4.9.3/armv7-m\libgcc.a(_arm_cmpdf2.o)
                              ./Drivers/BMP280.o (__aeabi_dcmpeq)
t:/siliconlabs/simplicitystudio/v4/developer/toolchains/gnu_arm/4.9_2015q3/bin/../lib/gcc/arm-none-eabi/4.9.3/armv7-m\libgcc.a(_arm_unorddf2.o)
                              ./Drivers/BMP280.o (__aeabi_dcmpun)
t:/siliconlabs/simplicitystudio/v4/developer/toolchains/gnu_arm/4.9_2015q3/bin/../lib/gcc/arm-none-eabi/4.9.3/armv7-m\libgcc.a(_arm_fixdfsi.o)
                              ./Drivers/BMP280.o (__aeabi_d2iz)
t:/siliconlabs/simplicitystudio/v4/developer/toolchains/gnu_arm/4.9_2015q3/bin/../lib/gcc/arm-none-eabi/4.9.3/armv7-m\libgcc.a(_aeabi_ldivmod.o)
                              ./Drivers/BMP280.o (__aeabi_ldivmod)
t:/siliconlabs/simplicitystudio/v4/developer/toolchains/gnu_arm/4.9_2015q3/bin/../lib/gcc/arm-none-eabi/4.9.3/armv7-m\libgcc.a(_aeabi_uldivmod.o)
                              ./emlib/em_usart.o (__aeabi_uldivmod)
t:/siliconlabs/simplicitystudio/v4/developer/toolchains/gnu_arm/4.9_2015q3/bin/../lib/gcc/arm-none-eabi/4.9.3/armv7-m\libgcc.a(bpabi.o)
                              t:/siliconlabs/simplicitystudio/v4/developer/toolchains/gnu_arm/4.9_2015q3/bin/../lib/gcc/arm-none-eabi/4.9.3/armv7-m\libgcc.a(_aeabi_ldivmod.o) (__gnu_ldivmod_helper)
t:/siliconlabs/simplicitystudio/v4/developer/toolchains/gnu_arm/4.9_2015q3/bin/../lib/gcc/arm-none-eabi/4.9.3/armv7-m\libgcc.a(unwind-arm.o)
                              ./src/main.o (__aeabi_unwind_cpp_pr0)
t:/siliconlabs/simplicitystudio/v4/developer/toolchains/gnu_arm/4.9_2015q3/bin/../lib/gcc/arm-none-eabi/4.9.3/armv7-m\libgcc.a(libunwind.o)
                              t:/siliconlabs/simplicitystudio/v4/developer/toolchains/gnu_arm/4.9_2015q3/bin/../lib/gcc/arm-none-eabi/4.9.3/armv7-m\libgcc.a(unwind-arm.o) (restore_core_regs)
t:/siliconlabs/simplicitystudio/v4/developer/toolchains/gnu_arm/4.9_2015q3/bin/../lib/gcc/arm-none-eabi/4.9.3/armv7-m\libgcc.a(pr-support.o)
                              t:/siliconlabs/simplicitystudio/v4/developer/toolchains/gnu_arm/4.9_2015q3/bin/../lib/gcc/arm-none-eabi/4.9.3/armv7-m\libgcc.a(unwind-arm.o) (__gnu_unwind_execute)
t:/siliconlabs/simplicitystudio/v4/developer/toolchains/gnu_arm/4.9_2015q3/bin/../lib/gcc/arm-none-eabi/4.9.3/armv7-m\libgcc.a(_dvmd_tls.o)
                              t:/siliconlabs/simplicitystudio/v4/developer/toolchains/gnu_arm/4.9_2015q3/bin/../lib/gcc/arm-none-eabi/4.9.3/armv7-m\libgcc.a(_aeabi_ldivmod.o) (__aeabi_ldiv0)
t:/siliconlabs/simplicitystudio/v4/developer/toolchains/gnu_arm/4.9_2015q3/bin/../lib/gcc/arm-none-eabi/4.9.3/armv7-m\libgcc.a(_divdi3.o)
                              t:/siliconlabs/simplicitystudio/v4/developer/toolchains/gnu_arm/4.9_2015q3/bin/../lib/gcc/arm-none-eabi/4.9.3/armv7-m\libgcc.a(bpabi.o) (__divdi3)
t:/siliconlabs/simplicitystudio/v4/developer/toolchains/gnu_arm/4.9_2015q3/bin/../lib/gcc/arm-none-eabi/4.9.3/armv7-m\libgcc.a(_udivdi3.o)
                              t:/siliconlabs/simplicitystudio/v4/developer/toolchains/gnu_arm/4.9_2015q3/bin/../lib/gcc/arm-none-eabi/4.9.3/armv7-m\libgcc.a(bpabi.o) (__udivdi3)
t:/siliconlabs/simplicitystudio/v4/developer/toolchains/gnu_arm/4.9_2015q3/bin/../lib/gcc/arm-none-eabi/4.9.3/../../../../arm-none-eabi/lib/armv7-m\libstdc++_nano.a(atexit_arm.o)
                              ./RF24/utilities.o (__aeabi_atexit)
t:/siliconlabs/simplicitystudio/v4/developer/toolchains/gnu_arm/4.9_2015q3/bin/../lib/gcc/arm-none-eabi/4.9.3/../../../../arm-none-eabi/lib/armv7-m\libstdc++_nano.a(del_op.o)
                              ./RF24/HardwareSPI.o (operator delete(void*))
t:/siliconlabs/simplicitystudio/v4/developer/toolchains/gnu_arm/4.9_2015q3/bin/../lib/gcc/arm-none-eabi/4.9.3/../../../../arm-none-eabi/lib/armv7-m\libstdc++_nano.a(class_type_info.o)
                              ./RF24/HardwareSPI.o (vtable for __cxxabiv1::__class_type_info)
t:/siliconlabs/simplicitystudio/v4/developer/toolchains/gnu_arm/4.9_2015q3/bin/../lib/gcc/arm-none-eabi/4.9.3/../../../../arm-none-eabi/lib/armv7-m\libstdc++_nano.a(si_class_type_info.o)
                              t:/siliconlabs/simplicitystudio/v4/developer/toolchains/gnu_arm/4.9_2015q3/bin/../lib/gcc/arm-none-eabi/4.9.3/../../../../arm-none-eabi/lib/armv7-m\libstdc++_nano.a(class_type_info.o) (vtable for __cxxabiv1::__si_class_type_info)
[...]
Memory Configuration

Name             Origin             Length             Attributes
FLASH            0x00000800         0x00007800         xr
RAM              0x20000000         0x00001000         xrw
*default*        0x00000000         0xffffffff

Linker script and memory map

LOAD t:/siliconlabs/simplicitystudio/v4/developer/toolchains/gnu_arm/4.9_2015q3/bin/../lib/gcc/arm-none-eabi/4.9.3/armv7-m/crti.o
LOAD t:/siliconlabs/simplicitystudio/v4/developer/toolchains/gnu_arm/4.9_2015q3/bin/../lib/gcc/arm-none-eabi/4.9.3/armv7-m/crtbegin.o
LOAD t:/siliconlabs/simplicitystudio/v4/developer/toolchains/gnu_arm/4.9_2015q3/bin/../lib/gcc/arm-none-eabi/4.9.3/../../../../arm-none-eabi/lib/armv7-m/crt0.o
LOAD ./src/main.o
LOAD ./emlib/em_gpio.o
LOAD ./emlib/em_system.o
LOAD ./CMSIS/EFM32TG/startup_efm32tg.o
LOAD ./CMSIS/EFM32TG/system_efm32tg.o
LOAD ./emlib/em_cmu.o
LOAD ./emlib/em_core.o
LOAD ./emlib/em_dbg.o
LOAD ./emlib/em_dma.o
LOAD ./emlib/em_emu.o
LOAD ./emlib/em_i2c.o
LOAD ./emlib/em_int.o
LOAD ./emlib/em_leuart.o
LOAD ./emlib/em_rmu.o
LOAD ./emlib/em_rtc.o
LOAD ./emlib/em_timer.o
LOAD ./emlib/em_usart.o
LOAD ./Drivers/BMP280.o
LOAD ./Drivers/i2cspm.o
LOAD ./Drivers/rtcdriver.o
LOAD ./Drivers/si7013.o
LOAD ./Drivers/sleep.o
LOAD ./RF24/HardwareSPI.o
LOAD ./RF24/RF24.o
LOAD ./RF24/ustimer.o
LOAD ./RF24/utilities.o
START GROUP
LOAD t:/siliconlabs/simplicitystudio/v4/developer/toolchains/gnu_arm/4.9_2015q3/bin/../lib/gcc/arm-none-eabi/4.9.3/armv7-m\libgcc.a
LOAD t:/siliconlabs/simplicitystudio/v4/developer/toolchains/gnu_arm/4.9_2015q3/bin/../lib/gcc/arm-none-eabi/4.9.3/../../../../arm-none-eabi/lib/armv7-m\libnosys.a
END GROUP
LOAD t:/siliconlabs/simplicitystudio/v4/developer/toolchains/gnu_arm/4.9_2015q3/bin/../lib/gcc/arm-none-eabi/4.9.3/../../../../arm-none-eabi/lib/armv7-m\libstdc++_nano.a
LOAD t:/siliconlabs/simplicitystudio/v4/developer/toolchains/gnu_arm/4.9_2015q3/bin/../lib/gcc/arm-none-eabi/4.9.3/../../../../arm-none-eabi/lib/armv7-m\libm.a
LOAD t:/siliconlabs/simplicitystudio/v4/developer/toolchains/gnu_arm/4.9_2015q3/bin/../lib/gcc/arm-none-eabi/4.9.3/../../../../arm-none-eabi/lib/armv7-m\libc_nano.a
START GROUP
LOAD t:/siliconlabs/simplicitystudio/v4/developer/toolchains/gnu_arm/4.9_2015q3/bin/../lib/gcc/arm-none-eabi/4.9.3/armv7-m\libgcc.a
LOAD t:/siliconlabs/simplicitystudio/v4/developer/toolchains/gnu_arm/4.9_2015q3/bin/../lib/gcc/arm-none-eabi/4.9.3/../../../../arm-none-eabi/lib/armv7-m\libg_nano.a
LOAD t:/siliconlabs/simplicitystudio/v4/developer/toolchains/gnu_arm/4.9_2015q3/bin/../lib/gcc/arm-none-eabi/4.9.3/../../../../arm-none-eabi/lib/armv7-m\libc_nano.a
END GROUP
START GROUP
LOAD t:/siliconlabs/simplicitystudio/v4/developer/toolchains/gnu_arm/4.9_2015q3/bin/../lib/gcc/arm-none-eabi/4.9.3/armv7-m\libgcc.a
LOAD t:/siliconlabs/simplicitystudio/v4/developer/toolchains/gnu_arm/4.9_2015q3/bin/../lib/gcc/arm-none-eabi/4.9.3/../../../../arm-none-eabi/lib/armv7-m\libc_nano.a
LOAD t:/siliconlabs/simplicitystudio/v4/developer/toolchains/gnu_arm/4.9_2015q3/bin/../lib/gcc/arm-none-eabi/4.9.3/../../../../arm-none-eabi/lib/armv7-m\libnosys.a
END GROUP
START GROUP
LOAD t:/siliconlabs/simplicitystudio/v4/developer/toolchains/gnu_arm/4.9_2015q3/bin/../lib/gcc/arm-none-eabi/4.9.3/armv7-m\libgcc.a
LOAD t:/siliconlabs/simplicitystudio/v4/developer/toolchains/gnu_arm/4.9_2015q3/bin/../lib/gcc/arm-none-eabi/4.9.3/../../../../arm-none-eabi/lib/armv7-m\libc_nano.a
LOAD t:/siliconlabs/simplicitystudio/v4/developer/toolchains/gnu_arm/4.9_2015q3/bin/../lib/gcc/arm-none-eabi/4.9.3/../../../../arm-none-eabi/lib/armv7-m\libnosys.a
END GROUP
LOAD t:/siliconlabs/simplicitystudio/v4/developer/toolchains/gnu_arm/4.9_2015q3/bin/../lib/gcc/arm-none-eabi/4.9.3/armv7-m/crtend.o
LOAD t:/siliconlabs/simplicitystudio/v4/developer/toolchains/gnu_arm/4.9_2015q3/bin/../lib/gcc/arm-none-eabi/4.9.3/armv7-m/crtn.o

.text           0x00000800     0x6508
 *(.vectors)
 .vectors       0x00000800       0x9c ./CMSIS/EFM32TG/startup_efm32tg.o
                0x00000800                __Vectors
                0x0000089c                __Vectors_End = .
                0x0000009c                __Vectors_Size = (__Vectors_End - __Vectors)
                0x0000089c                __end__ = .
 *(.text*)
 .text          0x0000089c       0x5c t:/siliconlabs/simplicitystudio/v4/developer/toolchains/gnu_arm/4.9_2015q3/bin/../lib/gcc/arm-none-eabi/4.9.3/armv7-m/crtbegin.o
 .text          0x000008f8       0x74 t:/siliconlabs/simplicitystudio/v4/developer/toolchains/gnu_arm/4.9_2015q3/bin/../lib/gcc/arm-none-eabi/4.9.3/../../../../arm-none-eabi/lib/armv7-m/crt0.o
                0x000008f8                _start
                0x000008f8                _mainCRTStartup
 .text._Z15BMP280_I2C_readhhPhh
                0x0000096c       0x38 ./src/main.o
                0x0000096c                BMP280_I2C_read(unsigned char, unsigned char, unsigned char*, unsigned char)
 .text._Z16BMP280_I2C_writehhPhh
                0x000009a4       0x38 ./src/main.o
                0x000009a4                BMP280_I2C_write(unsigned char, unsigned char, unsigned char*, unsigned char)
 .text._Z12read_sensorsv
                0x000009dc       0x68 ./src/main.o
                0x000009dc                read_sensors()
 .text.startup.main
                0x00000a44      0x290 ./src/main.o
                0x00000a44                main
 .text.GPIO_PinOutClear
                0x00000cd4       0x58 ./emlib/em_gpio.o
 .text.GPIO_PinOutSet
                0x00000d2c       0x58 ./emlib/em_gpio.o
 .text.GPIO_PinModeSet
                0x00000d84      0x10c ./emlib/em_gpio.o
                0x00000d84                GPIO_PinModeSet
 .text          0x00000e90       0x30 ./CMSIS/EFM32TG/startup_efm32tg.o
                0x00000e90                Reset_Handler
                0x00000ebc                USART0_TX_IRQHandler
                0x00000ebc                I2C0_IRQHandler
                0x00000ebc                HardFault_Handler
                0x00000ebc                USART1_RX_IRQHandler
                0x00000ebc                PendSV_Handler
                0x00000ebc                NMI_Handler
                0x00000ebc                USART1_TX_IRQHandler
                0x00000ebc                MSC_IRQHandler
                0x00000ebc                ADC0_IRQHandler
                0x00000ebc                UsageFault_Handler
                0x00000ebc                LEUART0_IRQHandler
                0x00000ebc                GPIO_EVEN_IRQHandler
                0x00000ebc                DebugMon_Handler
                0x00000ebc                LCD_IRQHandler
                0x00000ebc                LETIMER0_IRQHandler
                0x00000ebc                TIMER1_IRQHandler
                0x00000ebc                Default_Handler
                0x00000ebc                PCNT0_IRQHandler
                0x00000ebc                ACMP0_IRQHandler
                0x00000ebc                USART0_RX_IRQHandler
                0x00000ebc                MemManage_Handler
                0x00000ebc                SVC_Handler
                0x00000ebc                DAC0_IRQHandler
                0x00000ebc                CMU_IRQHandler
                0x00000ebc                LESENSE_IRQHandler
                0x00000ebc                GPIO_ODD_IRQHandler
                0x00000ebc                AES_IRQHandler
                0x00000ebc                VCMP_IRQHandler
                0x00000ebc                BusFault_Handler
 .text.GetProdRev
                0x00000ec0       0x1c ./CMSIS/EFM32TG/system_efm32tg.o
 .text.SystemCoreClockGet
                0x00000edc       0x34 ./CMSIS/EFM32TG/system_efm32tg.o
                0x00000edc                SystemCoreClockGet
 .text.SystemMaxCoreClockGet
                0x00000f10       0x14 ./CMSIS/EFM32TG/system_efm32tg.o
                0x00000f10                SystemMaxCoreClockGet
 .text.SystemHFClockGet
                0x00000f24       0xf0 ./CMSIS/EFM32TG/system_efm32tg.o
                0x00000f24                SystemHFClockGet
 .text.SystemInit
                0x00001014        0xc ./CMSIS/EFM32TG/system_efm32tg.o
                0x00001014                SystemInit
 .text.SystemLFRCOClockGet
                0x00001020       0x14 ./CMSIS/EFM32TG/system_efm32tg.o
                0x00001020                SystemLFRCOClockGet
 .text.SystemULFRCOClockGet
                0x00001034       0x14 ./CMSIS/EFM32TG/system_efm32tg.o
                0x00001034                SystemULFRCOClockGet
 .text.SystemLFXOClockGet
                0x00001048       0x18 ./CMSIS/EFM32TG/system_efm32tg.o
                0x00001048                SystemLFXOClockGet
 .text.BUS_RegBitWrite
                0x00001060       0x2c ./emlib/em_cmu.o
 .text.BUS_RegBitRead
                0x0000108c       0x2c ./emlib/em_cmu.o
 .text.CMU_DivToLog2
                0x000010b8       0x34 ./emlib/em_cmu.o
 .text.SYSTEM_GetProdRev
                0x000010ec       0x1c ./emlib/em_cmu.o
 .text.auxClkGet
                0x00001108       0xb0 ./emlib/em_cmu.o
 .text.dbgClkGet
                0x000011b8       0x40 ./emlib/em_cmu.o
 .text.flashWaitStateControl
                0x000011f8       0x9c ./emlib/em_cmu.o
 .text.flashWaitStateMax
                0x00001294       0x14 ./emlib/em_cmu.o
 .text.lfClkGet
                0x000012a8       0xe0 ./emlib/em_cmu.o
 .text.syncReg  0x00001388       0x34 ./emlib/em_cmu.o
 .text.CMU_ClockDivSet
                0x000013bc      0x15c ./emlib/em_cmu.o
                0x000013bc                CMU_ClockDivSet
 .text.CMU_ClockEnable
                0x00001518       0xbc ./emlib/em_cmu.o
                0x00001518                CMU_ClockEnable
 .text.CMU_ClockFreqGet
                0x000015d4      0x13c ./emlib/em_cmu.o
                0x000015d4                CMU_ClockFreqGet
 .text.CMU_ClockSelectGet
                0x00001710      0x124 ./emlib/em_cmu.o
                0x00001710                CMU_ClockSelectGet
 .text.CMU_ClockSelectSet
                0x00001834      0x1c0 ./emlib/em_cmu.o
                0x00001834                CMU_ClockSelectSet
 .text.CMU_OscillatorEnable
                0x000019f4       0xc0 ./emlib/em_cmu.o
                0x000019f4                CMU_OscillatorEnable
 .text.CORE_EnterAtomic
                0x00001ab4       0x20 ./emlib/em_core.o
                0x00001ab4                CORE_EnterAtomic
 .text.CORE_ExitAtomic
                0x00001ad4       0x1c ./emlib/em_core.o
                0x00001ad4                CORE_ExitAtomic
 .text.DMA_IRQHandler
                0x00001af0       0xd8 ./emlib/em_dma.o
                0x00001af0                DMA_IRQHandler
 .text.SystemCoreClockUpdate
                0x00001bc8        0xc ./emlib/em_emu.o
 .text.EMU_Unlock
                0x00001bd4       0x18 ./emlib/em_emu.o
 .text.CMU_Lock
                0x00001bec       0x18 ./emlib/em_emu.o
 .text.CMU_Unlock
                0x00001c04       0x1c ./emlib/em_emu.o
 .text.emuRestore
                0x00001c20       0xf0 ./emlib/em_emu.o
 .text.getErrataFixEmuE107En
                0x00001d10       0x58 ./emlib/em_emu.o
 .text.EMU_EnterEM2
                0x00001d68       0x84 ./emlib/em_emu.o
                0x00001d68                EMU_EnterEM2
 .text.EMU_EnterEM3
                0x00001dec       0xa4 ./emlib/em_emu.o
                0x00001dec                EMU_EnterEM3
 .text.EMU_EnterEM4
                0x00001e90       0x50 ./emlib/em_emu.o
                0x00001e90                EMU_EnterEM4
 .text.EMU_UpdateOscConfig
                0x00001ee0       0x1c ./emlib/em_emu.o
                0x00001ee0                EMU_UpdateOscConfig
 .text.BUS_RegBitWrite
                0x00001efc       0x2c ./emlib/em_i2c.o
 .text.BUS_RegMaskedWrite
                0x00001f28       0x28 ./emlib/em_i2c.o
 .text.I2C_BusFreqSet
                0x00001f50       0xfc ./emlib/em_i2c.o
                0x00001f50                I2C_BusFreqSet
 .text.I2C_Init
                0x0000204c       0x5c ./emlib/em_i2c.o
                0x0000204c                I2C_Init
 .text.I2C_Transfer
                0x000020a8      0x420 ./emlib/em_i2c.o
                0x000020a8                I2C_Transfer
 .text.I2C_TransferInit
                0x000024c8       0xc0 ./emlib/em_i2c.o
                0x000024c8                I2C_TransferInit
 .text.BUS_RegBitWrite
                0x00002588       0x2c ./emlib/em_rmu.o
 .text.EMU_Lock
                0x000025b4       0x18 ./emlib/em_rmu.o
 .text.EMU_Unlock
                0x000025cc       0x18 ./emlib/em_rmu.o
 .text.RMU_ResetCauseClear
                0x000025e4       0x50 ./emlib/em_rmu.o
                0x000025e4                RMU_ResetCauseClear
 .text.RMU_ResetCauseGet
                0x00002634       0x6c ./emlib/em_rmu.o
                0x00002634                RMU_ResetCauseGet
 .text.BUS_RegBitWrite
                0x000026a0       0x2c ./emlib/em_rtc.o
 .text.RTC_CompareGet
                0x000026cc       0x3c ./emlib/em_rtc.o
                0x000026cc                RTC_CompareGet
 .text.RTC_CompareSet
                0x00002708       0x4c ./emlib/em_rtc.o
                0x00002708                RTC_CompareSet
 .text.RTC_Enable
                0x00002754       0x20 ./emlib/em_rtc.o
                0x00002754                RTC_Enable
 .text.RTC_Init
                0x00002774       0x50 ./emlib/em_rtc.o
                0x00002774                RTC_Init
 .text.RTC_CounterReset
                0x000027c4       0x14 ./emlib/em_rtc.o
                0x000027c4                RTC_CounterReset
 .text.TIMER_Init
                0x000027d8       0xf4 ./emlib/em_timer.o
                0x000027d8                TIMER_Init
 .text.TIMER_InitCC
                0x000028cc       0xb4 ./emlib/em_timer.o
                0x000028cc                TIMER_InitCC
 .text.BUS_RegMaskedWrite
                0x00002980       0x28 ./emlib/em_usart.o
 .text.USART_BaudrateSyncSet
                0x000029a8       0x74 ./emlib/em_usart.o
                0x000029a8                USART_BaudrateSyncSet
 .text.USART_InitSync
                0x00002a1c       0xa8 ./emlib/em_usart.o
                0x00002a1c                USART_InitSync
 .text.USART_Reset
                0x00002ac4       0x70 ./emlib/em_usart.o
                0x00002ac4                USART_Reset
 .text.USART_SpiTransfer
                0x00002b34       0x40 ./emlib/em_usart.o
                0x00002b34                USART_SpiTransfer
 .text._Z35bmp280_compensate_temperature_int32l
                0x00002b74       0x38 ./Drivers/BMP280.o
                0x00002b74                bmp280_compensate_temperature_int32(long)
 .text._Z32bmp280_compensate_pressure_int32l
                0x00002bac       0xa8 ./Drivers/BMP280.o
                0x00002bac                bmp280_compensate_pressure_int32(long)
 .text._Z39bmp280_read_uncomp_pressure_temperaturePlS_
                0x00002c54       0x60 ./Drivers/BMP280.o
                0x00002c54                bmp280_read_uncomp_pressure_temperature(long*, long*)
 .text._Z32bmp280_read_pressure_temperaturePmPl
                0x00002cb4       0x3c ./Drivers/BMP280.o
                0x00002cb4                bmp280_read_pressure_temperature(unsigned long*, long*)
 .text._Z22bmp280_get_calib_paramv
                0x00002cf0       0xdc ./Drivers/BMP280.o
                0x00002cf0                bmp280_get_calib_param()
 .text._Z11bmp280_initP8bmp280_t
                0x00002dcc       0x58 ./Drivers/BMP280.o
                0x00002dcc                bmp280_init(bmp280_t*)
 .text._Z31bmp280_set_oversamp_temperatureh
                0x00002e24       0x54 ./Drivers/BMP280.o
                0x00002e24                bmp280_set_oversamp_temperature(unsigned char)
 .text._Z21bmp280_set_power_modeh
                0x00002e78       0x40 ./Drivers/BMP280.o
                0x00002e78                bmp280_set_power_mode(unsigned char)
 .text._Z17bmp280_set_filterh
                0x00002eb8       0x54 ./Drivers/BMP280.o
                0x00002eb8                bmp280_set_filter(unsigned char)
 .text._Z20bmp280_set_work_modeh
                0x00002f0c       0xa8 ./Drivers/BMP280.o
                0x00002f0c                bmp280_set_work_mode(unsigned char)
 .text.GPIO_PinOutClear
                0x00002fb4       0x58 ./Drivers/i2cspm.o
 .text.GPIO_PinOutSet
                0x0000300c       0x58 ./Drivers/i2cspm.o
 .text.I2CSPM_Init
                0x00003064       0xcc ./Drivers/i2cspm.o
                0x00003064                I2CSPM_Init
 .text.I2CSPM_Transfer
                0x00003130       0x48 ./Drivers/i2cspm.o
                0x00003130                I2CSPM_Transfer
 .text.NVIC_EnableIRQ
                0x00003178       0x30 ./Drivers/rtcdriver.o
 .text.NVIC_ClearPendingIRQ
                0x000031a8       0x34 ./Drivers/rtcdriver.o
 .text.RTC_CounterGet
                0x000031dc       0x18 ./Drivers/rtcdriver.o
 .text.RTC_IntClear
                0x000031f4       0x1c ./Drivers/rtcdriver.o
 .text.RTC_IntDisable
                0x00003210       0x24 ./Drivers/rtcdriver.o
 .text.RTC_IntEnable
                0x00003234       0x24 ./Drivers/rtcdriver.o
 .text.RTC_IntGetEnabled
                0x00003258       0x24 ./Drivers/rtcdriver.o
 .text.RTCDRV_AllocateTimer
                0x0000327c       0x8c ./Drivers/rtcdriver.o
                0x0000327c                RTCDRV_AllocateTimer
 .text.RTCDRV_Init
                0x00003308       0xa0 ./Drivers/rtcdriver.o
                0x00003308                RTCDRV_Init
 .text.RTCDRV_StartTimer
                0x000033a8      0x350 ./Drivers/rtcdriver.o
                0x000033a8                RTCDRV_StartTimer
 .text.RTCDRV_StopTimer
                0x000036f8       0x70 ./Drivers/rtcdriver.o
                0x000036f8                RTCDRV_StopTimer
 .text.RTC_IRQHandler
                0x00003768       0xb4 ./Drivers/rtcdriver.o
                0x00003768                RTC_IRQHandler
 .text.checkAllTimers
                0x0000381c      0x2a8 ./Drivers/rtcdriver.o
 .text.executeTimerCallbacks
                0x00003ac4       0x64 ./Drivers/rtcdriver.o
 .text.rescheduleRtc
                0x00003b28      0x10c ./Drivers/rtcdriver.o
 .text.Si7013_Measure
                0x00003c34       0x78 ./Drivers/si7013.o
 .text.Si7013_MeasureRHAndTemp
                0x00003cac       0x84 ./Drivers/si7013.o
                0x00003cac                Si7013_MeasureRHAndTemp
 .text.Si7013_Detect
                0x00003d30       0x68 ./Drivers/si7013.o
                0x00003d30                Si7013_Detect
 .text.BUS_RegBitWrite
                0x00003d98       0x2c ./Drivers/sleep.o
 .text.EMU_EnterEM1
                0x00003dc4       0x20 ./Drivers/sleep.o
 .text.EMU_EM2Block
                0x00003de4       0x14 ./Drivers/sleep.o
 .text.SLEEP_Init
                0x00003df8       0x58 ./Drivers/sleep.o
                0x00003df8                SLEEP_Init
 .text.SLEEP_Sleep
                0x00003e50       0x40 ./Drivers/sleep.o
                0x00003e50                SLEEP_Sleep
 .text.SLEEP_SleepBlockBegin
                0x00003e90       0x48 ./Drivers/sleep.o
                0x00003e90                SLEEP_SleepBlockBegin
 .text.SLEEP_LowestEnergyModeGet
                0x00003ed8       0x40 ./Drivers/sleep.o
                0x00003ed8                SLEEP_LowestEnergyModeGet
 .text.enterEMx
                0x00003f18       0x88 ./Drivers/sleep.o
 .text._ZN11HardwareSPID2Ev
                0x00003fa0        0x2 ./RF24/HardwareSPI.o
                0x00003fa0                HardwareSPI::~HardwareSPI()
                0x00003fa0                HardwareSPI::~HardwareSPI()
 .text._ZN11HardwareSPID0Ev
                0x00003fa2        0xc ./RF24/HardwareSPI.o
                0x00003fa2                HardwareSPI::~HardwareSPI()
 *fill*         0x00003fae        0x2 
 .text._ZN11HardwareSPIC2Ev
                0x00003fb0       0x9c ./RF24/HardwareSPI.o
                0x00003fb0                HardwareSPI::HardwareSPI()
                0x00003fb0                HardwareSPI::HardwareSPI()
 .text._ZN11HardwareSPI8transferEh
                0x0000404c        0xc ./RF24/HardwareSPI.o
                0x0000404c                HardwareSPI::transfer(unsigned char)
 .text._ZN4RF243csnEb.part.0
                0x00004058       0x18 ./RF24/RF24.o
 .text._ZN4RF2416beginTransactionEv
                0x00004070       0x18 ./RF24/RF24.o
                0x00004070                RF24::beginTransaction()
 .text._ZN4RF2413read_registerEhPhh
                0x00004088       0x3c ./RF24/RF24.o
                0x00004088                RF24::read_register(unsigned char, unsigned char*, unsigned char)
 .text._ZN4RF2413read_registerEh
                0x000040c4       0x30 ./RF24/RF24.o
                0x000040c4                RF24::read_register(unsigned char)
 .text._ZN4RF2414write_registerEhPKhh
                0x000040f4       0x40 ./RF24/RF24.o
                0x000040f4                RF24::write_register(unsigned char, unsigned char const*, unsigned char)
 .text._ZN4RF2414write_registerEhh
                0x00004134       0x34 ./RF24/RF24.o
                0x00004134                RF24::write_register(unsigned char, unsigned char)
 .text._ZN4RF2413write_payloadEPKvhh
                0x00004168       0x64 ./RF24/RF24.o
                0x00004168                RF24::write_payload(void const*, unsigned char, unsigned char)
 .text._ZN4RF2412read_payloadEPvh
                0x000041cc       0x64 ./RF24/RF24.o
                0x000041cc                RF24::read_payload(void*, unsigned char)
 .text._ZN4RF248spiTransEh
                0x00004230       0x24 ./RF24/RF24.o
                0x00004230                RF24::spiTrans(unsigned char)
 .text._ZN4RF248flush_rxEv
                0x00004254        0x6 ./RF24/RF24.o
                0x00004254                RF24::flush_rx()
 .text._ZN4RF248flush_txEv
                0x0000425a        0x6 ./RF24/RF24.o
                0x0000425a                RF24::flush_tx()
 .text._ZN4RF2410get_statusEv
                0x00004260        0x6 ./RF24/RF24.o
                0x00004260                RF24::get_status()
 *fill*         0x00004266        0x2 
 .text._ZN4RF2412print_statusEh
                0x00004268       0x2c ./RF24/RF24.o
                0x00004268                RF24::print_status(unsigned char)
 .text._ZN4RF2419print_byte_registerEPKchh
                0x00004294       0x44 ./RF24/RF24.o
                0x00004294                RF24::print_byte_register(char const*, unsigned char, unsigned char)
 .text._ZN4RF2422print_address_registerEPKchh
                0x000042d8       0x7c ./RF24/RF24.o
                0x000042d8                RF24::print_address_register(char const*, unsigned char, unsigned char)
 .text._ZN4RF24C2E17GPIO_Port_TypeDeftS0_t
                0x00004354       0x1c ./RF24/RF24.o
                0x00004354                RF24::RF24(GPIO_Port_TypeDef, unsigned short, GPIO_Port_TypeDef, unsigned short)
                0x00004354                RF24::RF24(GPIO_Port_TypeDef, unsigned short, GPIO_Port_TypeDef, unsigned short)
 .text._ZN4RF2410setChannelEh
                0x00004370        0xe ./RF24/RF24.o
                0x00004370                RF24::setChannel(unsigned char)
 *fill*         0x0000437e        0x2 
 .text._ZN4RF2413stopListeningEv
                0x00004380       0x6c ./RF24/RF24.o
                0x00004380                RF24::stopListening()
 .text._ZN4RF249powerDownEv
                0x000043ec       0x30 ./RF24/RF24.o
                0x000043ec                RF24::powerDown()
 .text._ZN4RF247powerUpEv
                0x0000441c       0x2c ./RF24/RF24.o
                0x0000441c                RF24::powerUp()
 .text._ZN4RF2413powerUpNoWaitEv
                0x00004448       0x28 ./RF24/RF24.o
                0x00004448                RF24::powerUpNoWait()
 .text._ZN4RF2414isPowerUpReadyEv
                0x00004470       0x16 ./RF24/RF24.o
                0x00004470                RF24::isPowerUpReady()
 .text._ZN4RF2414startFastWriteEPKvhbb
                0x00004486       0x2e ./RF24/RF24.o
                0x00004486                RF24::startFastWrite(void const*, unsigned char, bool, bool)
 .text._ZN4RF245writeEPKvhb
                0x000044b4       0x4c ./RF24/RF24.o
                0x000044b4                RF24::write(void const*, unsigned char, bool)
 .text._ZN4RF245writeEPKvh
                0x00004500        0x6 ./RF24/RF24.o
                0x00004500                RF24::write(void const*, unsigned char)
 .text._ZN4RF249availableEPh
                0x00004506       0x28 ./RF24/RF24.o
                0x00004506                RF24::available(unsigned char*)
 .text._ZN4RF249availableEv
                0x0000452e        0x6 ./RF24/RF24.o
                0x0000452e                RF24::available()
 .text._ZN4RF244readEPvh
                0x00004534       0x16 ./RF24/RF24.o
                0x00004534                RF24::read(void*, unsigned char)
 .text._ZN4RF2415openWritingPipeEy
                0x0000454a       0x2e ./RF24/RF24.o
                0x0000454a                RF24::openWritingPipe(unsigned long long)
 .text._ZN4RF2415openReadingPipeEhy
                0x00004578       0x70 ./RF24/RF24.o
                0x00004578                RF24::openReadingPipe(unsigned char, unsigned long long)
 .text._ZN4RF2415setAddressWidthEh
                0x000045e8       0x2a ./RF24/RF24.o
                0x000045e8                RF24::setAddressWidth(unsigned char)
 *fill*         0x00004612        0x2 
 .text._ZN4RF2416closeReadingPipeEh
                0x00004614       0x2c ./RF24/RF24.o
                0x00004614                RF24::closeReadingPipe(unsigned char)
 .text._ZN4RF2414startListeningEv
                0x00004640       0x74 ./RF24/RF24.o
                0x00004640                RF24::startListening()
 .text._ZN4RF2410setAutoAckEb
                0x000046b4        0xc ./RF24/RF24.o
                0x000046b4                RF24::setAutoAck(bool)
 .text._ZN4RF2410setPALevelEh
                0x000046c0       0x2e ./RF24/RF24.o
                0x000046c0                RF24::setPALevel(unsigned char)
 .text._ZN4RF2410getPALevelEv
                0x000046ee        0xe ./RF24/RF24.o
                0x000046ee                RF24::getPALevel()
 .text._ZN4RF2411setDataRateE15rf24_datarate_e
                0x000046fc       0x46 ./RF24/RF24.o
                0x000046fc                RF24::setDataRate(rf24_datarate_e)
 .text._ZN4RF2411getDataRateEv
                0x00004742       0x1e ./RF24/RF24.o
                0x00004742                RF24::getDataRate()
 .text._ZN4RF2412setCRCLengthE16rf24_crclength_e
                0x00004760       0x2a ./RF24/RF24.o
                0x00004760                RF24::setCRCLength(rf24_crclength_e)
 .text._ZN4RF2412getCRCLengthEv
                0x0000478a       0x26 ./RF24/RF24.o
                0x0000478a                RF24::getCRCLength()
 .text._ZN4RF2412printDetailsEv
                0x000047b0      0x120 ./RF24/RF24.o
                0x000047b0                RF24::printDetails()
 .text._ZN4RF2410setRetriesEhh
                0x000048d0       0x10 ./RF24/RF24.o
                0x000048d0                RF24::setRetries(unsigned char, unsigned char)
 .text.NVIC_EnableIRQ
                0x000048e0       0x30 ./RF24/ustimer.o
 .text.NVIC_ClearPendingIRQ
                0x00004910       0x34 ./RF24/ustimer.o
 .text.TIMER_CounterGet
                0x00004944       0x18 ./RF24/ustimer.o
 .text.TIMER_IntClear
                0x0000495c       0x1c ./RF24/ustimer.o
 .text.TIMER_IntDisable
                0x00004978       0x24 ./RF24/ustimer.o
 .text.TIMER_IntGet
                0x0000499c       0x18 ./RF24/ustimer.o
 .text.TIMER_TopSet
                0x000049b4       0x1c ./RF24/ustimer.o
 .text.USTIMER_Init
                0x000049d0      0x170 ./RF24/ustimer.o
                0x000049d0                USTIMER_Init
 .text.USTIMER_DelayIntSafe
                0x00004b40       0xa4 ./RF24/ustimer.o
                0x00004b40                USTIMER_DelayIntSafe
 .text.TIMER0_IRQHandler
                0x00004be4       0x34 ./RF24/ustimer.o
                0x00004be4                TIMER0_IRQHandler
 .text.DelayTicksPolled
                0x00004c18       0x40 ./RF24/ustimer.o
 .text._Z11prepareRF24v
                0x00004c58       0x84 ./RF24/utilities.o
                0x00004c58                prepareRF24()
 .text._Z12prepare_uartv
                0x00004cdc        0x2 ./RF24/utilities.o
                0x00004cdc                prepare_uart()
 *fill*         0x00004cde        0x2 
 .text._Z13prepareClocksv
                0x00004ce0       0x80 ./RF24/utilities.o
                0x00004ce0                prepareClocks()
 .text._Z11prepareGPIOv
                0x00004d60       0xa0 ./RF24/utilities.o
                0x00004d60                prepareGPIO()
 .text._Z17delayMicrosecondsm
                0x00004e00        0x4 ./RF24/utilities.o
                0x00004e00                delayMicroseconds(unsigned long)
 .text._Z6millisv
                0x00004e04        0xc ./RF24/utilities.o
                0x00004e04                millis()
 .text.SysTick_Handler
                0x00004e10       0x10 ./RF24/utilities.o
                0x00004e10                SysTick_Handler
 .text._Z5delaym
                0x00004e20       0x14 ./RF24/utilities.o
                0x00004e20                delay(unsigned long)
 .text._Z5printPKcz
                0x00004e34        0x6 ./RF24/utilities.o
                0x00004e34                print(char const*, ...)
 .text._Z7printlnPKcz
                0x00004e3a        0x6 ./RF24/utilities.o
                0x00004e3a                println(char const*, ...)
 .text._Z13prepare_sleepv
                0x00004e40        0xc ./RF24/utilities.o
                0x00004e40                prepare_sleep()
 .text._Z14prepare_wakeupv
                0x00004e4c        0xc ./RF24/utilities.o
                0x00004e4c                prepare_wakeup()
 .text._Z15transmit_packetPvh
                0x00004e58       0x30 ./RF24/utilities.o
                0x00004e58                transmit_packet(void*, unsigned char)
 .text._Z14receive_packetPvh
                0x00004e88       0x4c ./RF24/utilities.o
                0x00004e88                receive_packet(void*, unsigned char)
 .text._Z17reconfigure_radioP16provision_packet
                0x00004ed4       0x28 ./RF24/utilities.o
                0x00004ed4                reconfigure_radio(provision_packet*)
 .text.startup._GLOBAL__sub_I__SPI
                0x00004efc       0x38 ./RF24/utilities.o
 .text          0x00004f34       0x30 t:/siliconlabs/simplicitystudio/v4/developer/toolchains/gnu_arm/4.9_2015q3/bin/../lib/gcc/arm-none-eabi/4.9.3/armv7-m\libgcc.a(_aeabi_uldivmod.o)
                0x00004f34                __aeabi_uldivmod
 .text          0x00004f64       0x60 t:/siliconlabs/simplicitystudio/v4/developer/toolchains/gnu_arm/4.9_2015q3/bin/../lib/gcc/arm-none-eabi/4.9.3/armv7-m\libgcc.a(bpabi.o)
                0x00004f64                __gnu_ldivmod_helper
                0x00004f94                __gnu_uldivmod_helper
 .text          0x00004fc4      0xa54 t:/siliconlabs/simplicitystudio/v4/developer/toolchains/gnu_arm/4.9_2015q3/bin/../lib/gcc/arm-none-eabi/4.9.3/armv7-m\libgcc.a(unwind-arm.o)
                0x000052a4                _Unwind_GetCFA
                0x000052a8                __gnu_Unwind_RaiseException
                0x00005308                __gnu_Unwind_ForcedUnwind
                0x0000531c                __gnu_Unwind_Resume
                0x00005360                __gnu_Unwind_Resume_or_Rethrow
                0x00005374                _Unwind_Complete
                0x00005378                _Unwind_DeleteException
                0x00005384                _Unwind_VRS_Get
                0x000053d4                _Unwind_VRS_Set
                0x00005424                __gnu_Unwind_Backtrace
                0x00005768                __aeabi_unwind_cpp_pr0
                0x0000576c                __aeabi_unwind_cpp_pr1
                0x00005770                __aeabi_unwind_cpp_pr2
                0x00005774                _Unwind_VRS_Pop
 .text          0x00005a18      0x1ac t:/siliconlabs/simplicitystudio/v4/developer/toolchains/gnu_arm/4.9_2015q3/bin/../lib/gcc/arm-none-eabi/4.9.3/armv7-m\libgcc.a(libunwind.o)
                0x00005a18                __restore_core_regs
                0x00005a18                restore_core_regs
                0x00005a30                __gnu_Unwind_Restore_VFP
                0x00005a38                __gnu_Unwind_Save_VFP
                0x00005a40                __gnu_Unwind_Restore_VFP_D
                0x00005a48                __gnu_Unwind_Save_VFP_D
                0x00005a50                __gnu_Unwind_Restore_VFP_D_16_to_31
                0x00005a58                __gnu_Unwind_Save_VFP_D_16_to_31
                0x00005a60                __gnu_Unwind_Restore_WMMXD
                0x00005aa4                __gnu_Unwind_Save_WMMXD
                0x00005ae8                __gnu_Unwind_Restore_WMMXC
                0x00005afc                __gnu_Unwind_Save_WMMXC
                0x00005b10                ___Unwind_RaiseException
                0x00005b10                _Unwind_RaiseException
                0x00005b34                _Unwind_Resume
                0x00005b34                ___Unwind_Resume
                0x00005b58                _Unwind_Resume_or_Rethrow
                0x00005b58                ___Unwind_Resume_or_Rethrow
                0x00005b7c                _Unwind_ForcedUnwind
                0x00005b7c                ___Unwind_ForcedUnwind
                0x00005ba0                ___Unwind_Backtrace
                0x00005ba0                _Unwind_Backtrace
 .text          0x00005bc4      0x37c t:/siliconlabs/simplicitystudio/v4/developer/toolchains/gnu_arm/4.9_2015q3/bin/../lib/gcc/arm-none-eabi/4.9.3/armv7-m\libgcc.a(pr-support.o)
                0x00005c1c                __gnu_unwind_execute
                0x00005ee8                __gnu_unwind_frame
                0x00005f10                _Unwind_GetRegionStart
                0x00005f1c                _Unwind_GetLanguageSpecificData
                0x00005f30                _Unwind_GetDataRelBase
                0x00005f38                _Unwind_GetTextRelBase
 .text          0x00005f40        0x4 t:/siliconlabs/simplicitystudio/v4/developer/toolchains/gnu_arm/4.9_2015q3/bin/../lib/gcc/arm-none-eabi/4.9.3/armv7-m\libgcc.a(_dvmd_tls.o)
                0x00005f40                __aeabi_idiv0
                0x00005f40                __aeabi_ldiv0
 .text          0x00005f44      0x2ac t:/siliconlabs/simplicitystudio/v4/developer/toolchains/gnu_arm/4.9_2015q3/bin/../lib/gcc/arm-none-eabi/4.9.3/armv7-m\libgcc.a(_divdi3.o)
                0x00005f44                __divdi3
 .text          0x000061f0      0x270 t:/siliconlabs/simplicitystudio/v4/developer/toolchains/gnu_arm/4.9_2015q3/bin/../lib/gcc/arm-none-eabi/4.9.3/armv7-m\libgcc.a(_udivdi3.o)
                0x000061f0                __udivdi3
 .text.__aeabi_atexit
                0x00006460        0xa t:/siliconlabs/simplicitystudio/v4/developer/toolchains/gnu_arm/4.9_2015q3/bin/../lib/gcc/arm-none-eabi/4.9.3/../../../../arm-none-eabi/lib/armv7-m\libstdc++_nano.a(atexit_arm.o)
                0x00006460                __aeabi_atexit
 .text._ZdlPv   0x0000646a        0x4 t:/siliconlabs/simplicitystudio/v4/developer/toolchains/gnu_arm/4.9_2015q3/bin/../lib/gcc/arm-none-eabi/4.9.3/../../../../arm-none-eabi/lib/armv7-m\libstdc++_nano.a(del_op.o)
                0x0000646a                operator delete(void*)
 .text._ZNK10__cxxabiv117__class_type_info11__do_upcastEPKS0_PPv
                0x0000646e       0x34 t:/siliconlabs/simplicitystudio/v4/developer/toolchains/gnu_arm/4.9_2015q3/bin/../lib/gcc/arm-none-eabi/4.9.3/../../../../arm-none-eabi/lib/armv7-m\libstdc++_nano.a(class_type_info.o)
                0x0000646e                __cxxabiv1::__class_type_info::__do_upcast(__cxxabiv1::__class_type_info const*, void**) const
 .text._ZNK10__cxxabiv117__class_type_info20__do_find_public_srcEiPKvPKS0_S2_
                0x000064a2        0xc t:/siliconlabs/simplicitystudio/v4/developer/toolchains/gnu_arm/4.9_2015q3/bin/../lib/gcc/arm-none-eabi/4.9.3/../../../../arm-none-eabi/lib/armv7-m\libstdc++_nano.a(class_type_info.o)
                0x000064a2                __cxxabiv1::__class_type_info::__do_find_public_src(int, void const*, __cxxabiv1::__class_type_info const*, void const*) const
 *fill*         0x000064ae        0x2 
 .text._ZN10__cxxabiv117__class_type_infoD2Ev
                0x000064b0       0x14 t:/siliconlabs/simplicitystudio/v4/developer/toolchains/gnu_arm/4.9_2015q3/bin/../lib/gcc/arm-none-eabi/4.9.3/../../../../arm-none-eabi/lib/armv7-m\libstdc++_nano.a(class_type_info.o)
                0x000064b0                __cxxabiv1::__class_type_info::~__class_type_info()
                0x000064b0                __cxxabiv1::__class_type_info::~__class_type_info()
 .text._ZN10__cxxabiv117__class_type_infoD0Ev
                0x000064c4       0x12 t:/siliconlabs/simplicitystudio/v4/developer/toolchains/gnu_arm/4.9_2015q3/bin/../lib/gcc/arm-none-eabi/4.9.3/../../../../arm-none-eabi/lib/armv7-m\libstdc++_nano.a(class_type_info.o)
                0x000064c4                __cxxabiv1::__class_type_info::~__class_type_info()
 .text._ZNK10__cxxabiv117__class_type_info11__do_upcastEPKS0_PKvRNS0_15__upcast_resultE
                0x000064d6       0x18 t:/siliconlabs/simplicitystudio/v4/developer/toolchains/gnu_arm/4.9_2015q3/bin/../lib/gcc/arm-none-eabi/4.9.3/../../../../arm-none-eabi/lib/armv7-m\libstdc++_nano.a(class_type_info.o)
                0x000064d6                __cxxabiv1::__class_type_info::__do_upcast(__cxxabiv1::__class_type_info const*, void const*, __cxxabiv1::__class_type_info::__upcast_result&) const
 .text._ZNK10__cxxabiv117__class_type_info10__do_catchEPKSt9type_infoPPvj
                0x000064ee       0x2a t:/siliconlabs/simplicitystudio/v4/developer/toolchains/gnu_arm/4.9_2015q3/bin/../lib/gcc/arm-none-eabi/4.9.3/../../../../arm-none-eabi/lib/armv7-m\libstdc++_nano.a(class_type_info.o)
                0x000064ee                __cxxabiv1::__class_type_info::__do_catch(std::type_info const*, void**, unsigned int) const
 .text._ZNK10__cxxabiv117__class_type_info12__do_dyncastEiNS0_10__sub_kindEPKS0_PKvS3_S5_RNS0_16__dyncast_resultE
                0x00006518       0x38 t:/siliconlabs/simplicitystudio/v4/developer/toolchains/gnu_arm/4.9_2015q3/bin/../lib/gcc/arm-none-eabi/4.9.3/../../../../arm-none-eabi/lib/armv7-m\libstdc++_nano.a(class_type_info.o)
                0x00006518                __cxxabiv1::__class_type_info::__do_dyncast(int, __cxxabiv1::__class_type_info::__sub_kind, __cxxabiv1::__class_type_info const*, void const*, __cxxabiv1::__class_type_info const*, void const*, __cxxabiv1::__class_type_info::__dyncast_result&) const
 .text._ZN10__cxxabiv120__si_class_type_infoD2Ev
                0x00006550       0x14 t:/siliconlabs/simplicitystudio/v4/developer/toolchains/gnu_arm/4.9_2015q3/bin/../lib/gcc/arm-none-eabi/4.9.3/../../../../arm-none-eabi/lib/armv7-m\libstdc++_nano.a(si_class_type_info.o)
                0x00006550                __cxxabiv1::__si_class_type_info::~__si_class_type_info()
                0x00006550                __cxxabiv1::__si_class_type_info::~__si_class_type_info()
 .text._ZN10__cxxabiv120__si_class_type_infoD0Ev
                0x00006564       0x12 t:/siliconlabs/simplicitystudio/v4/developer/toolchains/gnu_arm/4.9_2015q3/bin/../lib/gcc/arm-none-eabi/4.9.3/../../../../arm-none-eabi/lib/armv7-m\libstdc++_nano.a(si_class_type_info.o)
                0x00006564                __cxxabiv1::__si_class_type_info::~__si_class_type_info()
 .text._ZNK10__cxxabiv120__si_class_type_info20__do_find_public_srcEiPKvPKNS_17__class_type_infoES2_
                0x00006576       0x38 t:/siliconlabs/simplicitystudio/v4/developer/toolchains/gnu_arm/4.9_2015q3/bin/../lib/gcc/arm-none-eabi/4.9.3/../../../../arm-none-eabi/lib/armv7-m\libstdc++_nano.a(si_class_type_info.o)
                0x00006576                __cxxabiv1::__si_class_type_info::__do_find_public_src(int, void const*, __cxxabiv1::__class_type_info const*, void const*) const
 .text._ZNK10__cxxabiv120__si_class_type_info12__do_dyncastEiNS_17__class_type_info10__sub_kindEPKS1_PKvS4_S6_RNS1_16__dyncast_resultE
                0x000065ae       0x7c t:/siliconlabs/simplicitystudio/v4/developer/toolchains/gnu_arm/4.9_2015q3/bin/../lib/gcc/arm-none-eabi/4.9.3/../../../../arm-none-eabi/lib/armv7-m\libstdc++_nano.a(si_class_type_info.o)
                0x000065ae                __cxxabiv1::__si_class_type_info::__do_dyncast(int, __cxxabiv1::__class_type_info::__sub_kind, __cxxabiv1::__class_type_info const*, void const*, __cxxabiv1::__class_type_info const*, void const*, __cxxabiv1::__class_type_info::__dyncast_result&) const
 .text._ZNK10__cxxabiv120__si_class_type_info11__do_upcastEPKNS_17__class_type_infoEPKvRNS1_15__upcast_resultE
                0x0000662a       0x2a t:/siliconlabs/simplicitystudio/v4/developer/toolchains/gnu_arm/4.9_2015q3/bin/../lib/gcc/arm-none-eabi/4.9.3/../../../../arm-none-eabi/lib/armv7-m\libstdc++_nano.a(si_class_type_info.o)
                0x0000662a                __cxxabiv1::__si_class_type_info::__do_upcast(__cxxabiv1::__class_type_info const*, void const*, __cxxabiv1::__class_type_info::__upcast_result&) const
 .text._ZNSt9type_infoD2Ev
                0x00006654        0x2 t:/siliconlabs/simplicitystudio/v4/developer/toolchains/gnu_arm/4.9_2015q3/bin/../lib/gcc/arm-none-eabi/4.9.3/../../../../arm-none-eabi/lib/armv7-m\libstdc++_nano.a(tinfo.o)
                0x00006654                std::type_info::~type_info()
                0x00006654                std::type_info::~type_info()
 .text._ZNKSt9type_info14__is_pointer_pEv
                0x00006656        0x4 t:/siliconlabs/simplicitystudio/v4/developer/toolchains/gnu_arm/4.9_2015q3/bin/../lib/gcc/arm-none-eabi/4.9.3/../../../../arm-none-eabi/lib/armv7-m\libstdc++_nano.a(tinfo.o)
                0x00006656                std::type_info::__is_pointer_p() const
 .text._ZNKSt9type_info15__is_function_pEv
                0x0000665a        0x4 t:/siliconlabs/simplicitystudio/v4/developer/toolchains/gnu_arm/4.9_2015q3/bin/../lib/gcc/arm-none-eabi/4.9.3/../../../../arm-none-eabi/lib/armv7-m\libstdc++_nano.a(tinfo.o)
                0x0000665a                std::type_info::__is_function_p() const
 .text._ZNKSt9type_infoeqERKS_
                0x0000665e       0x2c t:/siliconlabs/simplicitystudio/v4/developer/toolchains/gnu_arm/4.9_2015q3/bin/../lib/gcc/arm-none-eabi/4.9.3/../../../../arm-none-eabi/lib/armv7-m\libstdc++_nano.a(tinfo.o)
                0x0000665e                std::type_info::operator==(std::type_info const&) const
 .text.abort    0x0000668a        0xe t:/siliconlabs/simplicitystudio/v4/developer/toolchains/gnu_arm/4.9_2015q3/bin/../lib/gcc/arm-none-eabi/4.9.3/../../../../arm-none-eabi/lib/armv7-m\libc_nano.a(lib_a-abort.o)
                0x0000668a                abort
 .text.__cxa_atexit
                0x00006698       0x1c t:/siliconlabs/simplicitystudio/v4/developer/toolchains/gnu_arm/4.9_2015q3/bin/../lib/gcc/arm-none-eabi/4.9.3/../../../../arm-none-eabi/lib/armv7-m\libc_nano.a(lib_a-cxa_atexit.o)
                0x00006698                __cxa_atexit
 .text.exit     0x000066b4       0x28 t:/siliconlabs/simplicitystudio/v4/developer/toolchains/gnu_arm/4.9_2015q3/bin/../lib/gcc/arm-none-eabi/4.9.3/../../../../arm-none-eabi/lib/armv7-m\libc_nano.a(lib_a-exit.o)
                0x000066b4                exit
 .text.__libc_init_array
                0x000066dc       0x4c t:/siliconlabs/simplicitystudio/v4/developer/toolchains/gnu_arm/4.9_2015q3/bin/../lib/gcc/arm-none-eabi/4.9.3/../../../../arm-none-eabi/lib/armv7-m\libc_nano.a(lib_a-init.o)
                0x000066dc                __libc_init_array
 .text.free     0x00006728       0x10 t:/siliconlabs/simplicitystudio/v4/developer/toolchains/gnu_arm/4.9_2015q3/bin/../lib/gcc/arm-none-eabi/4.9.3/../../../../arm-none-eabi/lib/armv7-m\libc_nano.a(lib_a-malloc.o)
                0x00006728                free
 .text.memcpy   0x00006738       0x16 t:/siliconlabs/simplicitystudio/v4/developer/toolchains/gnu_arm/4.9_2015q3/bin/../lib/gcc/arm-none-eabi/4.9.3/../../../../arm-none-eabi/lib/armv7-m\libc_nano.a(lib_a-memcpy.o)
                0x00006738                memcpy
 .text.memset   0x0000674e       0x10 t:/siliconlabs/simplicitystudio/v4/developer/toolchains/gnu_arm/4.9_2015q3/bin/../lib/gcc/arm-none-eabi/4.9.3/../../../../arm-none-eabi/lib/armv7-m\libc_nano.a(lib_a-memset.o)
                0x0000674e                memset
 *fill*         0x0000675e        0x2 
 .text._free_r  0x00006760       0x88 t:/siliconlabs/simplicitystudio/v4/developer/toolchains/gnu_arm/4.9_2015q3/bin/../lib/gcc/arm-none-eabi/4.9.3/../../../../arm-none-eabi/lib/armv7-m\libc_nano.a(lib_a-nano-freer.o)
                0x00006760                _free_r
 .text._raise_r
                0x000067e8       0x50 t:/siliconlabs/simplicitystudio/v4/developer/toolchains/gnu_arm/4.9_2015q3/bin/../lib/gcc/arm-none-eabi/4.9.3/../../../../arm-none-eabi/lib/armv7-m\libc_nano.a(lib_a-signal.o)
                0x000067e8                _raise_r
 .text.raise    0x00006838       0x10 t:/siliconlabs/simplicitystudio/v4/developer/toolchains/gnu_arm/4.9_2015q3/bin/../lib/gcc/arm-none-eabi/4.9.3/../../../../arm-none-eabi/lib/armv7-m\libc_nano.a(lib_a-signal.o)
                0x00006838                raise
 .text._kill_r  0x00006848       0x24 t:/siliconlabs/simplicitystudio/v4/developer/toolchains/gnu_arm/4.9_2015q3/bin/../lib/gcc/arm-none-eabi/4.9.3/../../../../arm-none-eabi/lib/armv7-m\libc_nano.a(lib_a-signalr.o)
                0x00006848                _kill_r
 .text._getpid_r
                0x0000686c        0x4 t:/siliconlabs/simplicitystudio/v4/developer/toolchains/gnu_arm/4.9_2015q3/bin/../lib/gcc/arm-none-eabi/4.9.3/../../../../arm-none-eabi/lib/armv7-m\libc_nano.a(lib_a-signalr.o)
                0x0000686c                _getpid_r
 .text          0x00006870       0x14 t:/siliconlabs/simplicitystudio/v4/developer/toolchains/gnu_arm/4.9_2015q3/bin/../lib/gcc/arm-none-eabi/4.9.3/../../../../arm-none-eabi/lib/armv7-m\libc_nano.a(lib_a-strcmp.o)
                0x00006870                strcmp
 .text._getpid  0x00006884       0x10 t:/siliconlabs/simplicitystudio/v4/developer/toolchains/gnu_arm/4.9_2015q3/bin/../lib/gcc/arm-none-eabi/4.9.3/../../../../arm-none-eabi/lib/armv7-m\libnosys.a(getpid.o)
                0x00006884                _getpid
 .text._kill    0x00006894       0x10 t:/siliconlabs/simplicitystudio/v4/developer/toolchains/gnu_arm/4.9_2015q3/bin/../lib/gcc/arm-none-eabi/4.9.3/../../../../arm-none-eabi/lib/armv7-m\libnosys.a(kill.o)
                0x00006894                _kill
 .text._exit    0x000068a4        0x4 t:/siliconlabs/simplicitystudio/v4/developer/toolchains/gnu_arm/4.9_2015q3/bin/../lib/gcc/arm-none-eabi/4.9.3/../../../../arm-none-eabi/lib/armv7-m\libnosys.a(_exit.o)
                0x000068a4                _exit
 *(.init)
 .init          0x000068a8        0x4 t:/siliconlabs/simplicitystudio/v4/developer/toolchains/gnu_arm/4.9_2015q3/bin/../lib/gcc/arm-none-eabi/4.9.3/armv7-m/crti.o
                0x000068a8                _init
 .init          0x000068ac        0x8 t:/siliconlabs/simplicitystudio/v4/developer/toolchains/gnu_arm/4.9_2015q3/bin/../lib/gcc/arm-none-eabi/4.9.3/armv7-m/crtn.o
 *(.fini)
 .fini          0x000068b4        0x4 t:/siliconlabs/simplicitystudio/v4/developer/toolchains/gnu_arm/4.9_2015q3/bin/../lib/gcc/arm-none-eabi/4.9.3/armv7-m/crti.o
                0x000068b4                _fini
 .fini          0x000068b8        0x8 t:/siliconlabs/simplicitystudio/v4/developer/toolchains/gnu_arm/4.9_2015q3/bin/../lib/gcc/arm-none-eabi/4.9.3/armv7-m/crtn.o
 *crtbegin.o(.ctors)
 *crtbegin?.o(.ctors)
 *(EXCLUDE_FILE(*crtend.o *crtend?.o) .ctors)
 *(SORT(.ctors.*))
 *(.ctors)
 *crtbegin.o(.dtors)
 *crtbegin?.o(.dtors)
 *(EXCLUDE_FILE(*crtend.o *crtend?.o) .dtors)
 *(SORT(.dtors.*))
 *(.dtors)
 *(.rodata*)
 .rodata        0x000068c0       0x24 ./src/main.o
 .rodata.str1.1
                0x000068e4       0xa0 ./src/main.o
 .rodata.i2cNSum
                0x00006984        0x4 ./emlib/em_i2c.o
 .rodata.resetCauseMasks
                0x00006988       0x58 ./emlib/em_rmu.o
 .rodata.initRTC
                0x000069e0        0x3 ./Drivers/rtcdriver.o
 *fill*         0x000069e3        0x1 
 .rodata        0x000069e4       0x18 ./RF24/HardwareSPI.o
 *fill*         0x000069fc        0x4 
 .rodata._ZTV11HardwareSPI
                0x00006a00       0x10 ./RF24/HardwareSPI.o
                0x00006a00                vtable for HardwareSPI
 .rodata._ZTS11HardwareSPI
                0x00006a10        0xe ./RF24/HardwareSPI.o
                0x00006a10                typeinfo name for HardwareSPI
 *fill*         0x00006a1e        0x2 
 .rodata._ZTI11HardwareSPI
                0x00006a20        0x8 ./RF24/HardwareSPI.o
                0x00006a20                typeinfo for HardwareSPI
 .rodata._ZL22rf24_crclength_e_str_0
                0x00006a28        0x9 ./RF24/RF24.o
 *fill*         0x00006a31        0x3 
 .rodata._ZL22rf24_crclength_e_str_P
                0x00006a34        0xc ./RF24/RF24.o
 .rodata._ZL19rf24_pa_dbm_e_str_0
                0x00006a40        0x7 ./RF24/RF24.o
 .rodata._ZL18child_payload_size
                0x00006a47        0x6 ./RF24/RF24.o
 .rodata._ZL19rf24_pa_dbm_e_str_2
                0x00006a4d        0x8 ./RF24/RF24.o
 .rodata._ZL19rf24_pa_dbm_e_str_3
                0x00006a55        0x7 ./RF24/RF24.o
 .rodata._ZL19rf24_pa_dbm_e_str_1
                0x00006a5c        0x7 ./RF24/RF24.o
 .rodata._ZL21rf24_datarate_e_str_0
                0x00006a63        0x6 ./RF24/RF24.o
 *fill*         0x00006a69        0x3 
 .rodata._ZL19rf24_pa_dbm_e_str_P
                0x00006a6c       0x10 ./RF24/RF24.o
 .rodata._ZL21rf24_datarate_e_str_1
                0x00006a7c        0x6 ./RF24/RF24.o
 .rodata._ZL21rf24_datarate_e_str_2
                0x00006a82        0x8 ./RF24/RF24.o
 *fill*         0x00006a8a        0x2 
 .rodata._ZL21rf24_datarate_e_str_P
                0x00006a8c        0xc ./RF24/RF24.o
 .rodata._ZL10child_pipe
                0x00006a98        0x6 ./RF24/RF24.o
 .rodata.str1.1
                0x00006a9e      0x12c ./RF24/RF24.o
                                0x134 (size before relaxing)
 .rodata._ZL18rf24_model_e_str_1
                0x00006bca        0xa ./RF24/RF24.o
 .rodata._ZL22rf24_crclength_e_str_1
                0x00006bd4        0x7 ./RF24/RF24.o
 .rodata._ZL22rf24_crclength_e_str_2
                0x00006bdb        0x8 ./RF24/RF24.o
 .rodata._ZL18rf24_model_e_str_0
                0x00006be3        0x9 ./RF24/RF24.o
 .rodata._ZL18rf24_model_e_str_P
                0x00006bec        0x8 ./RF24/RF24.o
 .rodata._ZL17child_pipe_enable
                0x00006bf4        0x6 ./RF24/RF24.o
 *fill*         0x00006bfa        0x6 
 .rodata._ZTVN10__cxxabiv117__class_type_infoE
                0x00006c00       0x2c t:/siliconlabs/simplicitystudio/v4/developer/toolchains/gnu_arm/4.9_2015q3/bin/../lib/gcc/arm-none-eabi/4.9.3/../../../../arm-none-eabi/lib/armv7-m\libstdc++_nano.a(class_type_info.o)
                0x00006c00                vtable for __cxxabiv1::__class_type_info
 .rodata._ZTIN10__cxxabiv117__class_type_infoE
                0x00006c2c        0xc t:/siliconlabs/simplicitystudio/v4/developer/toolchains/gnu_arm/4.9_2015q3/bin/../lib/gcc/arm-none-eabi/4.9.3/../../../../arm-none-eabi/lib/armv7-m\libstdc++_nano.a(class_type_info.o)
                0x00006c2c                typeinfo for __cxxabiv1::__class_type_info
 .rodata._ZTSN10__cxxabiv117__class_type_infoE
                0x00006c38       0x22 t:/siliconlabs/simplicitystudio/v4/developer/toolchains/gnu_arm/4.9_2015q3/bin/../lib/gcc/arm-none-eabi/4.9.3/../../../../arm-none-eabi/lib/armv7-m\libstdc++_nano.a(class_type_info.o)
                0x00006c38                typeinfo name for __cxxabiv1::__class_type_info
 *fill*         0x00006c5a        0x6 
 .rodata._ZTVN10__cxxabiv120__si_class_type_infoE
                0x00006c60       0x2c t:/siliconlabs/simplicitystudio/v4/developer/toolchains/gnu_arm/4.9_2015q3/bin/../lib/gcc/arm-none-eabi/4.9.3/../../../../arm-none-eabi/lib/armv7-m\libstdc++_nano.a(si_class_type_info.o)
                0x00006c60                vtable for __cxxabiv1::__si_class_type_info
 .rodata._ZTIN10__cxxabiv120__si_class_type_infoE
                0x00006c8c        0xc t:/siliconlabs/simplicitystudio/v4/developer/toolchains/gnu_arm/4.9_2015q3/bin/../lib/gcc/arm-none-eabi/4.9.3/../../../../arm-none-eabi/lib/armv7-m\libstdc++_nano.a(si_class_type_info.o)
                0x00006c8c                typeinfo for __cxxabiv1::__si_class_type_info
 .rodata._ZTSN10__cxxabiv120__si_class_type_infoE
                0x00006c98       0x25 t:/siliconlabs/simplicitystudio/v4/developer/toolchains/gnu_arm/4.9_2015q3/bin/../lib/gcc/arm-none-eabi/4.9.3/../../../../arm-none-eabi/lib/armv7-m\libstdc++_nano.a(si_class_type_info.o)
                0x00006c98                typeinfo name for __cxxabiv1::__si_class_type_info
 *fill*         0x00006cbd        0x3 
 .rodata._ZTISt9type_info
                0x00006cc0        0x8 t:/siliconlabs/simplicitystudio/v4/developer/toolchains/gnu_arm/4.9_2015q3/bin/../lib/gcc/arm-none-eabi/4.9.3/../../../../arm-none-eabi/lib/armv7-m\libstdc++_nano.a(tinfo.o)
                0x00006cc0                typeinfo for std::type_info
 .rodata._ZTSSt9type_info
                0x00006cc8        0xd t:/siliconlabs/simplicitystudio/v4/developer/toolchains/gnu_arm/4.9_2015q3/bin/../lib/gcc/arm-none-eabi/4.9.3/../../../../arm-none-eabi/lib/armv7-m\libstdc++_nano.a(tinfo.o)
                0x00006cc8                typeinfo name for std::type_info
 .rodata.str1.1
                0x00006cd5        0x2 t:/siliconlabs/simplicitystudio/v4/developer/toolchains/gnu_arm/4.9_2015q3/bin/../lib/gcc/arm-none-eabi/4.9.3/../../../../arm-none-eabi/lib/armv7-m\libc_nano.a(lib_a-impure.o)
 *fill*         0x00006cd7        0x1 
 .rodata._global_impure_ptr
                0x00006cd8        0x4 t:/siliconlabs/simplicitystudio/v4/developer/toolchains/gnu_arm/4.9_2015q3/bin/../lib/gcc/arm-none-eabi/4.9.3/../../../../arm-none-eabi/lib/armv7-m\libc_nano.a(lib_a-impure.o)
                0x00006cd8                _global_impure_ptr
 *(.eh_frame*)
 .eh_frame      0x00006cdc        0x0 t:/siliconlabs/simplicitystudio/v4/developer/toolchains/gnu_arm/4.9_2015q3/bin/../lib/gcc/arm-none-eabi/4.9.3/armv7-m/crtbegin.o
 .eh_frame      0x00006cdc       0x28 t:/siliconlabs/simplicitystudio/v4/developer/toolchains/gnu_arm/4.9_2015q3/bin/../lib/gcc/arm-none-eabi/4.9.3/../../../../arm-none-eabi/lib/armv7-m\libc_nano.a(lib_a-strcmp.o)
 .eh_frame      0x00006d04        0x4 t:/siliconlabs/simplicitystudio/v4/developer/toolchains/gnu_arm/4.9_2015q3/bin/../lib/gcc/arm-none-eabi/4.9.3/armv7-m/crtend.o

.glue_7         0x00006d08        0x0
 .glue_7        0x00000000        0x0 linker stubs

.glue_7t        0x00006d08        0x0
 .glue_7t       0x00000000        0x0 linker stubs

.vfp11_veneer   0x00006d08        0x0
 .vfp11_veneer  0x00000000        0x0 linker stubs

.v4_bx          0x00006d08        0x0
 .v4_bx         0x00000000        0x0 linker stubs

.iplt           0x00006d08        0x0
 .iplt          0x00000000        0x0 t:/siliconlabs/simplicitystudio/v4/developer/toolchains/gnu_arm/4.9_2015q3/bin/../lib/gcc/arm-none-eabi/4.9.3/armv7-m/crtbegin.o

.ARM.extab      0x00006d08       0x48
 *(.ARM.extab* .gnu.linkonce.armextab.*)
 .ARM.extab.text._ZN4RF2416beginTransactionEv
                0x00006d08        0x0 ./RF24/RF24.o
 .ARM.extab.text._ZN4RF2422print_address_registerEPKchh
                0x00006d08        0xc ./RF24/RF24.o
 .ARM.extab.text._ZN4RF2410getPALevelEv
                0x00006d14        0xc ./RF24/RF24.o
 .ARM.extab.text._ZN4RF2411getDataRateEv
                0x00006d20        0xc ./RF24/RF24.o
 .ARM.extab.text._Z13prepareClocksv
                0x00006d2c        0xc ./RF24/utilities.o
 .ARM.extab     0x00006d38       0x18 t:/siliconlabs/simplicitystudio/v4/developer/toolchains/gnu_arm/4.9_2015q3/bin/../lib/gcc/arm-none-eabi/4.9.3/armv7-m\libgcc.a(pr-support.o)
                0x00006d50                __exidx_start = .

.ARM.exidx      0x00006d50      0x238
 *(.ARM.exidx* .gnu.linkonce.armexidx.*)
 .ARM.exidx     0x00006d50        0x8 t:/siliconlabs/simplicitystudio/v4/developer/toolchains/gnu_arm/4.9_2015q3/bin/../lib/gcc/arm-none-eabi/4.9.3/../../../../arm-none-eabi/lib/armv7-m/crt0.o
 .ARM.exidx.text._Z15BMP280_I2C_readhhPhh
                0x00006d58        0x8 ./src/main.o
 .ARM.exidx.text._Z16BMP280_I2C_writehhPhh
                0x00006d60        0x0 ./src/main.o
                                  0x8 (size before relaxing)
 .ARM.exidx.text._Z12read_sensorsv
                0x00006d60        0x8 ./src/main.o
 .ARM.exidx.text.startup.main
                0x00006d68       0x10 ./src/main.o
                                  0x8 (size before relaxing)
 .ARM.exidx.text._Z35bmp280_compensate_temperature_int32l
                0x00006d78        0x0 ./Drivers/BMP280.o
                                  0x8 (size before relaxing)
 .ARM.exidx.text._Z32bmp280_compensate_pressure_int32l
                0x00006d78        0x0 ./Drivers/BMP280.o
                                  0x8 (size before relaxing)
 .ARM.exidx.text._Z39bmp280_read_uncomp_pressure_temperaturePlS_
                0x00006d78        0x8 ./Drivers/BMP280.o
 .ARM.exidx.text._Z32bmp280_read_pressure_temperaturePmPl
                0x00006d80        0x0 ./Drivers/BMP280.o
                                  0x8 (size before relaxing)
 .ARM.exidx.text._Z22bmp280_get_calib_paramv
                0x00006d80        0x8 ./Drivers/BMP280.o
 .ARM.exidx.text._Z11bmp280_initP8bmp280_t
                0x00006d88        0x8 ./Drivers/BMP280.o
 .ARM.exidx.text._Z31bmp280_set_oversamp_temperatureh
                0x00006d90        0x0 ./Drivers/BMP280.o
                                  0x8 (size before relaxing)
 .ARM.exidx.text._Z21bmp280_set_power_modeh
                0x00006d90        0x8 ./Drivers/BMP280.o
 .ARM.exidx.text._Z17bmp280_set_filterh
                0x00006d98        0x8 ./Drivers/BMP280.o
 .ARM.exidx.text._Z20bmp280_set_work_modeh
                0x00006da0        0x8 ./Drivers/BMP280.o
 .ARM.exidx.text._ZN11HardwareSPID2Ev
                0x00006da8        0x0 ./RF24/HardwareSPI.o
                                  0x8 (size before relaxing)
 .ARM.exidx.text._ZN11HardwareSPID0Ev
                0x00006da8        0x0 ./RF24/HardwareSPI.o
                                  0x8 (size before relaxing)
 .ARM.exidx.text._ZN11HardwareSPIC2Ev
                0x00006da8        0x8 ./RF24/HardwareSPI.o
 .ARM.exidx.text._ZN11HardwareSPI8transferEh
                0x00006db0        0x8 ./RF24/HardwareSPI.o
 .ARM.exidx.text._ZN4RF243csnEb.part.0
                0x00006db8        0x0 ./RF24/RF24.o
                                  0x8 (size before relaxing)
 .ARM.exidx.text._ZN4RF2416beginTransactionEv
                0x00006db8        0x0 ./RF24/RF24.o
                                  0x8 (size before relaxing)
 .ARM.exidx.text._ZN4RF2413read_registerEhPhh
                0x00006db8        0x8 ./RF24/RF24.o
 .ARM.exidx.text._ZN4RF2413read_registerEh
                0x00006dc0        0x8 ./RF24/RF24.o
 .ARM.exidx.text._ZN4RF2414write_registerEhPKhh
                0x00006dc8        0x8 ./RF24/RF24.o
 .ARM.exidx.text._ZN4RF2414write_registerEhh
                0x00006dd0        0x0 ./RF24/RF24.o
                                  0x8 (size before relaxing)
 .ARM.exidx.text._ZN4RF2413write_payloadEPKvhh
                0x00006dd0        0x8 ./RF24/RF24.o
 .ARM.exidx.text._ZN4RF2412read_payloadEPvh
                0x00006dd8        0x0 ./RF24/RF24.o
                                  0x8 (size before relaxing)
 .ARM.exidx.text._ZN4RF248spiTransEh
                0x00006dd8        0x8 ./RF24/RF24.o
 .ARM.exidx.text._ZN4RF248flush_rxEv
                0x00006de0        0x8 ./RF24/RF24.o
 .ARM.exidx.text._ZN4RF248flush_txEv
                0x00006de8        0x0 ./RF24/RF24.o
                                  0x8 (size before relaxing)
 .ARM.exidx.text._ZN4RF2410get_statusEv
                0x00006de8        0x0 ./RF24/RF24.o
                                  0x8 (size before relaxing)
 .ARM.exidx.text._ZN4RF2412print_statusEh
                0x00006de8        0x8 ./RF24/RF24.o
 .ARM.exidx.text._ZN4RF2419print_byte_registerEPKchh
                0x00006df0        0x8 ./RF24/RF24.o
 .ARM.exidx.text._ZN4RF2422print_address_registerEPKchh
                0x00006df8        0x8 ./RF24/RF24.o
 .ARM.exidx.text._ZN4RF24C2E17GPIO_Port_TypeDeftS0_t
                0x00006e00        0x8 ./RF24/RF24.o
 .ARM.exidx.text._ZN4RF2410setChannelEh
                0x00006e08        0x0 ./RF24/RF24.o
                                  0x8 (size before relaxing)
 .ARM.exidx.text._ZN4RF2413stopListeningEv
                0x00006e08        0x8 ./RF24/RF24.o
 .ARM.exidx.text._ZN4RF249powerDownEv
                0x00006e10        0x0 ./RF24/RF24.o
                                  0x8 (size before relaxing)
 .ARM.exidx.text._ZN4RF247powerUpEv
                0x00006e10        0x0 ./RF24/RF24.o
                                  0x8 (size before relaxing)
 .ARM.exidx.text._ZN4RF2413powerUpNoWaitEv
                0x00006e10        0x0 ./RF24/RF24.o
                                  0x8 (size before relaxing)
 .ARM.exidx.text._ZN4RF2414isPowerUpReadyEv
                0x00006e10        0x0 ./RF24/RF24.o
                                  0x8 (size before relaxing)
 .ARM.exidx.text._ZN4RF2414startFastWriteEPKvhbb
                0x00006e10        0x0 ./RF24/RF24.o
                                  0x8 (size before relaxing)
 .ARM.exidx.text._ZN4RF245writeEPKvhb
                0x00006e10        0x8 ./RF24/RF24.o
 .ARM.exidx.text._ZN4RF245writeEPKvh
                0x00006e18        0x8 ./RF24/RF24.o
 .ARM.exidx.text._ZN4RF249availableEPh
                0x00006e20        0x8 ./RF24/RF24.o
 .ARM.exidx.text._ZN4RF249availableEv
                0x00006e28        0x8 ./RF24/RF24.o
 .ARM.exidx.text._ZN4RF244readEPvh
                0x00006e30        0x8 ./RF24/RF24.o
 .ARM.exidx.text._ZN4RF2415openWritingPipeEy
                0x00006e38        0x8 ./RF24/RF24.o
 .ARM.exidx.text._ZN4RF2415openReadingPipeEhy
                0x00006e40        0x0 ./RF24/RF24.o
                                  0x8 (size before relaxing)
 .ARM.exidx.text._ZN4RF2415setAddressWidthEh
                0x00006e40        0x8 ./RF24/RF24.o
 .ARM.exidx.text._ZN4RF2416closeReadingPipeEh
                0x00006e48        0x0 ./RF24/RF24.o
                                  0x8 (size before relaxing)
 .ARM.exidx.text._ZN4RF2414startListeningEv
                0x00006e48        0x8 ./RF24/RF24.o
 .ARM.exidx.text._ZN4RF2410setAutoAckEb
                0x00006e50        0x8 ./RF24/RF24.o
 .ARM.exidx.text._ZN4RF2410setPALevelEh
                0x00006e58        0x8 ./RF24/RF24.o
 .ARM.exidx.text._ZN4RF2410getPALevelEv
                0x00006e60        0x8 ./RF24/RF24.o
 .ARM.exidx.text._ZN4RF2411setDataRateE15rf24_datarate_e
                0x00006e68        0x8 ./RF24/RF24.o
 .ARM.exidx.text._ZN4RF2411getDataRateEv
                0x00006e70        0x8 ./RF24/RF24.o
 .ARM.exidx.text._ZN4RF2412setCRCLengthE16rf24_crclength_e
                0x00006e78        0x8 ./RF24/RF24.o
 .ARM.exidx.text._ZN4RF2412getCRCLengthEv
                0x00006e80        0x0 ./RF24/RF24.o
                                  0x8 (size before relaxing)
 .ARM.exidx.text._ZN4RF2412printDetailsEv
                0x00006e80        0x8 ./RF24/RF24.o
 .ARM.exidx.text._ZN4RF2410setRetriesEhh
                0x00006e88        0x8 ./RF24/RF24.o
 .ARM.exidx.text._Z11prepareRF24v
                0x00006e90        0x8 ./RF24/utilities.o
 .ARM.exidx.text._Z12prepare_uartv
                0x00006e98        0x8 ./RF24/utilities.o
 .ARM.exidx.text._Z13prepareClocksv
                0x00006ea0        0x8 ./RF24/utilities.o
 .ARM.exidx.text._Z11prepareGPIOv
                0x00006ea8        0x8 ./RF24/utilities.o
 .ARM.exidx.text._Z17delayMicrosecondsm
                0x00006eb0        0x8 ./RF24/utilities.o
 .ARM.exidx.text._Z6millisv
                0x00006eb8        0x0 ./RF24/utilities.o
                                  0x8 (size before relaxing)
 .ARM.exidx.text.SysTick_Handler
                0x00006eb8        0x0 ./RF24/utilities.o
                                  0x8 (size before relaxing)
 .ARM.exidx.text._Z5delaym
                0x00006eb8        0x0 ./RF24/utilities.o
                                  0x8 (size before relaxing)
 .ARM.exidx.text._Z5printPKcz
                0x00006eb8        0x0 ./RF24/utilities.o
                                  0x8 (size before relaxing)
 .ARM.exidx.text._Z7printlnPKcz
                0x00006eb8        0x0 ./RF24/utilities.o
                                  0x8 (size before relaxing)
 .ARM.exidx.text._Z13prepare_sleepv
                0x00006eb8        0x0 ./RF24/utilities.o
                                  0x8 (size before relaxing)
 .ARM.exidx.text._Z14prepare_wakeupv
                0x00006eb8        0x0 ./RF24/utilities.o
                                  0x8 (size before relaxing)
 .ARM.exidx.text._Z15transmit_packetPvh
                0x00006eb8        0x8 ./RF24/utilities.o
 .ARM.exidx.text._Z14receive_packetPvh
                0x00006ec0        0x8 ./RF24/utilities.o
 .ARM.exidx.text._Z17reconfigure_radioP16provision_packet
                0x00006ec8        0x8 ./RF24/utilities.o
 .ARM.exidx.text.startup._GLOBAL__sub_I__SPI
                0x00006ed0        0x8 ./RF24/utilities.o
 .ARM.exidx     0x00006ed8       0x78 t:/siliconlabs/simplicitystudio/v4/developer/toolchains/gnu_arm/4.9_2015q3/bin/../lib/gcc/arm-none-eabi/4.9.3/armv7-m\libgcc.a(unwind-arm.o)
                                 0xd8 (size before relaxing)
 .ARM.exidx     0x00006f50       0x38 t:/siliconlabs/simplicitystudio/v4/developer/toolchains/gnu_arm/4.9_2015q3/bin/../lib/gcc/arm-none-eabi/4.9.3/armv7-m\libgcc.a(pr-support.o)
                                 0x48 (size before relaxing)
 .ARM.exidx     0x00006f88        0x0 t:/siliconlabs/simplicitystudio/v4/developer/toolchains/gnu_arm/4.9_2015q3/bin/../lib/gcc/arm-none-eabi/4.9.3/armv7-m\libgcc.a(_divdi3.o)
                                  0x8 (size before relaxing)
 .ARM.exidx     0x00006f88        0x0 t:/siliconlabs/simplicitystudio/v4/developer/toolchains/gnu_arm/4.9_2015q3/bin/../lib/gcc/arm-none-eabi/4.9.3/armv7-m\libgcc.a(_udivdi3.o)
                                  0x8 (size before relaxing)
                0x00006f88                __exidx_end = .
                0x00006f88                __etext = .

.rel.dyn        0x00006f88        0x0
 .rel.iplt      0x00000000        0x0 t:/siliconlabs/simplicitystudio/v4/developer/toolchains/gnu_arm/4.9_2015q3/bin/../lib/gcc/arm-none-eabi/4.9.3/armv7-m/crtbegin.o

.data           0x20000000       0x80 load address 0x00006f88
                0x20000000                __data_start__ = .
 *(vtable)
 *(.data*)
 .data          0x20000000        0x4 t:/siliconlabs/simplicitystudio/v4/developer/toolchains/gnu_arm/4.9_2015q3/bin/../lib/gcc/arm-none-eabi/4.9.3/armv7-m/crtbegin.o
                0x20000000                __dso_handle
 .data.SystemHFXOClock
                0x20000004        0x4 ./CMSIS/EFM32TG/system_efm32tg.o
 .data.SystemLFXOClock
                0x20000008        0x4 ./CMSIS/EFM32TG/system_efm32tg.o
 .data.impure_data
                0x2000000c       0x60 t:/siliconlabs/simplicitystudio/v4/developer/toolchains/gnu_arm/4.9_2015q3/bin/../lib/gcc/arm-none-eabi/4.9.3/../../../../arm-none-eabi/lib/armv7-m\libc_nano.a(lib_a-impure.o)
 .data._impure_ptr
                0x2000006c        0x4 t:/siliconlabs/simplicitystudio/v4/developer/toolchains/gnu_arm/4.9_2015q3/bin/../lib/gcc/arm-none-eabi/4.9.3/../../../../arm-none-eabi/lib/armv7-m\libc_nano.a(lib_a-impure.o)
                0x2000006c                _impure_ptr
                0x20000070                . = ALIGN (0x4)
 *(.ram)
                0x20000070                . = ALIGN (0x4)
                0x20000070                PROVIDE (__preinit_array_start, .)
 *(.preinit_array)
                0x20000070                PROVIDE (__preinit_array_end, .)
                0x20000070                . = ALIGN (0x4)
                0x20000070                PROVIDE (__init_array_start, .)
 *(SORT(.init_array.*))
 *(.init_array)
 .init_array    0x20000070        0x4 t:/siliconlabs/simplicitystudio/v4/developer/toolchains/gnu_arm/4.9_2015q3/bin/../lib/gcc/arm-none-eabi/4.9.3/armv7-m/crtbegin.o
 .init_array    0x20000074        0x4 ./RF24/utilities.o
                0x20000078                PROVIDE (__init_array_end, .)
                0x20000078                . = ALIGN (0x4)
                0x20000078                PROVIDE (__fini_array_start, .)
 *(SORT(.fini_array.*))
 *(.fini_array)
 .fini_array    0x20000078        0x4 t:/siliconlabs/simplicitystudio/v4/developer/toolchains/gnu_arm/4.9_2015q3/bin/../lib/gcc/arm-none-eabi/4.9.3/armv7-m/crtbegin.o
                0x2000007c                PROVIDE (__fini_array_end, .)
 *(.jcr*)
 .jcr           0x2000007c        0x0 t:/siliconlabs/simplicitystudio/v4/developer/toolchains/gnu_arm/4.9_2015q3/bin/../lib/gcc/arm-none-eabi/4.9.3/armv7-m/crtbegin.o
 .jcr           0x2000007c        0x4 t:/siliconlabs/simplicitystudio/v4/developer/toolchains/gnu_arm/4.9_2015q3/bin/../lib/gcc/arm-none-eabi/4.9.3/armv7-m/crtend.o
                0x20000080                . = ALIGN (0x4)
                0x20000080                __data_end__ = .

.igot.plt       0x20000080        0x0 load address 0x00007008
 .igot.plt      0x00000000        0x0 t:/siliconlabs/simplicitystudio/v4/developer/toolchains/gnu_arm/4.9_2015q3/bin/../lib/gcc/arm-none-eabi/4.9.3/armv7-m/crtbegin.o

.bss            0x20000080      0x158 load address 0x00007008
                0x20000080                . = ALIGN (0x4)
                0x20000080                __bss_start__ = .
 *(.bss*)
 .bss           0x20000080       0x1c t:/siliconlabs/simplicitystudio/v4/developer/toolchains/gnu_arm/4.9_2015q3/bin/../lib/gcc/arm-none-eabi/4.9.3/armv7-m/crtbegin.o
 .bss.node_provision_packet
                0x2000009c        0xc ./src/main.o
                0x2000009c                node_provision_packet
 .bss.i2c       0x200000a8        0x4 ./src/main.o
                0x200000a8                i2c
 .bss.bmp_available
                0x200000ac        0x1 ./src/main.o
                0x200000ac                bmp_available
 .bss.si_available
                0x200000ad        0x1 ./src/main.o
                0x200000ad                si_available
 *fill*         0x200000ae        0x2 
 .bss.node_data
                0x200000b0       0x14 ./src/main.o
                0x200000b0                node_data
 .bss.rtc_id    0x200000c4        0x4 ./src/main.o
                0x200000c4                rtc_id
 .bss.cmuStatus
                0x200000c8        0x4 ./emlib/em_emu.o
 .bss.i2cTransfer
                0x200000cc        0xc ./emlib/em_i2c.o
 .bss._ZL8p_bmp280
                0x200000d8        0x4 ./Drivers/BMP280.o
 *fill*         0x200000dc        0x4 
 .bss.timer     0x200000e0       0xa0 ./Drivers/rtcdriver.o
 .bss.lastStart
                0x20000180        0x4 ./Drivers/rtcdriver.o
 .bss.startTimerNestingLevel
                0x20000184        0x4 ./Drivers/rtcdriver.o
 .bss.inTimerIRQ
                0x20000188        0x1 ./Drivers/rtcdriver.o
 .bss.rtcRunning
                0x20000189        0x1 ./Drivers/rtcdriver.o
 .bss.rtcdrvIsInitialized
                0x2000018a        0x1 ./Drivers/rtcdriver.o
 *fill*         0x2000018b        0x1 
 .bss.sleepCallback
                0x2000018c        0x4 ./Drivers/sleep.o
 .bss.wakeUpCallback
                0x20000190        0x4 ./Drivers/sleep.o
 .bss.sleepBlockCnt
                0x20000194        0x2 ./Drivers/sleep.o
 *fill*         0x20000196        0x2 
 .bss.freq      0x20000198        0x4 ./RF24/ustimer.o
 .bss.minTicks  0x2000019c        0x4 ./RF24/ustimer.o
 .bss.timeElapsed
                0x200001a0        0x1 ./RF24/ustimer.o
 *fill*         0x200001a1        0x3 
 .bss.radio     0x200001a4       0x20 ./RF24/utilities.o
                0x200001a4                radio
 .bss._SPI      0x200001c4        0x4 ./RF24/utilities.o
                0x200001c4                _SPI
 .bss.msTicks   0x200001c8        0x4 ./RF24/utilities.o
                0x200001c8                msTicks
 .bss.__malloc_free_list
                0x200001cc        0x4 t:/siliconlabs/simplicitystudio/v4/developer/toolchains/gnu_arm/4.9_2015q3/bin/../lib/gcc/arm-none-eabi/4.9.3/../../../../arm-none-eabi/lib/armv7-m\libc_nano.a(lib_a-nano-mallocr.o)
                0x200001cc                __malloc_free_list
 *(COMMON)
 COMMON         0x200001d0        0x4 ./CMSIS/EFM32TG/system_efm32tg.o
                0x200001d0                SystemCoreClock
 COMMON         0x200001d4        0x4 t:/siliconlabs/simplicitystudio/v4/developer/toolchains/gnu_arm/4.9_2015q3/bin/../lib/gcc/arm-none-eabi/4.9.3/../../../../arm-none-eabi/lib/armv7-m\libc_nano.a(lib_a-reent.o)
                0x200001d4                errno
                0x200001d8                . = ALIGN (0x4)
                0x200001d8                __bss_end__ = .

.heap           0x200001d8        0x0
                0x200001d8                __HeapBase = .
                0x200001d8                __end__ = .
                0x200001d8                end = __end__
                0x200001d8                _end = __end__
 *(.heap*)
 .heap          0x200001d8        0x0 ./CMSIS/EFM32TG/startup_efm32tg.o
                0x200001d8                __HeapLimit = .

.stack_dummy    0x200001d8      0x400
 *(.stack*)
 .stack         0x200001d8      0x400 ./CMSIS/EFM32TG/startup_efm32tg.o
                0x20001000                __StackTop = (ORIGIN (RAM) + 0x1000)
                0x20000c00                __StackLimit = (__StackTop - SIZEOF (.stack_dummy))
                0x20001000                PROVIDE (__stack, __StackTop)
                0x00000001                ASSERT ((__StackLimit >= __HeapLimit), region RAM overflowed with stack)
                0x00000001                ASSERT ((0x7800 >= (__etext + SIZEOF (.data))), FLASH memory overflowed !)
OUTPUT(ProjectTempSensorCpp.axf elf32-littlearm)

.ARM.attributes
                0x00000000       0x29
 .ARM.attributes
                0x00000000       0x1d t:/siliconlabs/simplicitystudio/v4/developer/toolchains/gnu_arm/4.9_2015q3/bin/../lib/gcc/arm-none-eabi/4.9.3/armv7-m/crti.o
 .ARM.attributes
                0x0000001d       0x2d t:/siliconlabs/simplicitystudio/v4/developer/toolchains/gnu_arm/4.9_2015q3/bin/../lib/gcc/arm-none-eabi/4.9.3/armv7-m/crtbegin.o
 .ARM.attributes
                0x0000004a       0x1b t:/siliconlabs/simplicitystudio/v4/developer/toolchains/gnu_arm/4.9_2015q3/bin/../lib/gcc/arm-none-eabi/4.9.3/../../../../arm-none-eabi/lib/armv7-m/crt0.o
 .ARM.attributes
                0x00000065       0x33 ./src/main.o
 .ARM.attributes
                0x00000098       0x33 ./emlib/em_gpio.o
 .ARM.attributes
                0x000000cb       0x1b ./CMSIS/EFM32TG/startup_efm32tg.o
 .ARM.attributes
                0x000000e6       0x33 ./CMSIS/EFM32TG/system_efm32tg.o
 .ARM.attributes
                0x00000119       0x33 ./emlib/em_cmu.o
 .ARM.attributes
                0x0000014c       0x33 ./emlib/em_core.o
 .ARM.attributes
                0x0000017f       0x33 ./emlib/em_dma.o
 .ARM.attributes
                0x000001b2       0x33 ./emlib/em_emu.o
 .ARM.attributes
                0x000001e5       0x33 ./emlib/em_i2c.o
 .ARM.attributes
                0x00000218       0x33 ./emlib/em_rmu.o
 .ARM.attributes
                0x0000024b       0x33 ./emlib/em_rtc.o
 .ARM.attributes
                0x0000027e       0x33 ./emlib/em_timer.o
 .ARM.attributes
                0x000002b1       0x33 ./emlib/em_usart.o
 .ARM.attributes
                0x000002e4       0x33 ./Drivers/BMP280.o
 .ARM.attributes
                0x00000317       0x33 ./Drivers/i2cspm.o
 .ARM.attributes
                0x0000034a       0x33 ./Drivers/rtcdriver.o
 .ARM.attributes
                0x0000037d       0x33 ./Drivers/si7013.o
 .ARM.attributes
                0x000003b0       0x33 ./Drivers/sleep.o
 .ARM.attributes
                0x000003e3       0x33 ./RF24/HardwareSPI.o
 .ARM.attributes
                0x00000416       0x33 ./RF24/RF24.o
 .ARM.attributes
                0x00000449       0x33 ./RF24/ustimer.o
 .ARM.attributes
                0x0000047c       0x33 ./RF24/utilities.o
 .ARM.attributes
                0x000004af       0x1d t:/siliconlabs/simplicitystudio/v4/developer/toolchains/gnu_arm/4.9_2015q3/bin/../lib/gcc/arm-none-eabi/4.9.3/armv7-m\libgcc.a(_aeabi_uldivmod.o)
 .ARM.attributes
                0x000004cc       0x2d t:/siliconlabs/simplicitystudio/v4/developer/toolchains/gnu_arm/4.9_2015q3/bin/../lib/gcc/arm-none-eabi/4.9.3/armv7-m\libgcc.a(bpabi.o)
 .ARM.attributes
                0x000004f9       0x1d t:/siliconlabs/simplicitystudio/v4/developer/toolchains/gnu_arm/4.9_2015q3/bin/../lib/gcc/arm-none-eabi/4.9.3/armv7-m\libgcc.a(_dvmd_tls.o)
 .ARM.attributes
                0x00000516       0x2d t:/siliconlabs/simplicitystudio/v4/developer/toolchains/gnu_arm/4.9_2015q3/bin/../lib/gcc/arm-none-eabi/4.9.3/armv7-m\libgcc.a(_divdi3.o)
 .ARM.attributes
                0x00000543       0x2d t:/siliconlabs/simplicitystudio/v4/developer/toolchains/gnu_arm/4.9_2015q3/bin/../lib/gcc/arm-none-eabi/4.9.3/armv7-m\libgcc.a(_udivdi3.o)
 .ARM.attributes
                0x00000570       0x2d t:/siliconlabs/simplicitystudio/v4/developer/toolchains/gnu_arm/4.9_2015q3/bin/../lib/gcc/arm-none-eabi/4.9.3/../../../../arm-none-eabi/lib/armv7-m\libstdc++_nano.a(atexit_arm.o)
 .ARM.attributes
                0x0000059d       0x2d t:/siliconlabs/simplicitystudio/v4/developer/toolchains/gnu_arm/4.9_2015q3/bin/../lib/gcc/arm-none-eabi/4.9.3/../../../../arm-none-eabi/lib/armv7-m\libstdc++_nano.a(del_op.o)
 .ARM.attributes
                0x000005ca       0x2d t:/siliconlabs/simplicitystudio/v4/developer/toolchains/gnu_arm/4.9_2015q3/bin/../lib/gcc/arm-none-eabi/4.9.3/../../../../arm-none-eabi/lib/armv7-m\libstdc++_nano.a(class_type_info.o)
 .ARM.attributes
                0x000005f7       0x2d t:/siliconlabs/simplicitystudio/v4/developer/toolchains/gnu_arm/4.9_2015q3/bin/../lib/gcc/arm-none-eabi/4.9.3/../../../../arm-none-eabi/lib/armv7-m\libstdc++_nano.a(si_class_type_info.o)
 .ARM.attributes
                0x00000624       0x2d t:/siliconlabs/simplicitystudio/v4/developer/toolchains/gnu_arm/4.9_2015q3/bin/../lib/gcc/arm-none-eabi/4.9.3/../../../../arm-none-eabi/lib/armv7-m\libstdc++_nano.a(tinfo.o)
 .ARM.attributes
                0x00000651       0x2d t:/siliconlabs/simplicitystudio/v4/developer/toolchains/gnu_arm/4.9_2015q3/bin/../lib/gcc/arm-none-eabi/4.9.3/../../../../arm-none-eabi/lib/armv7-m\libc_nano.a(lib_a-cxa_atexit.o)
 .ARM.attributes
                0x0000067e       0x2d t:/siliconlabs/simplicitystudio/v4/developer/toolchains/gnu_arm/4.9_2015q3/bin/../lib/gcc/arm-none-eabi/4.9.3/../../../../arm-none-eabi/lib/armv7-m\libc_nano.a(lib_a-exit.o)
 .ARM.attributes
                0x000006ab       0x2d t:/siliconlabs/simplicitystudio/v4/developer/toolchains/gnu_arm/4.9_2015q3/bin/../lib/gcc/arm-none-eabi/4.9.3/../../../../arm-none-eabi/lib/armv7-m\libc_nano.a(lib_a-impure.o)
 .ARM.attributes
                0x000006d8       0x2d t:/siliconlabs/simplicitystudio/v4/developer/toolchains/gnu_arm/4.9_2015q3/bin/../lib/gcc/arm-none-eabi/4.9.3/../../../../arm-none-eabi/lib/armv7-m\libc_nano.a(lib_a-init.o)
 .ARM.attributes
                0x00000705       0x2d t:/siliconlabs/simplicitystudio/v4/developer/toolchains/gnu_arm/4.9_2015q3/bin/../lib/gcc/arm-none-eabi/4.9.3/../../../../arm-none-eabi/lib/armv7-m\libc_nano.a(lib_a-malloc.o)
 .ARM.attributes
                0x00000732       0x2d t:/siliconlabs/simplicitystudio/v4/developer/toolchains/gnu_arm/4.9_2015q3/bin/../lib/gcc/arm-none-eabi/4.9.3/../../../../arm-none-eabi/lib/armv7-m\libc_nano.a(lib_a-memcpy.o)
 .ARM.attributes
                0x0000075f       0x2d t:/siliconlabs/simplicitystudio/v4/developer/toolchains/gnu_arm/4.9_2015q3/bin/../lib/gcc/arm-none-eabi/4.9.3/../../../../arm-none-eabi/lib/armv7-m\libc_nano.a(lib_a-memset.o)
 .ARM.attributes
                0x0000078c       0x2d t:/siliconlabs/simplicitystudio/v4/developer/toolchains/gnu_arm/4.9_2015q3/bin/../lib/gcc/arm-none-eabi/4.9.3/../../../../arm-none-eabi/lib/armv7-m\libc_nano.a(lib_a-nano-freer.o)
 .ARM.attributes
                0x000007b9       0x2d t:/siliconlabs/simplicitystudio/v4/developer/toolchains/gnu_arm/4.9_2015q3/bin/../lib/gcc/arm-none-eabi/4.9.3/../../../../arm-none-eabi/lib/armv7-m\libc_nano.a(lib_a-nano-mallocr.o)
 .ARM.attributes
                0x000007e6       0x1b t:/siliconlabs/simplicitystudio/v4/developer/toolchains/gnu_arm/4.9_2015q3/bin/../lib/gcc/arm-none-eabi/4.9.3/../../../../arm-none-eabi/lib/armv7-m\libc_nano.a(lib_a-strcmp.o)
 .ARM.attributes
                0x00000801       0x2d t:/siliconlabs/simplicitystudio/v4/developer/toolchains/gnu_arm/4.9_2015q3/bin/../lib/gcc/arm-none-eabi/4.9.3/../../../../arm-none-eabi/lib/armv7-m\libnosys.a(_exit.o)
 .ARM.attributes
                0x0000082e       0x2d t:/siliconlabs/simplicitystudio/v4/developer/toolchains/gnu_arm/4.9_2015q3/bin/../lib/gcc/arm-none-eabi/4.9.3/armv7-m/crtend.o
 .ARM.attributes
                0x0000085b       0x1d t:/siliconlabs/simplicitystudio/v4/developer/toolchains/gnu_arm/4.9_2015q3/bin/../lib/gcc/arm-none-eabi/4.9.3/armv7-m/crtn.o

.comment        0x00000000       0x70
 .comment       0x00000000       0x70 ./src/main.o
                                 0x71 (size before relaxing)
 .comment       0x00000000       0x71 ./emlib/em_gpio.o
 .comment       0x00000000       0x71 ./CMSIS/EFM32TG/system_efm32tg.o
 .comment       0x00000000       0x71 ./emlib/em_cmu.o
 .comment       0x00000000       0x71 ./emlib/em_core.o
 .comment       0x00000000       0x71 ./emlib/em_dma.o
 .comment       0x00000000       0x71 ./emlib/em_emu.o
 .comment       0x00000000       0x71 ./emlib/em_i2c.o
 .comment       0x00000000       0x71 ./emlib/em_rmu.o
 .comment       0x00000000       0x71 ./emlib/em_rtc.o
 .comment       0x00000000       0x71 ./emlib/em_timer.o
 .comment       0x00000000       0x71 ./emlib/em_usart.o
 .comment       0x00000000       0x71 ./Drivers/BMP280.o
 .comment       0x00000000       0x71 ./Drivers/i2cspm.o
 .comment       0x00000000       0x71 ./Drivers/rtcdriver.o
 .comment       0x00000000       0x71 ./Drivers/si7013.o
 .comment       0x00000000       0x71 ./Drivers/sleep.o
 .comment       0x00000000       0x71 ./RF24/HardwareSPI.o
 .comment       0x00000000       0x71 ./RF24/RF24.o
 .comment       0x00000000       0x71 ./RF24/ustimer.o
 .comment       0x00000000       0x71 ./RF24/utilities.o

.debug_info     0x00000000    0x131b9
 .debug_info    0x00000000     0x15c7 ./src/main.o
 .debug_info    0x000015c7      0x662 ./emlib/em_gpio.o
 .debug_info    0x00001c29      0x104 ./CMSIS/EFM32TG/startup_efm32tg.o
 .debug_info    0x00001d2d      0x5a5 ./CMSIS/EFM32TG/system_efm32tg.o
 .debug_info    0x000022d2     0x1106 ./emlib/em_cmu.o
 .debug_info    0x000033d8      0xc8e ./emlib/em_core.o
 .debug_info    0x00004066     0x105d ./emlib/em_dma.o
 .debug_info    0x000050c3      0x987 ./emlib/em_emu.o
 .debug_info    0x00005a4a      0x7db ./emlib/em_i2c.o
 .debug_info    0x00006225      0x3ea ./emlib/em_rmu.o
 .debug_info    0x0000660f      0x347 ./emlib/em_rtc.o
 .debug_info    0x00006956      0x627 ./emlib/em_timer.o
 .debug_info    0x00006f7d      0xe64 ./emlib/em_usart.o
 .debug_info    0x00007de1     0x10ee ./Drivers/BMP280.o
 .debug_info    0x00008ecf      0x81e ./Drivers/i2cspm.o
 .debug_info    0x000096ed      0xc48 ./Drivers/rtcdriver.o
 .debug_info    0x0000a335      0x77f ./Drivers/si7013.o
 .debug_info    0x0000aab4      0x5a2 ./Drivers/sleep.o
 .debug_info    0x0000b056      0x9fd ./RF24/HardwareSPI.o
 .debug_info    0x0000ba53     0x4602 ./RF24/RF24.o
 .debug_info    0x00010055      0xe98 ./RF24/ustimer.o
 .debug_info    0x00010eed     0x22cc ./RF24/utilities.o

.debug_abbrev   0x00000000     0x344f
 .debug_abbrev  0x00000000      0x40a ./src/main.o
 .debug_abbrev  0x0000040a      0x1d2 ./emlib/em_gpio.o
 .debug_abbrev  0x000005dc       0x14 ./CMSIS/EFM32TG/startup_efm32tg.o
 .debug_abbrev  0x000005f0      0x1a6 ./CMSIS/EFM32TG/system_efm32tg.o
 .debug_abbrev  0x00000796      0x2da ./emlib/em_cmu.o
 .debug_abbrev  0x00000a70      0x23c ./emlib/em_core.o
 .debug_abbrev  0x00000cac      0x23e ./emlib/em_dma.o
 .debug_abbrev  0x00000eea      0x1e4 ./emlib/em_emu.o
 .debug_abbrev  0x000010ce      0x24f ./emlib/em_i2c.o
 .debug_abbrev  0x0000131d      0x1d7 ./emlib/em_rmu.o
 .debug_abbrev  0x000014f4      0x19b ./emlib/em_rtc.o
 .debug_abbrev  0x0000168f      0x136 ./emlib/em_timer.o
 .debug_abbrev  0x000017c5      0x1e2 ./emlib/em_usart.o
 .debug_abbrev  0x000019a7      0x20e ./Drivers/BMP280.o
 .debug_abbrev  0x00001bb5      0x1b1 ./Drivers/i2cspm.o
 .debug_abbrev  0x00001d66      0x2a1 ./Drivers/rtcdriver.o
 .debug_abbrev  0x00002007      0x1d3 ./Drivers/si7013.o
 .debug_abbrev  0x000021da      0x23b ./Drivers/sleep.o
 .debug_abbrev  0x00002415      0x2f8 ./RF24/HardwareSPI.o
 .debug_abbrev  0x0000270d      0x552 ./RF24/RF24.o
 .debug_abbrev  0x00002c5f      0x23e ./RF24/ustimer.o
 .debug_abbrev  0x00002e9d      0x5b2 ./RF24/utilities.o

.debug_loc      0x00000000     0x9da0
 .debug_loc     0x00000000      0x2f9 ./src/main.o
 .debug_loc     0x000002f9      0x3d0 ./emlib/em_gpio.o
 .debug_loc     0x000006c9      0x31c ./CMSIS/EFM32TG/system_efm32tg.o
 .debug_loc     0x000009e5      0xbcc ./emlib/em_cmu.o
 .debug_loc     0x000015b1      0x88c ./emlib/em_core.o
 .debug_loc     0x00001e3d      0x674 ./emlib/em_dma.o
 .debug_loc     0x000024b1      0x390 ./emlib/em_emu.o
 .debug_loc     0x00002841      0x300 ./emlib/em_i2c.o
 .debug_loc     0x00002b41      0x23c ./emlib/em_rmu.o
 .debug_loc     0x00002d7d      0x28c ./emlib/em_rtc.o
 .debug_loc     0x00003009      0x114 ./emlib/em_timer.o
 .debug_loc     0x0000311d      0x72e ./emlib/em_usart.o
 .debug_loc     0x0000384b     0x1bbf ./Drivers/BMP280.o
 .debug_loc     0x0000540a      0x158 ./Drivers/i2cspm.o
 .debug_loc     0x00005562      0x6f0 ./Drivers/rtcdriver.o
 .debug_loc     0x00005c52      0x322 ./Drivers/si7013.o
 .debug_loc     0x00005f74      0x310 ./Drivers/sleep.o
 .debug_loc     0x00006284      0x1ad ./RF24/HardwareSPI.o
 .debug_loc     0x00006431     0x2f73 ./RF24/RF24.o
 .debug_loc     0x000093a4      0x644 ./RF24/ustimer.o
 .debug_loc     0x000099e8      0x3b8 ./RF24/utilities.o

.debug_aranges  0x00000000      0xd88
 .debug_aranges
                0x00000000       0x38 ./src/main.o
 .debug_aranges
                0x00000038       0x70 ./emlib/em_gpio.o
 .debug_aranges
                0x000000a8       0x20 ./CMSIS/EFM32TG/startup_efm32tg.o
 .debug_aranges
                0x000000c8       0x70 ./CMSIS/EFM32TG/system_efm32tg.o
 .debug_aranges
                0x00000138      0x140 ./emlib/em_cmu.o
 .debug_aranges
                0x00000278       0xe8 ./emlib/em_core.o
 .debug_aranges
                0x00000360       0xb0 ./emlib/em_dma.o
 .debug_aranges
                0x00000410       0x78 ./emlib/em_emu.o
 .debug_aranges
                0x00000488       0x60 ./emlib/em_i2c.o
 .debug_aranges
                0x000004e8       0x50 ./emlib/em_rmu.o
 .debug_aranges
                0x00000538       0x58 ./emlib/em_rtc.o
 .debug_aranges
                0x00000590       0x30 ./emlib/em_timer.o
 .debug_aranges
                0x000005c0       0xc0 ./emlib/em_usart.o
 .debug_aranges
                0x00000680      0x100 ./Drivers/BMP280.o
 .debug_aranges
                0x00000780       0x38 ./Drivers/i2cspm.o
 .debug_aranges
                0x000007b8       0xc8 ./Drivers/rtcdriver.o
 .debug_aranges
                0x00000880       0x68 ./Drivers/si7013.o
 .debug_aranges
                0x000008e8       0x70 ./Drivers/sleep.o
 .debug_aranges
                0x00000958       0x40 ./RF24/HardwareSPI.o
 .debug_aranges
                0x00000998      0x270 ./RF24/RF24.o
 .debug_aranges
                0x00000c08       0xb0 ./RF24/ustimer.o
 .debug_aranges
                0x00000cb8       0xd0 ./RF24/utilities.o

.debug_ranges   0x00000000     0x1160
 .debug_ranges  0x00000000       0x40 ./src/main.o
 .debug_ranges  0x00000040       0x60 ./emlib/em_gpio.o
 .debug_ranges  0x000000a0       0x60 ./CMSIS/EFM32TG/system_efm32tg.o
 .debug_ranges  0x00000100      0x130 ./emlib/em_cmu.o
 .debug_ranges  0x00000230       0xd8 ./emlib/em_core.o
 .debug_ranges  0x00000308       0xa0 ./emlib/em_dma.o
 .debug_ranges  0x000003a8       0x68 ./emlib/em_emu.o
 .debug_ranges  0x00000410       0x50 ./emlib/em_i2c.o
 .debug_ranges  0x00000460       0x40 ./emlib/em_rmu.o
 .debug_ranges  0x000004a0       0x48 ./emlib/em_rtc.o
 .debug_ranges  0x000004e8       0x20 ./emlib/em_timer.o
 .debug_ranges  0x00000508       0xb0 ./emlib/em_usart.o
 .debug_ranges  0x000005b8      0x320 ./Drivers/BMP280.o
 .debug_ranges  0x000008d8       0x28 ./Drivers/i2cspm.o
 .debug_ranges  0x00000900       0xb8 ./Drivers/rtcdriver.o
 .debug_ranges  0x000009b8       0x58 ./Drivers/si7013.o
 .debug_ranges  0x00000a10       0x60 ./Drivers/sleep.o
 .debug_ranges  0x00000a70       0x58 ./RF24/HardwareSPI.o
 .debug_ranges  0x00000ac8      0x4d8 ./RF24/RF24.o
 .debug_ranges  0x00000fa0       0xa0 ./RF24/ustimer.o
 .debug_ranges  0x00001040      0x120 ./RF24/utilities.o

.debug_macro    0x00000000    0x18dcd
 .debug_macro   0x00000000      0x3ef ./src/main.o
 .debug_macro   0x000003ef      0x89e ./src/main.o
 .debug_macro   0x00000c8d      0x281 ./src/main.o
 .debug_macro   0x00000f0e       0x22 ./src/main.o
 .debug_macro   0x00000f30       0x44 ./src/main.o
 .debug_macro   0x00000f74       0xe3 ./src/main.o
 .debug_macro   0x00001057       0x22 ./src/main.o
 .debug_macro   0x00001079      0x1df ./src/main.o
 .debug_macro   0x00001258       0x34 ./src/main.o
 .debug_macro   0x0000128c       0x34 ./src/main.o
 .debug_macro   0x000012c0      0xb80 ./src/main.o
 .debug_macro   0x00001e40      0x771 ./src/main.o
 .debug_macro   0x000025b1       0xfa ./src/main.o
 .debug_macro   0x000026ab      0x1af ./src/main.o
 .debug_macro   0x0000285a     0x2faf ./src/main.o
 .debug_macro   0x00005809      0x37d ./src/main.o
 .debug_macro   0x00005b86      0x6d4 ./src/main.o
 .debug_macro   0x0000625a     0x1bba ./src/main.o
 .debug_macro   0x00007e14      0xf46 ./src/main.o
 .debug_macro   0x00008d5a     0x1c60 ./src/main.o
 .debug_macro   0x0000a9ba      0x33a ./src/main.o
 .debug_macro   0x0000acf4      0xfa4 ./src/main.o
 .debug_macro   0x0000bc98      0x851 ./src/main.o
 .debug_macro   0x0000c4e9      0x820 ./src/main.o
 .debug_macro   0x0000cd09     0x1066 ./src/main.o
 .debug_macro   0x0000dd6f      0x1c5 ./src/main.o
 .debug_macro   0x0000df34      0x27c ./src/main.o
 .debug_macro   0x0000e1b0       0x40 ./src/main.o
 .debug_macro   0x0000e1f0      0x2d5 ./src/main.o
 .debug_macro   0x0000e4c5       0xbe ./src/main.o
 .debug_macro   0x0000e583      0x24d ./src/main.o
 .debug_macro   0x0000e7d0     0x38dd ./src/main.o
 .debug_macro   0x000120ad      0x17e ./src/main.o
 .debug_macro   0x0001222b      0x17e ./src/main.o
 .debug_macro   0x000123a9       0x28 ./src/main.o
 .debug_macro   0x000123d1       0x43 ./src/main.o
 .debug_macro   0x00012414       0xba ./src/main.o
 .debug_macro   0x000124ce       0x28 ./src/main.o
 .debug_macro   0x000124f6       0x45 ./src/main.o
 .debug_macro   0x0001253b       0x10 ./src/main.o
 .debug_macro   0x0001254b       0x7d ./src/main.o
 .debug_macro   0x000125c8       0x16 ./src/main.o
 .debug_macro   0x000125de       0x1c ./src/main.o
 .debug_macro   0x000125fa       0x64 ./src/main.o
 .debug_macro   0x0001265e       0x10 ./src/main.o
 .debug_macro   0x0001266e       0x28 ./src/main.o
 .debug_macro   0x00012696      0x166 ./src/main.o
 .debug_macro   0x000127fc       0x2d ./src/main.o
 .debug_macro   0x00012829      0x231 ./src/main.o
 .debug_macro   0x00012a5a       0x28 ./src/main.o
 .debug_macro   0x00012a82       0x58 ./src/main.o
 .debug_macro   0x00012ada       0x35 ./src/main.o
 .debug_macro   0x00012b0f       0x9c ./src/main.o
 .debug_macro   0x00012bab       0x16 ./src/main.o
 .debug_macro   0x00012bc1       0x35 ./src/main.o
 .debug_macro   0x00012bf6      0x2b2 ./src/main.o
 .debug_macro   0x00012ea8       0x10 ./src/main.o
 .debug_macro   0x00012eb8       0x52 ./src/main.o
 .debug_macro   0x00012f0a       0x16 ./src/main.o
 .debug_macro   0x00012f20       0x43 ./src/main.o
 .debug_macro   0x00012f63      0x180 ./src/main.o
 .debug_macro   0x000130e3       0x10 ./src/main.o
 .debug_macro   0x000130f3       0x22 ./src/main.o
 .debug_macro   0x00013115       0xbe ./src/main.o
 .debug_macro   0x000131d3       0x16 ./src/main.o
 .debug_macro   0x000131e9      0x197 ./src/main.o
 .debug_macro   0x00013380       0x16 ./src/main.o
 .debug_macro   0x00013396       0x70 ./src/main.o
 .debug_macro   0x00013406      0x607 ./src/main.o
 .debug_macro   0x00013a0d       0x52 ./src/main.o
 .debug_macro   0x00013a5f       0x10 ./src/main.o
 .debug_macro   0x00013a6f      0x1f3 ./emlib/em_gpio.o
 .debug_macro   0x00013c62      0x87a ./emlib/em_gpio.o
 .debug_macro   0x000144dc      0xb80 ./emlib/em_gpio.o
 .debug_macro   0x0001505c       0x22 ./emlib/em_gpio.o
 .debug_macro   0x0001507e      0x1d4 ./CMSIS/EFM32TG/system_efm32tg.o
 .debug_macro   0x00015252       0x3a ./CMSIS/EFM32TG/system_efm32tg.o
 .debug_macro   0x0001528c      0x25c ./emlib/em_cmu.o
 .debug_macro   0x000154e8      0x22b ./emlib/em_cmu.o
 .debug_macro   0x00015713       0x25 ./emlib/em_cmu.o
 .debug_macro   0x00015738       0xee ./emlib/em_cmu.o
 .debug_macro   0x00015826       0x11 ./emlib/em_cmu.o
 .debug_macro   0x00015837       0x49 ./emlib/em_cmu.o
 .debug_macro   0x00015880      0x208 ./emlib/em_core.o
 .debug_macro   0x00015a88      0x2da ./emlib/em_dma.o
 .debug_macro   0x00015d62       0x9c ./emlib/em_dma.o
 .debug_macro   0x00015dfe       0x97 ./emlib/em_dma.o
 .debug_macro   0x00015e95      0x29d ./emlib/em_dma.o
 .debug_macro   0x00016132       0xef ./emlib/em_dma.o
 .debug_macro   0x00016221       0x43 ./emlib/em_dma.o